// Vitest Snapshot v1, https://vitest.dev/guide/snapshot.html

exports[`atomic: border v1 > should output all v1 atomic css classes for colors 1`] = `
".bc-white-legacy-1 {
    border-color: var(--black-legacy-500) !important;
}

.bc-white-legacy-2 {
    border-color: var(--black-legacy-300) !important;
}

.bc-white-legacy-3,
.bc-white-legacy {
    border-color: var(--white-legacy) !important;
}

body.theme-highcontrast  .bc-white-legacy-1 {
    border-color: var(--black-legacy-025) !important;
}

body.theme-highcontrast  .bc-white-legacy-2 {
    border-color: var(--black-legacy-050) !important;
}

body.theme-highcontrast  .bc-white-legacy-1 {
    border-color: var(--black-legacy-025) !important;
}

body.theme-highcontrast  .bc-white-legacy-2 {
    border-color: var(--black-legacy-050) !important;
}

.bc-black-legacy-025 {
    border-color: var(--black-legacy-025) !important;
}

.bc-black-legacy-1,
.bc-black-legacy-050 {
    border-color: var(--black-legacy-050) !important;
}

.bc-black-legacy-2,
.bc-black-legacy-075 {
    border-color: var(--black-legacy-075) !important;
}

.bc-black-legacy-3,
.bc-black-legacy-100 {
    border-color: var(--black-legacy-100) !important;
}

.bc-black-legacy-150 {
    border-color: var(--black-legacy-150) !important;
}

.bc-black-legacy-4,
.bc-black-legacy-200 {
    border-color: var(--black-legacy-200) !important;
}

.bc-black-legacy-5,
.bc-black-legacy-300 {
    border-color: var(--black-legacy-300) !important;
}

.bc-black-legacy-350 {
    border-color: var(--black-legacy-350) !important;
}

.bc-black-legacy-6,
.bc-black-legacy-400 {
    border-color: var(--black-legacy-400) !important;
}

.bc-black-legacy-7,
.bc-black-legacy-500 {
    border-color: var(--black-legacy-500) !important;
}

.bc-black-legacy-600 {
    border-color: var(--black-legacy-600) !important;
}

.bc-black-legacy-8,
.bc-black-legacy-700 {
    border-color: var(--black-legacy-700) !important;
}

.bc-black-legacy-750 {
    border-color: var(--black-legacy-750) !important;
}

.bc-black-legacy-9,
.bc-black-legacy-800 {
    border-color: var(--black-legacy-800) !important;
}

.bc-black-legacy-10,
.bc-black-legacy-900 {
    border-color: var(--black-legacy-900) !important;
}

body.theme-highcontrast  .bc-black-legacy-1,
body.theme-highcontrast  .bc-black-legacy-2,
body.theme-highcontrast  .bc-black-legacy-3,
body.theme-highcontrast  .bc-black-legacy-4,
body.theme-highcontrast  .bc-black-legacy-025,
body.theme-highcontrast  .bc-black-legacy-050,
body.theme-highcontrast  .bc-black-legacy-075,
body.theme-highcontrast  .bc-black-legacy-100,
body.theme-highcontrast  .bc-black-legacy-150,
body.theme-highcontrast  .bc-black-legacy-200 {
    border-color: var(--black-legacy-300) !important;
}

body.theme-highcontrast  .bc-black-legacy-1,
body.theme-highcontrast  .bc-black-legacy-2,
body.theme-highcontrast  .bc-black-legacy-3,
body.theme-highcontrast  .bc-black-legacy-4,
body.theme-highcontrast  .bc-black-legacy-025,
body.theme-highcontrast  .bc-black-legacy-050,
body.theme-highcontrast  .bc-black-legacy-075,
body.theme-highcontrast  .bc-black-legacy-100,
body.theme-highcontrast  .bc-black-legacy-150,
body.theme-highcontrast  .bc-black-legacy-200 {
    border-color: var(--black-legacy-300) !important;
}

.bc-orange-legacy-050 {
    border-color: var(--orange-legacy-050) !important;
}

.bc-orange-legacy-1,
.bc-orange-legacy-100 {
    border-color: var(--orange-legacy-100) !important;
}

.bc-orange-legacy-200 {
    border-color: var(--orange-legacy-200) !important;
}

.bc-orange-legacy-300 {
    border-color: var(--orange-legacy-300) !important;
}

.bc-orange-legacy-2,
.bc-orange-legacy-400 {
    border-color: var(--orange-legacy-400) !important;
}

.bc-orange-legacy-500 {
    border-color: var(--orange-legacy-500) !important;
}

.bc-orange-legacy-3,
.bc-orange-legacy-600 {
    border-color: var(--orange-legacy-600) !important;
}

.bc-orange-legacy-700 {
    border-color: var(--orange-legacy-700) !important;
}

.bc-orange-legacy-800 {
    border-color: var(--orange-legacy-800) !important;
}

.bc-orange-legacy-900 {
    border-color: var(--orange-legacy-900) !important;
}

.bc-blue-legacy-050 {
    border-color: var(--blue-legacy-050) !important;
}

.bc-blue-legacy-1,
.bc-blue-legacy-100 {
    border-color: var(--blue-legacy-100) !important;
}

.bc-blue-legacy-200 {
    border-color: var(--blue-legacy-200) !important;
}

.bc-blue-legacy-300 {
    border-color: var(--blue-legacy-300) !important;
}

.bc-blue-legacy-2,
.bc-blue-legacy-400 {
    border-color: var(--blue-legacy-400) !important;
}

.bc-blue-legacy-500 {
    border-color: var(--blue-legacy-500) !important;
}

.bc-blue-legacy-3,
.bc-blue-legacy-600 {
    border-color: var(--blue-legacy-600) !important;
}

.bc-blue-legacy-700 {
    border-color: var(--blue-legacy-700) !important;
}

.bc-blue-legacy-800 {
    border-color: var(--blue-legacy-800) !important;
}

.bc-blue-legacy-900 {
    border-color: var(--blue-legacy-900) !important;
}

.bc-powder-legacy-050 {
    border-color: var(--powder-legacy-050) !important;
}

.bc-powder-legacy-1,
.bc-powder-legacy-100 {
    border-color: var(--powder-legacy-100) !important;
}

.bc-powder-legacy-200 {
    border-color: var(--powder-legacy-200) !important;
}

.bc-powder-legacy-300 {
    border-color: var(--powder-legacy-300) !important;
}

.bc-powder-legacy-2,
.bc-powder-legacy-400 {
    border-color: var(--powder-legacy-400) !important;
}

.bc-powder-legacy-500 {
    border-color: var(--powder-legacy-500) !important;
}

.bc-powder-legacy-3,
.bc-powder-legacy-600 {
    border-color: var(--powder-legacy-600) !important;
}

.bc-powder-legacy-700 {
    border-color: var(--powder-legacy-700) !important;
}

.bc-powder-legacy-800 {
    border-color: var(--powder-legacy-800) !important;
}

.bc-powder-legacy-900 {
    border-color: var(--powder-legacy-900) !important;
}

.bc-green-legacy-025 {
    border-color: var(--green-legacy-025) !important;
}

.bc-green-legacy-050 {
    border-color: var(--green-legacy-050) !important;
}

.bc-green-legacy-1,
.bc-green-legacy-100 {
    border-color: var(--green-legacy-100) !important;
}

.bc-green-legacy-200 {
    border-color: var(--green-legacy-200) !important;
}

.bc-green-legacy-300 {
    border-color: var(--green-legacy-300) !important;
}

.bc-green-legacy-2,
.bc-green-legacy-400 {
    border-color: var(--green-legacy-400) !important;
}

.bc-green-legacy-500 {
    border-color: var(--green-legacy-500) !important;
}

.bc-green-legacy-3,
.bc-success-legacy,
.bc-green-legacy-600 {
    border-color: var(--green-legacy-600) !important;
}

.bc-green-legacy-700 {
    border-color: var(--green-legacy-700) !important;
}

.bc-green-legacy-800 {
    border-color: var(--green-legacy-800) !important;
}

.bc-green-legacy-900 {
    border-color: var(--green-legacy-900) !important;
}

.bc-red-legacy-025 {
    border-color: var(--red-legacy-025) !important;
}

.bc-red-legacy-050 {
    border-color: var(--red-legacy-050) !important;
}

.bc-red-legacy-1,
.bc-red-legacy-100 {
    border-color: var(--red-legacy-100) !important;
}

.bc-red-legacy-200 {
    border-color: var(--red-legacy-200) !important;
}

.bc-red-legacy-300 {
    border-color: var(--red-legacy-300) !important;
}

.bc-red-legacy-2,
.bc-error-legacy,
.bc-red-legacy-400 {
    border-color: var(--red-legacy-400) !important;
}

.bc-red-legacy-500 {
    border-color: var(--red-legacy-500) !important;
}

.bc-red-legacy-3,
.bc-red-legacy-600 {
    border-color: var(--red-legacy-600) !important;
}

.bc-red-legacy-700 {
    border-color: var(--red-legacy-700) !important;
}

.bc-red-legacy-800 {
    border-color: var(--red-legacy-800) !important;
}

.bc-red-legacy-900 {
    border-color: var(--red-legacy-900) !important;
}

.bc-yellow-legacy-050 {
    border-color: var(--yellow-legacy-050) !important;
}

.bc-yellow-legacy-100 {
    border-color: var(--yellow-legacy-100) !important;
}

.bc-yellow-legacy-1,
.bc-yellow-legacy-200 {
    border-color: var(--yellow-legacy-200) !important;
}

.bc-yellow-legacy-300 {
    border-color: var(--yellow-legacy-300) !important;
}

.bc-yellow-legacy-2,
.bc-yellow-legacy-400 {
    border-color: var(--yellow-legacy-400) !important;
}

.bc-yellow-legacy-500 {
    border-color: var(--yellow-legacy-500) !important;
}

.bc-yellow-legacy-3,
.bc-warning-legacy,
.bc-yellow-legacy-600 {
    border-color: var(--yellow-legacy-600) !important;
}

.bc-yellow-legacy-700 {
    border-color: var(--yellow-legacy-700) !important;
}

.bc-yellow-legacy-800 {
    border-color: var(--yellow-legacy-800) !important;
}

.bc-yellow-legacy-900 {
    border-color: var(--yellow-legacy-900) !important;
}

.bc-gold-legacy-lighter {
    border-color: var(--gold-legacy-lighter) !important;
}

.bc-gold-legacy {
    border-color: var(--gold-legacy) !important;
}

.bc-gold-legacy-darker {
    border-color: var(--gold-legacy-darker) !important;
}

.bc-silver-legacy-lighter {
    border-color: var(--silver-legacy-lighter) !important;
}

.bc-silver-legacy {
    border-color: var(--silver-legacy) !important;
}

.bc-silver-legacy-darker {
    border-color: var(--silver-legacy-darker) !important;
}

.bc-bronze-legacy-lighter {
    border-color: var(--bronze-legacy-lighter) !important;
}

.bc-bronze-legacy {
    border-color: var(--bronze-legacy) !important;
}

.bc-bronze-legacy-darker {
    border-color: var(--bronze-legacy-darker) !important;
}

.bc-theme-primary-legacy-025 {
    border-color: var(--theme-primary-legacy-025) !important;
}

.bc-theme-primary-legacy-050 {
    border-color: var(--theme-primary-legacy-050) !important;
}

.bc-theme-primary-legacy-075 {
    border-color: var(--theme-primary-legacy-075) !important;
}

.bc-theme-primary-legacy-100 {
    border-color: var(--theme-primary-legacy-100) !important;
}

.bc-theme-primary-legacy-150 {
    border-color: var(--theme-primary-legacy-150) !important;
}

.bc-theme-primary-legacy-200 {
    border-color: var(--theme-primary-legacy-200) !important;
}

.bc-theme-primary-legacy-300 {
    border-color: var(--theme-primary-legacy-300) !important;
}

.bc-theme-primary-legacy-350 {
    border-color: var(--theme-primary-legacy-350) !important;
}

.bc-theme-primary-legacy-400 {
    border-color: var(--theme-primary-legacy-400) !important;
}

.bc-theme-primary-legacy-500 {
    border-color: var(--theme-primary-legacy-500) !important;
}

.bc-theme-primary-legacy-600 {
    border-color: var(--theme-primary-legacy-600) !important;
}

.bc-theme-primary-legacy-700 {
    border-color: var(--theme-primary-legacy-700) !important;
}

.bc-theme-primary-legacy-800 {
    border-color: var(--theme-primary-legacy-800) !important;
}

.bc-theme-primary-legacy-900 {
    border-color: var(--theme-primary-legacy-900) !important;
}

.bc-theme-secondary-legacy-025 {
    border-color: var(--theme-secondary-legacy-025) !important;
}

.bc-theme-secondary-legacy-050 {
    border-color: var(--theme-secondary-legacy-050) !important;
}

.bc-theme-secondary-legacy-075 {
    border-color: var(--theme-secondary-legacy-075) !important;
}

.bc-theme-secondary-legacy-100 {
    border-color: var(--theme-secondary-legacy-100) !important;
}

.bc-theme-secondary-legacy-150 {
    border-color: var(--theme-secondary-legacy-150) !important;
}

.bc-theme-secondary-legacy-200 {
    border-color: var(--theme-secondary-legacy-200) !important;
}

.bc-theme-secondary-legacy-300 {
    border-color: var(--theme-secondary-legacy-300) !important;
}

.bc-theme-secondary-legacy-350 {
    border-color: var(--theme-secondary-legacy-350) !important;
}

.bc-theme-secondary-legacy-400 {
    border-color: var(--theme-secondary-legacy-400) !important;
}

.bc-theme-secondary-legacy-500 {
    border-color: var(--theme-secondary-legacy-500) !important;
}

.bc-theme-secondary-legacy-600 {
    border-color: var(--theme-secondary-legacy-600) !important;
}

.bc-theme-secondary-legacy-700 {
    border-color: var(--theme-secondary-legacy-700) !important;
}

.bc-theme-secondary-legacy-800 {
    border-color: var(--theme-secondary-legacy-800) !important;
}

.bc-theme-secondary-legacy-900 {
    border-color: var(--theme-secondary-legacy-900) !important;
}
"
`;
