// Vitest Snapshot v1, https://vitest.dev/guide/snapshot.html

exports[`atomic: border v1 > should output all v1 atomic css classes for colors 1`] = `
".fc-dark-legacy {
    color: var(--fc-dark-legacy) !important;
}

.fc-medium-legacy {
    color: var(--fc-medium-legacy) !important;
}

.fc-light-legacy {
    color: var(--fc-light-legacy) !important;
}
"
`;
