// Vitest Snapshot v1, https://vitest.dev/guide/snapshot.html

exports[`color-mixins > colors > create-color-classes 1`] = `
"/* .create-color-classes(red-500, var(--red-500)) */
body .bg-red-500,
body .h\\\\:bg-red-500:hover,
body .f\\\\:bg-red-500:focus,
body .f\\\\:bg-red-500:focus-within {
    background-color: var(--red-500);
}

body .fc-red-500,
body .h\\\\:fc-red-500:hover,
body .f\\\\:fc-red-500:focus,
body .f\\\\:fc-red-500:focus-within {
    color: var(--red-500);
}

@media (prefers-color-scheme: dark) {
    body.theme-system body .d\\\\:bg-red-500 {
        background-color: var(--red-500);
    }

    body.theme-system body .d\\\\:fc-red-500 {
        color: var(--red-500);
    }
}

body.theme-dark body .d\\\\:bg-red-500,
.theme-dark__forced body .d\\\\:bg-red-500,
body.theme-system .theme-dark__forced body .d\\\\:bg-red-500 {
    background-color: var(--red-500);
}

body.theme-dark body .d\\\\:fc-red-500,
.theme-dark__forced body .d\\\\:fc-red-500,
body.theme-system .theme-dark__forced body .d\\\\:fc-red-500 {
    color: var(--red-500);
}
"
`;

exports[`color-mixins > colors > create-colors 1`] = `
"/*
                .set-test-emerald() {
                    default: hsl(150, 60%, 55%);
                }
                .set-test-ruby() {
                    100: hsl(350, 70%, 97%);
                    600: hsl(350, 70%, 29%);
                }
                .sets-test() {
                    emerald: .set-test-emerald();
                    ruby: .set-test-ruby();
                }
                */
/* .create-colors(.sets-test(), variables) */
body {
    --emerald-new: hsl(150, 60%, 55%);
    --ruby-new-100: hsl(350, 70%, 97%);
    --ruby-new-600: hsl(350, 70%, 29%);
}
/* .create-colors(.sets-test(), classes) */
body .bg-emerald-new,
body .h\\\\:bg-emerald-new:hover,
body .f\\\\:bg-emerald-new:focus,
body .f\\\\:bg-emerald-new:focus-within {
    background-color: var(--emerald-new) !important;
}

body .fc-emerald-new,
body .h\\\\:fc-emerald-new:hover,
body .f\\\\:fc-emerald-new:focus,
body .f\\\\:fc-emerald-new:focus-within {
    color: var(--emerald-new) !important;
}

@media (prefers-color-scheme: dark) {
    body.theme-system body .d\\\\:bg-emerald-new {
        background-color: var(--emerald-new) !important;
    }

    body.theme-system body .d\\\\:fc-emerald-new {
        color: var(--emerald-new) !important;
    }
}

body.theme-dark body .d\\\\:bg-emerald-new,
.theme-dark__forced body .d\\\\:bg-emerald-new,
body.theme-system .theme-dark__forced body .d\\\\:bg-emerald-new {
    background-color: var(--emerald-new) !important;
}

body.theme-dark body .d\\\\:fc-emerald-new,
.theme-dark__forced body .d\\\\:fc-emerald-new,
body.theme-system .theme-dark__forced body .d\\\\:fc-emerald-new {
    color: var(--emerald-new) !important;
}

body .bg-ruby-new-100,
body .h\\\\:bg-ruby-new-100:hover,
body .f\\\\:bg-ruby-new-100:focus,
body .f\\\\:bg-ruby-new-100:focus-within {
    background-color: var(--ruby-new-100) !important;
}

body .fc-ruby-new-100,
body .h\\\\:fc-ruby-new-100:hover,
body .f\\\\:fc-ruby-new-100:focus,
body .f\\\\:fc-ruby-new-100:focus-within {
    color: var(--ruby-new-100) !important;
}

@media (prefers-color-scheme: dark) {
    body.theme-system body .d\\\\:bg-ruby-new-100 {
        background-color: var(--ruby-new-100) !important;
    }

    body.theme-system body .d\\\\:fc-ruby-new-100 {
        color: var(--ruby-new-100) !important;
    }
}

body.theme-dark body .d\\\\:bg-ruby-new-100,
.theme-dark__forced body .d\\\\:bg-ruby-new-100,
body.theme-system .theme-dark__forced body .d\\\\:bg-ruby-new-100 {
    background-color: var(--ruby-new-100) !important;
}

body.theme-dark body .d\\\\:fc-ruby-new-100,
.theme-dark__forced body .d\\\\:fc-ruby-new-100,
body.theme-system .theme-dark__forced body .d\\\\:fc-ruby-new-100 {
    color: var(--ruby-new-100) !important;
}

body .bg-ruby-new-600,
body .h\\\\:bg-ruby-new-600:hover,
body .f\\\\:bg-ruby-new-600:focus,
body .f\\\\:bg-ruby-new-600:focus-within {
    background-color: var(--ruby-new-600) !important;
}

body .fc-ruby-new-600,
body .h\\\\:fc-ruby-new-600:hover,
body .f\\\\:fc-ruby-new-600:focus,
body .f\\\\:fc-ruby-new-600:focus-within {
    color: var(--ruby-new-600) !important;
}

@media (prefers-color-scheme: dark) {
    body.theme-system body .d\\\\:bg-ruby-new-600 {
        background-color: var(--ruby-new-600) !important;
    }

    body.theme-system body .d\\\\:fc-ruby-new-600 {
        color: var(--ruby-new-600) !important;
    }
}

body.theme-dark body .d\\\\:bg-ruby-new-600,
.theme-dark__forced body .d\\\\:bg-ruby-new-600,
body.theme-system .theme-dark__forced body .d\\\\:bg-ruby-new-600 {
    background-color: var(--ruby-new-600) !important;
}

body.theme-dark body .d\\\\:fc-ruby-new-600,
.theme-dark__forced body .d\\\\:fc-ruby-new-600,
body.theme-system .theme-dark__forced body .d\\\\:fc-ruby-new-600 {
    color: var(--ruby-new-600) !important;
}
"
`;

exports[`color-mixins > colors > generate-colors > default 1`] = `
"/* .generate-colors(default) */
"
`;

exports[`color-mixins > colors > generate-colors > light 1`] = `
"/* .generate-colors(light) */
body,
body .themed {
    --white-new: hsl(0, 0%, 100%);
    --black-new-050: hsl(0, 0%, 100%);
    --black-new-100: hsl(210, 8%, 98%);
    --black-new-150: hsl(210, 8%, 95%);
    --black-new-200: hsl(210, 8%, 90%);
    --black-new-225: hsl(210, 8%, 85%);
    --black-new-250: hsl(210, 8%, 80%);
    --black-new-300: hsl(213, 9%, 75%);
    --black-new-350: hsl(212, 8%, 68%);
    --black-new-400: hsl(210, 8%, 45%);
    --black-new-500: hsl(210, 8%, 25%);
    --black-new-600: hsl(210, 8%, 5%);
    --black-new: hsl(0, 0%, 0%);
    --orange-new-100: hsl(23, 85%, 97%);
    --orange-new-200: hsl(27, 85%, 87%);
    --orange-new-300: hsl(27, 85%, 72%);
    --orange-new-400: hsl(27, 90%, 55%);
    --orange-new-500: hsl(27, 88%, 43%);
    --orange-new-600: hsl(27, 80%, 29%);
    --blue-new-100: hsl(210, 80%, 96%);
    --blue-new-200: hsl(210, 80%, 91%);
    --blue-new-300: hsl(210, 78%, 76%);
    --blue-new-400: hsl(210, 70%, 48%);
    --blue-new-500: hsl(210, 75%, 36%);
    --blue-new-600: hsl(210, 80%, 23%);
    --green-new-100: hsl(148, 35%, 95%);
    --green-new-200: hsl(148, 35%, 88%);
    --green-new-300: hsl(148, 35%, 69%);
    --green-new-400: hsl(148, 70%, 31%);
    --green-new-500: hsl(148, 75%, 22%);
    --green-new-600: hsl(148, 75%, 15%);
    --red-new-100: hsl(0, 78%, 96%);
    --red-new-200: hsl(0, 70%, 93%);
    --red-new-300: hsl(0, 65%, 76%);
    --red-new-400: hsl(0, 60%, 49%);
    --red-new-500: hsl(0, 65%, 37%);
    --red-new-600: hsl(0, 65%, 24%);
    --yellow-new-100: hsl(43, 80%, 96%);
    --yellow-new-200: hsl(43, 80%, 88%);
    --yellow-new-300: hsl(43, 85%, 72%);
    --yellow-new-400: hsl(43, 85%, 50%);
    --yellow-new-500: hsl(43, 85%, 33%);
    --yellow-new-600: hsl(43, 84%, 18%);
    --gold-new-100: hsl(46, 100%, 91%);
    --gold-new-200: hsl(46, 100%, 74%);
    --gold-new-300: hsl(45, 100%, 42%);
    --gold-new-400: hsl(46, 92%, 26%);
    --silver-new-100: hsl(0, 0%, 95%);
    --silver-new-200: hsl(0, 0%, 84%);
    --silver-new-300: hsl(210, 5%, 68%);
    --silver-new-400: hsl(210, 2%, 40%);
    --bronze-new-100: hsl(28, 40%, 92%);
    --bronze-new-200: hsl(30, 47%, 83%);
    --bronze-new-300: hsl(28, 43%, 65%);
    --bronze-new-400: hsl(28, 43%, 39%);
    --bc-new-lightest: var(--black-025);
    --bc-new-lighter: var(--black-050);
    --bc-new-light: var(--black-075);
    --bc-new-medium: var(--black-100);
    --bc-new-dark: var(--black-150);
    --bc-new-darker: var(--black-200);
    --bs-new-sm: 0 1px 2px hsla(0, 0%, 0%, 0.05), 0 1px 4px hsla(0, 0%, 0%, 0.05), 0 2px 8px hsla(0, 0%, 0%, 0.05);
    --bs-new-md: 0 1px 3px hsla(0, 0%, 0%, 0.06), 0 2px 6px hsla(0, 0%, 0%, 0.06), 0 3px 8px hsla(0, 0%, 0%, 0.09);
    --bs-new-lg: 0 1px 4px hsla(0, 0%, 0%, 0.09), 0 3px 8px hsla(0, 0%, 0%, 0.09), 0 4px 13px hsla(0, 0%, 0%, 0.13);
    --bs-new-xl: 0 10px 24px hsla(0, 0%, 0%, 0.05), 0 20px 48px hsla(0, 0%, 0%, 0.05), 0 1px 4px hsla(0, 0%, 0%, 0.1);
    --focus-new: hsla(206, 100%, 40%, 0.9);
    --focus-new-success: hsla(140, 40%, 75%, 0.4);
    --focus-new-warning: hsla(47, 79%, 58%, 0.4);
    --focus-new-error: hsla(358, 62%, 47%, 0.15);
    --focus-new-muted: hsla(210, 8%, 15%, 0.1);
    --highlight-new-addition: var(--green-700);
    --highlight-new-attribute: hsl(206, 98.5%, 29%);
    --highlight-new-bg: hsl(0, 0%, 96.5%);
    --highlight-new-color: var(--black-750);
    --highlight-new-comment: hsl(210, 8%, 43.5%);
    --highlight-new-deletion: var(--red-600);
    --highlight-new-keyword: hsl(206, 98.5%, 29%);
    --highlight-new-literal: hsl(27, 99%, 36%);
    --highlight-new-namespace: hsl(27, 99%, 36%);
    --highlight-new-punctuation: var(--black-600);
    --highlight-new-symbol: hsl(306, 43%, 35%);
    --highlight-new-variable: hsl(80, 80.5%, 26.5%);
    --scrollbar-new: hsla(0, 0%, 0%, 0.2);
    --theme-primary-color-new: hsl(var(--theme-primary-color-new-h), var(--theme-primary-color-new-s), var(--theme-primary-color-new-l));
    --theme-primary-color-new-900: hsl(var(--theme-primary-color-new-h), var(--theme-primary-color-new-s), calc(var(--theme-primary-color-new-l) - 26%));
    --theme-primary-color-new-800: hsl(var(--theme-primary-color-new-h), var(--theme-primary-color-new-s), calc(var(--theme-primary-color-new-l) - 21%));
    --theme-primary-color-new-700: hsl(var(--theme-primary-color-new-h), var(--theme-primary-color-new-s), calc(var(--theme-primary-color-new-l) - 16%));
    --theme-primary-color-new-600: hsl(var(--theme-primary-color-new-h), var(--theme-primary-color-new-s), calc(var(--theme-primary-color-new-l) - 10%));
    --theme-primary-color-new-500: hsl(var(--theme-primary-color-new-h), var(--theme-primary-color-new-s), calc(var(--theme-primary-color-new-l) - 5%));
    --theme-primary-color-new-400: var(--theme-primary-color-new);
    --theme-primary-color-new-350: rgb(calc(51 + var(--theme-primary-color-new-r) * 0.8), calc(51 + var(--theme-primary-color-new-g) * 0.8), calc(51 + var(--theme-primary-color-new-b) * 0.8));
    --theme-primary-color-new-300: rgb(calc(89.25 + var(--theme-primary-color-new-r) * 0.65), calc(89.25 + var(--theme-primary-color-new-g) * 0.65), calc(89.25 + var(--theme-primary-color-new-b) * 0.65));
    --theme-primary-color-new-200: rgb(calc(122.4 + var(--theme-primary-color-new-r) * 0.52), calc(122.4 + var(--theme-primary-color-new-g) * 0.52), calc(122.4 + var(--theme-primary-color-new-b) * 0.52));
    --theme-primary-color-new-150: rgb(calc(165.75 + var(--theme-primary-color-new-r) * 0.35), calc(165.75 + var(--theme-primary-color-new-g) * 0.35), calc(165.75 + var(--theme-primary-color-new-b) * 0.35));
    --theme-primary-color-new-100: rgb(calc(198.9 + var(--theme-primary-color-new-r) * 0.22), calc(198.9 + var(--theme-primary-color-new-g) * 0.22), calc(198.9 + var(--theme-primary-color-new-b) * 0.22));
    --theme-primary-color-new-075: rgb(calc(216.75 + var(--theme-primary-color-new-r) * 0.15), calc(216.75 + var(--theme-primary-color-new-g) * 0.15), calc(216.75 + var(--theme-primary-color-new-b) * 0.15));
    --theme-primary-color-new-050: rgb(calc(234.6 + var(--theme-primary-color-new-r) * 0.08), calc(234.6 + var(--theme-primary-color-new-g) * 0.08), calc(234.6 + var(--theme-primary-color-new-b) * 0.08));
    --theme-primary-color-new-025: rgb(calc(244.8 + var(--theme-primary-color-new-r) * 0.04), calc(244.8 + var(--theme-primary-color-new-g) * 0.04), calc(244.8 + var(--theme-primary-color-new-b) * 0.04));
    --theme-secondary-color-new: hsl(var(--theme-secondary-color-new-h), var(--theme-secondary-color-new-s), var(--theme-secondary-color-new-l));
    --focus-ring-new: hsla(var(--theme-secondary-color-new-h), var(--theme-secondary-color-new-s), var(--theme-secondary-color-new-l), 0.15);
    --theme-secondary-color-new-900: hsl(var(--theme-secondary-color-new-h), var(--theme-secondary-color-new-s), calc(var(--theme-secondary-color-new-l) - 26%));
    --theme-secondary-color-new-800: hsl(var(--theme-secondary-color-new-h), var(--theme-secondary-color-new-s), calc(var(--theme-secondary-color-new-l) - 21%));
    --theme-secondary-color-new-700: hsl(var(--theme-secondary-color-new-h), var(--theme-secondary-color-new-s), calc(var(--theme-secondary-color-new-l) - 16%));
    --theme-secondary-color-new-600: hsl(var(--theme-secondary-color-new-h), var(--theme-secondary-color-new-s), calc(var(--theme-secondary-color-new-l) - 10%));
    --theme-secondary-color-new-500: hsl(var(--theme-secondary-color-new-h), var(--theme-secondary-color-new-s), calc(var(--theme-secondary-color-new-l) - 5%));
    --theme-secondary-color-new-400: var(--theme-secondary-color-new);
    --theme-secondary-color-new-350: rgb(calc(51 + var(--theme-secondary-color-new-r) * 0.8), calc(51 + var(--theme-secondary-color-new-g) * 0.8), calc(51 + var(--theme-secondary-color-new-b) * 0.8));
    --theme-secondary-color-new-300: rgb(calc(89.25 + var(--theme-secondary-color-new-r) * 0.65), calc(89.25 + var(--theme-secondary-color-new-g) * 0.65), calc(89.25 + var(--theme-secondary-color-new-b) * 0.65));
    --theme-secondary-color-new-200: rgb(calc(122.4 + var(--theme-secondary-color-new-r) * 0.52), calc(122.4 + var(--theme-secondary-color-new-g) * 0.52), calc(122.4 + var(--theme-secondary-color-new-b) * 0.52));
    --theme-secondary-color-new-150: rgb(calc(165.75 + var(--theme-secondary-color-new-r) * 0.35), calc(165.75 + var(--theme-secondary-color-new-g) * 0.35), calc(165.75 + var(--theme-secondary-color-new-b) * 0.35));
    --theme-secondary-color-new-100: rgb(calc(198.9 + var(--theme-secondary-color-new-r) * 0.22), calc(198.9 + var(--theme-secondary-color-new-g) * 0.22), calc(198.9 + var(--theme-secondary-color-new-b) * 0.22));
    --theme-secondary-color-new-075: rgb(calc(216.75 + var(--theme-secondary-color-new-r) * 0.15), calc(216.75 + var(--theme-secondary-color-new-g) * 0.15), calc(216.75 + var(--theme-secondary-color-new-b) * 0.15));
    --theme-secondary-color-new-050: rgb(calc(234.6 + var(--theme-secondary-color-new-r) * 0.08), calc(234.6 + var(--theme-secondary-color-new-g) * 0.08), calc(234.6 + var(--theme-secondary-color-new-b) * 0.08));
    --theme-secondary-color-new-025: rgb(calc(244.8 + var(--theme-secondary-color-new-r) * 0.04), calc(244.8 + var(--theme-secondary-color-new-g) * 0.04), calc(244.8 + var(--theme-secondary-color-new-b) * 0.04));
    --theme-primary-color-new-h: var(--theme-light-primary-color-new-h, var(--theme-base-primary-color-new-h));
    --theme-primary-color-new-s: var(--theme-light-primary-color-new-s, var(--theme-base-primary-color-new-s));
    --theme-primary-color-new-l: var(--theme-light-primary-color-new-l, var(--theme-base-primary-color-new-l));
    --theme-primary-color-new-r: var(--theme-light-primary-color-new-r, var(--theme-base-primary-color-new-r));
    --theme-primary-color-new-g: var(--theme-light-primary-color-new-g, var(--theme-base-primary-color-new-g));
    --theme-primary-color-new-b: var(--theme-light-primary-color-new-b, var(--theme-base-primary-color-new-b));
    --theme-secondary-color-new-h: var(--theme-light-secondary-color-new-h, var(--theme-base-secondary-color-new-h));
    --theme-secondary-color-new-s: var(--theme-light-secondary-color-new-s, var(--theme-base-secondary-color-new-s));
    --theme-secondary-color-new-l: var(--theme-light-secondary-color-new-l, var(--theme-base-secondary-color-new-l));
    --theme-secondary-color-new-r: var(--theme-light-secondary-color-new-r, var(--theme-base-secondary-color-new-r));
    --theme-secondary-color-new-g: var(--theme-light-secondary-color-new-g, var(--theme-base-secondary-color-new-g));
    --theme-secondary-color-new-b: var(--theme-light-secondary-color-new-b, var(--theme-base-secondary-color-new-b));
    --theme-body-font-color: var(--black-800);
    --theme-background-color: var(--white);
    --theme-link-color: var(--theme-secondary-400);
    --theme-link-color-hover: var(--theme-secondary-350);
    --theme-link-color-visited: var(--theme-secondary-700);
    --theme-button-color: var(--theme-secondary-400);
    --theme-button-background-color: transparent;
    --theme-button-hover-color: var(--theme-secondary-500);
    --theme-button-hover-background-color: var(--theme-secondary-050);
    --theme-button-active-background-color: var(--theme-secondary-100);
    --theme-button-selected-color: var(--theme-secondary-900);
    --theme-button-selected-background-color: var(--theme-secondary-150);
    --theme-button-primary-color: var(--white);
    --theme-button-primary-background-color: var(--theme-secondary-400);
    --theme-button-primary-hover-color: var(--white);
    --theme-button-primary-hover-background-color: var(--theme-secondary-500);
    --theme-button-primary-active-background-color: var(--theme-secondary-700);
    --theme-button-primary-selected-color: var(--white);
    --theme-button-primary-selected-background-color: var(--theme-secondary-700);
    --theme-button-primary-number-color: var(--theme-secondary-900);
    --theme-button-filled-color: var(--theme-secondary-700);
    --theme-button-filled-background-color: var(--theme-secondary-050);
    --theme-button-filled-border-color: var(--theme-secondary-350);
    --theme-button-filled-hover-color: var(--theme-secondary-800);
    --theme-button-filled-hover-background-color: var(--theme-secondary-100);
    --theme-button-filled-active-background-color: var(--theme-secondary-150);
    --theme-button-filled-active-border-color: var(--theme-secondary-350);
    --theme-button-filled-selected-color: var(--theme-secondary-900);
    --theme-button-filled-selected-background-color: var(--theme-secondary-300);
    --theme-button-filled-selected-border-color: var(--theme-secondary-500);
    --theme-button-outlined-border-color: var(--theme-secondary-300);
    --theme-button-outlined-selected-border-color: var(--theme-secondary-400);
    --theme-tag-color: var(--theme-secondary-800);
    --theme-tag-background-color: var(--theme-secondary-075);
    --theme-tag-border-color: transparent;
    --theme-tag-hover-color: var(--theme-secondary-900);
    --theme-tag-hover-background-color: var(--theme-secondary-100);
    --theme-tag-hover-border-color: transparent;
    --theme-topbar-height: calc(var(--su-static48) + var(--su-static8));
    --theme-topbar-background-color: var(--white);
    --theme-topbar-search-color: var(--black-700);
    --theme-topbar-search-background: var(--white);
    --theme-topbar-search-placeholder: var(--black-400);
    --theme-topbar-search-border: var(--black-200);
    --theme-topbar-search-border-focus: var(--blue-300);
    --theme-topbar-search-shadow-focus: 0 0 0 var(--su-static4) var(--focus-ring);
    --theme-topbar-select-color: var(--black-700);
    --theme-topbar-select-background: var(--black-075);
    --theme-topbar-item-color: var(--black-600);
    --theme-topbar-item-color-hover: var(--black-800);
    --theme-topbar-item-background-hover: var(--black-075);
    --theme-topbar-item-color-current: var(--black);
    --theme-topbar-item-border-current: var(--theme-primary-color);
    --theme-topbar-accent-border: 3px solid var(--theme-primary-color);
    --theme-topbar-bottom-border: 1px solid var(--black-100);
    --theme-post-title-color: var(--theme-link-color);
    --theme-post-title-color-hover: var(--theme-link-color-hover);
    --theme-post-title-color-visited: var(--theme-link-color-visited);
    --theme-post-title-font-family: var(--theme-body-font-family);
    --theme-post-body-font-family: var(--theme-body-font-family);
}
"
`;

exports[`color-mixins > theming > create-custom-theme-hsl-rgb-variables 1`] = `
"create-custom-theme-hsl-rgb-variables(#ff1100, primary, base) {
    --theme-base-primary-color-new-h: 4;
    --theme-base-primary-color-new-s: 100%;
    --theme-base-primary-color-new-l: 50%;
    --theme-base-primary-color-new-r: 255;
    --theme-base-primary-color-new-g: 17;
    --theme-base-primary-color-new-b: 0;
}

create-custom-theme-hsl-rgb-variables(#29ff53, secondary, base) {
    --theme-base-secondary-color-new-h: 131.77570093;
    --theme-base-secondary-color-new-s: 100%;
    --theme-base-secondary-color-new-l: 58.03921569%;
    --theme-base-secondary-color-new-r: 41;
    --theme-base-secondary-color-new-g: 255;
    --theme-base-secondary-color-new-b: 83;
}

create-custom-theme-hsl-rgb-variables(#1c091d, primary, dark) {
    --theme-dark-primary-color-new-h: 297;
    --theme-dark-primary-color-new-s: 52.63157895%;
    --theme-dark-primary-color-new-l: 7.45098039%;
    --theme-dark-primary-color-new-r: 28;
    --theme-dark-primary-color-new-g: 9;
    --theme-dark-primary-color-new-b: 29;
}

create-custom-theme-hsl-rgb-variables(#49281f, secondary, dark) {
    --theme-dark-secondary-color-new-h: 12.85714286;
    --theme-dark-secondary-color-new-s: 40.38461538%;
    --theme-dark-secondary-color-new-l: 20.39215686%;
    --theme-dark-secondary-color-new-r: 73;
    --theme-dark-secondary-color-new-g: 40;
    --theme-dark-secondary-color-new-b: 31;
}
"
`;

exports[`color-mixins > theming > create-custom-theme-variables 1`] = `
"create-custom-theme-variables(light) {
    --theme-primary-color-new: hsl(var(--theme-primary-color-new-h), var(--theme-primary-color-new-s), var(--theme-primary-color-new-l));
    --theme-primary-color-new-900: hsl(var(--theme-primary-color-new-h), var(--theme-primary-color-new-s), calc(var(--theme-primary-color-new-l) - 26%));
    --theme-primary-color-new-800: hsl(var(--theme-primary-color-new-h), var(--theme-primary-color-new-s), calc(var(--theme-primary-color-new-l) - 21%));
    --theme-primary-color-new-700: hsl(var(--theme-primary-color-new-h), var(--theme-primary-color-new-s), calc(var(--theme-primary-color-new-l) - 16%));
    --theme-primary-color-new-600: hsl(var(--theme-primary-color-new-h), var(--theme-primary-color-new-s), calc(var(--theme-primary-color-new-l) - 10%));
    --theme-primary-color-new-500: hsl(var(--theme-primary-color-new-h), var(--theme-primary-color-new-s), calc(var(--theme-primary-color-new-l) - 5%));
    --theme-primary-color-new-400: var(--theme-primary-color-new);
    --theme-primary-color-new-350: rgb(calc(51 + var(--theme-primary-color-new-r) * 0.8), calc(51 + var(--theme-primary-color-new-g) * 0.8), calc(51 + var(--theme-primary-color-new-b) * 0.8));
    --theme-primary-color-new-300: rgb(calc(89.25 + var(--theme-primary-color-new-r) * 0.65), calc(89.25 + var(--theme-primary-color-new-g) * 0.65), calc(89.25 + var(--theme-primary-color-new-b) * 0.65));
    --theme-primary-color-new-200: rgb(calc(122.4 + var(--theme-primary-color-new-r) * 0.52), calc(122.4 + var(--theme-primary-color-new-g) * 0.52), calc(122.4 + var(--theme-primary-color-new-b) * 0.52));
    --theme-primary-color-new-150: rgb(calc(165.75 + var(--theme-primary-color-new-r) * 0.35), calc(165.75 + var(--theme-primary-color-new-g) * 0.35), calc(165.75 + var(--theme-primary-color-new-b) * 0.35));
    --theme-primary-color-new-100: rgb(calc(198.9 + var(--theme-primary-color-new-r) * 0.22), calc(198.9 + var(--theme-primary-color-new-g) * 0.22), calc(198.9 + var(--theme-primary-color-new-b) * 0.22));
    --theme-primary-color-new-075: rgb(calc(216.75 + var(--theme-primary-color-new-r) * 0.15), calc(216.75 + var(--theme-primary-color-new-g) * 0.15), calc(216.75 + var(--theme-primary-color-new-b) * 0.15));
    --theme-primary-color-new-050: rgb(calc(234.6 + var(--theme-primary-color-new-r) * 0.08), calc(234.6 + var(--theme-primary-color-new-g) * 0.08), calc(234.6 + var(--theme-primary-color-new-b) * 0.08));
    --theme-primary-color-new-025: rgb(calc(244.8 + var(--theme-primary-color-new-r) * 0.04), calc(244.8 + var(--theme-primary-color-new-g) * 0.04), calc(244.8 + var(--theme-primary-color-new-b) * 0.04));
    --theme-secondary-color-new: hsl(var(--theme-secondary-color-new-h), var(--theme-secondary-color-new-s), var(--theme-secondary-color-new-l));
    --focus-ring-new: hsla(var(--theme-secondary-color-new-h), var(--theme-secondary-color-new-s), var(--theme-secondary-color-new-l), 0.15);
    --theme-secondary-color-new-900: hsl(var(--theme-secondary-color-new-h), var(--theme-secondary-color-new-s), calc(var(--theme-secondary-color-new-l) - 26%));
    --theme-secondary-color-new-800: hsl(var(--theme-secondary-color-new-h), var(--theme-secondary-color-new-s), calc(var(--theme-secondary-color-new-l) - 21%));
    --theme-secondary-color-new-700: hsl(var(--theme-secondary-color-new-h), var(--theme-secondary-color-new-s), calc(var(--theme-secondary-color-new-l) - 16%));
    --theme-secondary-color-new-600: hsl(var(--theme-secondary-color-new-h), var(--theme-secondary-color-new-s), calc(var(--theme-secondary-color-new-l) - 10%));
    --theme-secondary-color-new-500: hsl(var(--theme-secondary-color-new-h), var(--theme-secondary-color-new-s), calc(var(--theme-secondary-color-new-l) - 5%));
    --theme-secondary-color-new-400: var(--theme-secondary-color-new);
    --theme-secondary-color-new-350: rgb(calc(51 + var(--theme-secondary-color-new-r) * 0.8), calc(51 + var(--theme-secondary-color-new-g) * 0.8), calc(51 + var(--theme-secondary-color-new-b) * 0.8));
    --theme-secondary-color-new-300: rgb(calc(89.25 + var(--theme-secondary-color-new-r) * 0.65), calc(89.25 + var(--theme-secondary-color-new-g) * 0.65), calc(89.25 + var(--theme-secondary-color-new-b) * 0.65));
    --theme-secondary-color-new-200: rgb(calc(122.4 + var(--theme-secondary-color-new-r) * 0.52), calc(122.4 + var(--theme-secondary-color-new-g) * 0.52), calc(122.4 + var(--theme-secondary-color-new-b) * 0.52));
    --theme-secondary-color-new-150: rgb(calc(165.75 + var(--theme-secondary-color-new-r) * 0.35), calc(165.75 + var(--theme-secondary-color-new-g) * 0.35), calc(165.75 + var(--theme-secondary-color-new-b) * 0.35));
    --theme-secondary-color-new-100: rgb(calc(198.9 + var(--theme-secondary-color-new-r) * 0.22), calc(198.9 + var(--theme-secondary-color-new-g) * 0.22), calc(198.9 + var(--theme-secondary-color-new-b) * 0.22));
    --theme-secondary-color-new-075: rgb(calc(216.75 + var(--theme-secondary-color-new-r) * 0.15), calc(216.75 + var(--theme-secondary-color-new-g) * 0.15), calc(216.75 + var(--theme-secondary-color-new-b) * 0.15));
    --theme-secondary-color-new-050: rgb(calc(234.6 + var(--theme-secondary-color-new-r) * 0.08), calc(234.6 + var(--theme-secondary-color-new-g) * 0.08), calc(234.6 + var(--theme-secondary-color-new-b) * 0.08));
    --theme-secondary-color-new-025: rgb(calc(244.8 + var(--theme-secondary-color-new-r) * 0.04), calc(244.8 + var(--theme-secondary-color-new-g) * 0.04), calc(244.8 + var(--theme-secondary-color-new-b) * 0.04));
}

create-custom-theme-variables(dark) {
    --theme-primary-color-new: hsl(var(--theme-primary-color-new-h), var(--theme-primary-color-new-s), var(--theme-primary-color-new-l));
    --theme-primary-color-new-025: hsl(var(--theme-primary-color-new-h), clamp(10%, calc(var(--theme-primary-color-new-s) - 73.3%), 90%), clamp(20%, calc(var(--theme-primary-color-new-l) - 31%), 100%));
    --theme-primary-color-new-050: hsl(var(--theme-primary-color-new-h), clamp(10%, calc(var(--theme-primary-color-new-s) - 47%), 90%), clamp(20%, calc(var(--theme-primary-color-new-l) - 15%), 100%));
    --theme-primary-color-new-075: hsl(var(--theme-primary-color-new-h), clamp(10%, calc(var(--theme-primary-color-new-s) - 39%), 90%), clamp(20%, calc(var(--theme-primary-color-new-l) - 13%), 100%));
    --theme-primary-color-new-100: hsl(var(--theme-primary-color-new-h), clamp(10%, calc(var(--theme-primary-color-new-s) - 32%), 90%), clamp(20%, calc(var(--theme-primary-color-new-l) - 11%), 100%));
    --theme-primary-color-new-150: hsl(var(--theme-primary-color-new-h), clamp(10%, calc(var(--theme-primary-color-new-s) - 23%), 90%), clamp(20%, calc(var(--theme-primary-color-new-l) - 9%), 100%));
    --theme-primary-color-new-200: hsl(var(--theme-primary-color-new-h), clamp(10%, calc(var(--theme-primary-color-new-s) - 15%), 90%), clamp(20%, calc(var(--theme-primary-color-new-l) - 7%), 100%));
    --theme-primary-color-new-300: hsl(var(--theme-primary-color-new-h), clamp(10%, calc(var(--theme-primary-color-new-s) - 7%), 90%), clamp(20%, calc(var(--theme-primary-color-new-l) - 5%), 100%));
    --theme-primary-color-new-350: var(--theme-primary-color-new);
    --theme-primary-color-new-400: rgb(calc(53.55 + var(--theme-primary-color-new-r) * 0.79), calc(53.55 + var(--theme-primary-color-new-g) * 0.79), calc(53.55 + var(--theme-primary-color-new-b) * 0.79));
    --theme-primary-color-new-500: rgb(calc(91.8 + var(--theme-primary-color-new-r) * 0.64), calc(91.8 + var(--theme-primary-color-new-g) * 0.64), calc(91.8 + var(--theme-primary-color-new-b) * 0.64));
    --theme-primary-color-new-600: rgb(calc(130.05 + var(--theme-primary-color-new-r) * 0.49), calc(130.05 + var(--theme-primary-color-new-g) * 0.49), calc(130.05 + var(--theme-primary-color-new-b) * 0.49));
    --theme-primary-color-new-700: rgb(calc(168.3 + var(--theme-primary-color-new-r) * 0.34), calc(168.3 + var(--theme-primary-color-new-g) * 0.34), calc(168.3 + var(--theme-primary-color-new-b) * 0.34));
    --theme-primary-color-new-800: rgb(calc(206.55 + var(--theme-primary-color-new-r) * 0.19), calc(206.55 + var(--theme-primary-color-new-g) * 0.19), calc(206.55 + var(--theme-primary-color-new-b) * 0.19));
    --theme-primary-color-new-900: rgb(calc(244.8 + var(--theme-primary-color-new-r) * 0.04), calc(244.8 + var(--theme-primary-color-new-g) * 0.04), calc(244.8 + var(--theme-primary-color-new-b) * 0.04));
    --theme-secondary-color-new: hsl(var(--theme-secondary-color-new-h), var(--theme-secondary-color-new-s), var(--theme-secondary-color-new-l));
    --focus-ring-new: hsla(var(--theme-secondary-color-new-h), var(--theme-secondary-color-new-s), var(--theme-secondary-color-new-l), 0.25);
    --theme-secondary-color-new-025: hsl(var(--theme-secondary-color-new-h), clamp(10%, calc(var(--theme-secondary-color-new-s) - 73.3%), 90%), clamp(20%, calc(var(--theme-secondary-color-new-l) - 31%), 100%));
    --theme-secondary-color-new-050: hsl(var(--theme-secondary-color-new-h), clamp(10%, calc(var(--theme-secondary-color-new-s) - 47%), 90%), clamp(20%, calc(var(--theme-secondary-color-new-l) - 15%), 100%));
    --theme-secondary-color-new-075: hsl(var(--theme-secondary-color-new-h), clamp(10%, calc(var(--theme-secondary-color-new-s) - 39%), 90%), clamp(20%, calc(var(--theme-secondary-color-new-l) - 13%), 100%));
    --theme-secondary-color-new-100: hsl(var(--theme-secondary-color-new-h), clamp(10%, calc(var(--theme-secondary-color-new-s) - 32%), 90%), clamp(20%, calc(var(--theme-secondary-color-new-l) - 11%), 100%));
    --theme-secondary-color-new-150: hsl(var(--theme-secondary-color-new-h), clamp(10%, calc(var(--theme-secondary-color-new-s) - 23%), 90%), clamp(20%, calc(var(--theme-secondary-color-new-l) - 9%), 100%));
    --theme-secondary-color-new-200: hsl(var(--theme-secondary-color-new-h), clamp(10%, calc(var(--theme-secondary-color-new-s) - 15%), 90%), clamp(20%, calc(var(--theme-secondary-color-new-l) - 7%), 100%));
    --theme-secondary-color-new-300: hsl(var(--theme-secondary-color-new-h), clamp(10%, calc(var(--theme-secondary-color-new-s) - 7%), 90%), clamp(20%, calc(var(--theme-secondary-color-new-l) - 5%), 100%));
    --theme-secondary-color-new-350: var(--theme-secondary-color-new);
    --theme-secondary-color-new-400: rgb(calc(53.55 + var(--theme-secondary-color-new-r) * 0.79), calc(53.55 + var(--theme-secondary-color-new-g) * 0.79), calc(53.55 + var(--theme-secondary-color-new-b) * 0.79));
    --theme-secondary-color-new-500: rgb(calc(91.8 + var(--theme-secondary-color-new-r) * 0.64), calc(91.8 + var(--theme-secondary-color-new-g) * 0.64), calc(91.8 + var(--theme-secondary-color-new-b) * 0.64));
    --theme-secondary-color-new-600: rgb(calc(130.05 + var(--theme-secondary-color-new-r) * 0.49), calc(130.05 + var(--theme-secondary-color-new-g) * 0.49), calc(130.05 + var(--theme-secondary-color-new-b) * 0.49));
    --theme-secondary-color-new-700: rgb(calc(168.3 + var(--theme-secondary-color-new-r) * 0.34), calc(168.3 + var(--theme-secondary-color-new-g) * 0.34), calc(168.3 + var(--theme-secondary-color-new-b) * 0.34));
    --theme-secondary-color-new-800: rgb(calc(206.55 + var(--theme-secondary-color-new-r) * 0.19), calc(206.55 + var(--theme-secondary-color-new-g) * 0.19), calc(206.55 + var(--theme-secondary-color-new-b) * 0.19));
    --theme-secondary-color-new-900: rgb(calc(244.8 + var(--theme-secondary-color-new-r) * 0.04), calc(244.8 + var(--theme-secondary-color-new-g) * 0.04), calc(244.8 + var(--theme-secondary-color-new-b) * 0.04));
}
"
`;

exports[`color-mixins > theming > create-theme-hsl-rgb-variables 1`] = `
"create-theme-hsl-rgb-variables(light) {
    --theme-primary-color-new-h: var(--theme-light-primary-color-new-h, var(--theme-base-primary-color-new-h));
    --theme-primary-color-new-s: var(--theme-light-primary-color-new-s, var(--theme-base-primary-color-new-s));
    --theme-primary-color-new-l: var(--theme-light-primary-color-new-l, var(--theme-base-primary-color-new-l));
    --theme-primary-color-new-r: var(--theme-light-primary-color-new-r, var(--theme-base-primary-color-new-r));
    --theme-primary-color-new-g: var(--theme-light-primary-color-new-g, var(--theme-base-primary-color-new-g));
    --theme-primary-color-new-b: var(--theme-light-primary-color-new-b, var(--theme-base-primary-color-new-b));
    --theme-secondary-color-new-h: var(--theme-light-secondary-color-new-h, var(--theme-base-secondary-color-new-h));
    --theme-secondary-color-new-s: var(--theme-light-secondary-color-new-s, var(--theme-base-secondary-color-new-s));
    --theme-secondary-color-new-l: var(--theme-light-secondary-color-new-l, var(--theme-base-secondary-color-new-l));
    --theme-secondary-color-new-r: var(--theme-light-secondary-color-new-r, var(--theme-base-secondary-color-new-r));
    --theme-secondary-color-new-g: var(--theme-light-secondary-color-new-g, var(--theme-base-secondary-color-new-g));
    --theme-secondary-color-new-b: var(--theme-light-secondary-color-new-b, var(--theme-base-secondary-color-new-b));
}

create-theme-hsl-rgb-variables(dark) {
    --theme-primary-color-new-h: var(--theme-dark-primary-color-new-h, var(--theme-base-primary-color-new-h));
    --theme-primary-color-new-s: var(--theme-dark-primary-color-new-s, var(--theme-base-primary-color-new-s));
    --theme-primary-color-new-l: var(--theme-dark-primary-color-new-l, var(--theme-base-primary-color-new-l));
    --theme-primary-color-new-r: var(--theme-dark-primary-color-new-r, var(--theme-base-primary-color-new-r));
    --theme-primary-color-new-g: var(--theme-dark-primary-color-new-g, var(--theme-base-primary-color-new-g));
    --theme-primary-color-new-b: var(--theme-dark-primary-color-new-b, var(--theme-base-primary-color-new-b));
    --theme-secondary-color-new-h: var(--theme-dark-secondary-color-new-h, var(--theme-base-secondary-color-new-h));
    --theme-secondary-color-new-s: var(--theme-dark-secondary-color-new-s, var(--theme-base-secondary-color-new-s));
    --theme-secondary-color-new-l: var(--theme-dark-secondary-color-new-l, var(--theme-base-secondary-color-new-l));
    --theme-secondary-color-new-r: var(--theme-dark-secondary-color-new-r, var(--theme-base-secondary-color-new-r));
    --theme-secondary-color-new-g: var(--theme-dark-secondary-color-new-g, var(--theme-base-secondary-color-new-g));
    --theme-secondary-color-new-b: var(--theme-dark-secondary-color-new-b, var(--theme-base-secondary-color-new-b));
}
"
`;
