// Vitest Snapshot v1, https://vitest.dev/guide/snapshot.html

exports[`atomic: color > should output v2 atomic css classes for colors 1`] = `
".bg-white,
.h\\:bg-white:hover,
.f\\:bg-white:focus,
.f\\:bg-white:focus-within {
    background-color: var(--white) !important;
}

.bc-white,
.h\\:bc-white:hover,
.f\\:bc-white:focus,
.f\\:bc-white:focus-within {
    border-color: var(--white) !important;
}

.fc-white,
.h\\:fc-white:hover,
.f\\:fc-white:focus,
.f\\:fc-white:focus-within {
    color: var(--white) !important;
}

.bg-black-050,
.h\\:bg-black-050:hover,
.f\\:bg-black-050:focus,
.f\\:bg-black-050:focus-within {
    background-color: var(--black-050) !important;
}

.bc-black-050,
.h\\:bc-black-050:hover,
.f\\:bc-black-050:focus,
.f\\:bc-black-050:focus-within {
    border-color: var(--black-050) !important;
}

.fc-black-050,
.h\\:fc-black-050:hover,
.f\\:fc-black-050:focus,
.f\\:fc-black-050:focus-within {
    color: var(--black-050) !important;
}

.bg-black-100,
.h\\:bg-black-100:hover,
.f\\:bg-black-100:focus,
.f\\:bg-black-100:focus-within {
    background-color: var(--black-100) !important;
}

.bc-black-100,
.h\\:bc-black-100:hover,
.f\\:bc-black-100:focus,
.f\\:bc-black-100:focus-within {
    border-color: var(--black-100) !important;
}

.fc-black-100,
.h\\:fc-black-100:hover,
.f\\:fc-black-100:focus,
.f\\:fc-black-100:focus-within {
    color: var(--black-100) !important;
}

.bg-black-150,
.h\\:bg-black-150:hover,
.f\\:bg-black-150:focus,
.f\\:bg-black-150:focus-within {
    background-color: var(--black-150) !important;
}

.bc-black-150,
.h\\:bc-black-150:hover,
.f\\:bc-black-150:focus,
.f\\:bc-black-150:focus-within {
    border-color: var(--black-150) !important;
}

.fc-black-150,
.h\\:fc-black-150:hover,
.f\\:fc-black-150:focus,
.f\\:fc-black-150:focus-within {
    color: var(--black-150) !important;
}

.bg-black-200,
.h\\:bg-black-200:hover,
.f\\:bg-black-200:focus,
.f\\:bg-black-200:focus-within {
    background-color: var(--black-200) !important;
}

.bc-black-200,
.h\\:bc-black-200:hover,
.f\\:bc-black-200:focus,
.f\\:bc-black-200:focus-within {
    border-color: var(--black-200) !important;
}

.fc-black-200,
.h\\:fc-black-200:hover,
.f\\:fc-black-200:focus,
.f\\:fc-black-200:focus-within {
    color: var(--black-200) !important;
}

.bg-black-225,
.h\\:bg-black-225:hover,
.f\\:bg-black-225:focus,
.f\\:bg-black-225:focus-within {
    background-color: var(--black-225) !important;
}

.bc-black-225,
.h\\:bc-black-225:hover,
.f\\:bc-black-225:focus,
.f\\:bc-black-225:focus-within {
    border-color: var(--black-225) !important;
}

.fc-black-225,
.h\\:fc-black-225:hover,
.f\\:fc-black-225:focus,
.f\\:fc-black-225:focus-within {
    color: var(--black-225) !important;
}

.bg-black-250,
.h\\:bg-black-250:hover,
.f\\:bg-black-250:focus,
.f\\:bg-black-250:focus-within {
    background-color: var(--black-250) !important;
}

.bc-black-250,
.h\\:bc-black-250:hover,
.f\\:bc-black-250:focus,
.f\\:bc-black-250:focus-within {
    border-color: var(--black-250) !important;
}

.fc-black-250,
.h\\:fc-black-250:hover,
.f\\:fc-black-250:focus,
.f\\:fc-black-250:focus-within {
    color: var(--black-250) !important;
}

.bg-black-300,
.h\\:bg-black-300:hover,
.f\\:bg-black-300:focus,
.f\\:bg-black-300:focus-within {
    background-color: var(--black-300) !important;
}

.bc-black-300,
.h\\:bc-black-300:hover,
.f\\:bc-black-300:focus,
.f\\:bc-black-300:focus-within {
    border-color: var(--black-300) !important;
}

.fc-black-300,
.h\\:fc-black-300:hover,
.f\\:fc-black-300:focus,
.f\\:fc-black-300:focus-within {
    color: var(--black-300) !important;
}

.bg-black-350,
.h\\:bg-black-350:hover,
.f\\:bg-black-350:focus,
.f\\:bg-black-350:focus-within {
    background-color: var(--black-350) !important;
}

.bc-black-350,
.h\\:bc-black-350:hover,
.f\\:bc-black-350:focus,
.f\\:bc-black-350:focus-within {
    border-color: var(--black-350) !important;
}

.fc-black-350,
.h\\:fc-black-350:hover,
.f\\:fc-black-350:focus,
.f\\:fc-black-350:focus-within {
    color: var(--black-350) !important;
}

.bg-black-400,
.h\\:bg-black-400:hover,
.f\\:bg-black-400:focus,
.f\\:bg-black-400:focus-within {
    background-color: var(--black-400) !important;
}

.bc-black-400,
.h\\:bc-black-400:hover,
.f\\:bc-black-400:focus,
.f\\:bc-black-400:focus-within {
    border-color: var(--black-400) !important;
}

.fc-black-400,
.h\\:fc-black-400:hover,
.f\\:fc-black-400:focus,
.f\\:fc-black-400:focus-within {
    color: var(--black-400) !important;
}

.bg-black-500,
.h\\:bg-black-500:hover,
.f\\:bg-black-500:focus,
.f\\:bg-black-500:focus-within {
    background-color: var(--black-500) !important;
}

.bc-black-500,
.h\\:bc-black-500:hover,
.f\\:bc-black-500:focus,
.f\\:bc-black-500:focus-within {
    border-color: var(--black-500) !important;
}

.fc-black-500,
.h\\:fc-black-500:hover,
.f\\:fc-black-500:focus,
.f\\:fc-black-500:focus-within {
    color: var(--black-500) !important;
}

.bg-black-600,
.h\\:bg-black-600:hover,
.f\\:bg-black-600:focus,
.f\\:bg-black-600:focus-within {
    background-color: var(--black-600) !important;
}

.bc-black-600,
.h\\:bc-black-600:hover,
.f\\:bc-black-600:focus,
.f\\:bc-black-600:focus-within {
    border-color: var(--black-600) !important;
}

.fc-black-600,
.h\\:fc-black-600:hover,
.f\\:fc-black-600:focus,
.f\\:fc-black-600:focus-within {
    color: var(--black-600) !important;
}

.bg-black,
.h\\:bg-black:hover,
.f\\:bg-black:focus,
.f\\:bg-black:focus-within {
    background-color: var(--black) !important;
}

.bc-black,
.h\\:bc-black:hover,
.f\\:bc-black:focus,
.f\\:bc-black:focus-within {
    border-color: var(--black) !important;
}

.fc-black,
.h\\:fc-black:hover,
.f\\:fc-black:focus,
.f\\:fc-black:focus-within {
    color: var(--black) !important;
}

.bg-orange-100,
.h\\:bg-orange-100:hover,
.f\\:bg-orange-100:focus,
.f\\:bg-orange-100:focus-within {
    background-color: var(--orange-100) !important;
}

.bc-orange-100,
.h\\:bc-orange-100:hover,
.f\\:bc-orange-100:focus,
.f\\:bc-orange-100:focus-within {
    border-color: var(--orange-100) !important;
}

.fc-orange-100,
.h\\:fc-orange-100:hover,
.f\\:fc-orange-100:focus,
.f\\:fc-orange-100:focus-within {
    color: var(--orange-100) !important;
}

.bg-orange-200,
.h\\:bg-orange-200:hover,
.f\\:bg-orange-200:focus,
.f\\:bg-orange-200:focus-within {
    background-color: var(--orange-200) !important;
}

.bc-orange-200,
.h\\:bc-orange-200:hover,
.f\\:bc-orange-200:focus,
.f\\:bc-orange-200:focus-within {
    border-color: var(--orange-200) !important;
}

.fc-orange-200,
.h\\:fc-orange-200:hover,
.f\\:fc-orange-200:focus,
.f\\:fc-orange-200:focus-within {
    color: var(--orange-200) !important;
}

.bg-orange-300,
.h\\:bg-orange-300:hover,
.f\\:bg-orange-300:focus,
.f\\:bg-orange-300:focus-within {
    background-color: var(--orange-300) !important;
}

.bc-orange-300,
.h\\:bc-orange-300:hover,
.f\\:bc-orange-300:focus,
.f\\:bc-orange-300:focus-within {
    border-color: var(--orange-300) !important;
}

.fc-orange-300,
.h\\:fc-orange-300:hover,
.f\\:fc-orange-300:focus,
.f\\:fc-orange-300:focus-within {
    color: var(--orange-300) !important;
}

.bg-orange-400,
.h\\:bg-orange-400:hover,
.f\\:bg-orange-400:focus,
.f\\:bg-orange-400:focus-within {
    background-color: var(--orange-400) !important;
}

.bc-orange-400,
.h\\:bc-orange-400:hover,
.f\\:bc-orange-400:focus,
.f\\:bc-orange-400:focus-within {
    border-color: var(--orange-400) !important;
}

.fc-orange-400,
.h\\:fc-orange-400:hover,
.f\\:fc-orange-400:focus,
.f\\:fc-orange-400:focus-within {
    color: var(--orange-400) !important;
}

.bg-orange-500,
.h\\:bg-orange-500:hover,
.f\\:bg-orange-500:focus,
.f\\:bg-orange-500:focus-within {
    background-color: var(--orange-500) !important;
}

.bc-orange-500,
.h\\:bc-orange-500:hover,
.f\\:bc-orange-500:focus,
.f\\:bc-orange-500:focus-within {
    border-color: var(--orange-500) !important;
}

.fc-orange-500,
.h\\:fc-orange-500:hover,
.f\\:fc-orange-500:focus,
.f\\:fc-orange-500:focus-within {
    color: var(--orange-500) !important;
}

.bg-orange-600,
.h\\:bg-orange-600:hover,
.f\\:bg-orange-600:focus,
.f\\:bg-orange-600:focus-within {
    background-color: var(--orange-600) !important;
}

.bc-orange-600,
.h\\:bc-orange-600:hover,
.f\\:bc-orange-600:focus,
.f\\:bc-orange-600:focus-within {
    border-color: var(--orange-600) !important;
}

.fc-orange-600,
.h\\:fc-orange-600:hover,
.f\\:fc-orange-600:focus,
.f\\:fc-orange-600:focus-within {
    color: var(--orange-600) !important;
}

.bg-blue-100,
.h\\:bg-blue-100:hover,
.f\\:bg-blue-100:focus,
.f\\:bg-blue-100:focus-within {
    background-color: var(--blue-100) !important;
}

.bc-blue-100,
.h\\:bc-blue-100:hover,
.f\\:bc-blue-100:focus,
.f\\:bc-blue-100:focus-within {
    border-color: var(--blue-100) !important;
}

.fc-blue-100,
.h\\:fc-blue-100:hover,
.f\\:fc-blue-100:focus,
.f\\:fc-blue-100:focus-within {
    color: var(--blue-100) !important;
}

.bg-blue-200,
.h\\:bg-blue-200:hover,
.f\\:bg-blue-200:focus,
.f\\:bg-blue-200:focus-within {
    background-color: var(--blue-200) !important;
}

.bc-blue-200,
.h\\:bc-blue-200:hover,
.f\\:bc-blue-200:focus,
.f\\:bc-blue-200:focus-within {
    border-color: var(--blue-200) !important;
}

.fc-blue-200,
.h\\:fc-blue-200:hover,
.f\\:fc-blue-200:focus,
.f\\:fc-blue-200:focus-within {
    color: var(--blue-200) !important;
}

.bg-blue-300,
.h\\:bg-blue-300:hover,
.f\\:bg-blue-300:focus,
.f\\:bg-blue-300:focus-within {
    background-color: var(--blue-300) !important;
}

.bc-blue-300,
.h\\:bc-blue-300:hover,
.f\\:bc-blue-300:focus,
.f\\:bc-blue-300:focus-within {
    border-color: var(--blue-300) !important;
}

.fc-blue-300,
.h\\:fc-blue-300:hover,
.f\\:fc-blue-300:focus,
.f\\:fc-blue-300:focus-within {
    color: var(--blue-300) !important;
}

.bg-blue-400,
.h\\:bg-blue-400:hover,
.f\\:bg-blue-400:focus,
.f\\:bg-blue-400:focus-within {
    background-color: var(--blue-400) !important;
}

.bc-blue-400,
.h\\:bc-blue-400:hover,
.f\\:bc-blue-400:focus,
.f\\:bc-blue-400:focus-within {
    border-color: var(--blue-400) !important;
}

.fc-blue-400,
.h\\:fc-blue-400:hover,
.f\\:fc-blue-400:focus,
.f\\:fc-blue-400:focus-within {
    color: var(--blue-400) !important;
}

.bg-blue-500,
.h\\:bg-blue-500:hover,
.f\\:bg-blue-500:focus,
.f\\:bg-blue-500:focus-within {
    background-color: var(--blue-500) !important;
}

.bc-blue-500,
.h\\:bc-blue-500:hover,
.f\\:bc-blue-500:focus,
.f\\:bc-blue-500:focus-within {
    border-color: var(--blue-500) !important;
}

.fc-blue-500,
.h\\:fc-blue-500:hover,
.f\\:fc-blue-500:focus,
.f\\:fc-blue-500:focus-within {
    color: var(--blue-500) !important;
}

.bg-blue-600,
.h\\:bg-blue-600:hover,
.f\\:bg-blue-600:focus,
.f\\:bg-blue-600:focus-within {
    background-color: var(--blue-600) !important;
}

.bc-blue-600,
.h\\:bc-blue-600:hover,
.f\\:bc-blue-600:focus,
.f\\:bc-blue-600:focus-within {
    border-color: var(--blue-600) !important;
}

.fc-blue-600,
.h\\:fc-blue-600:hover,
.f\\:fc-blue-600:focus,
.f\\:fc-blue-600:focus-within {
    color: var(--blue-600) !important;
}

.bg-green-100,
.h\\:bg-green-100:hover,
.f\\:bg-green-100:focus,
.f\\:bg-green-100:focus-within {
    background-color: var(--green-100) !important;
}

.bc-green-100,
.h\\:bc-green-100:hover,
.f\\:bc-green-100:focus,
.f\\:bc-green-100:focus-within {
    border-color: var(--green-100) !important;
}

.fc-green-100,
.h\\:fc-green-100:hover,
.f\\:fc-green-100:focus,
.f\\:fc-green-100:focus-within {
    color: var(--green-100) !important;
}

.bg-green-200,
.h\\:bg-green-200:hover,
.f\\:bg-green-200:focus,
.f\\:bg-green-200:focus-within {
    background-color: var(--green-200) !important;
}

.bc-green-200,
.h\\:bc-green-200:hover,
.f\\:bc-green-200:focus,
.f\\:bc-green-200:focus-within {
    border-color: var(--green-200) !important;
}

.fc-green-200,
.h\\:fc-green-200:hover,
.f\\:fc-green-200:focus,
.f\\:fc-green-200:focus-within {
    color: var(--green-200) !important;
}

.bg-green-300,
.h\\:bg-green-300:hover,
.f\\:bg-green-300:focus,
.f\\:bg-green-300:focus-within {
    background-color: var(--green-300) !important;
}

.bc-green-300,
.h\\:bc-green-300:hover,
.f\\:bc-green-300:focus,
.f\\:bc-green-300:focus-within {
    border-color: var(--green-300) !important;
}

.fc-green-300,
.h\\:fc-green-300:hover,
.f\\:fc-green-300:focus,
.f\\:fc-green-300:focus-within {
    color: var(--green-300) !important;
}

.bg-green-400,
.h\\:bg-green-400:hover,
.f\\:bg-green-400:focus,
.f\\:bg-green-400:focus-within {
    background-color: var(--green-400) !important;
}

.bc-green-400,
.h\\:bc-green-400:hover,
.f\\:bc-green-400:focus,
.f\\:bc-green-400:focus-within {
    border-color: var(--green-400) !important;
}

.fc-green-400,
.h\\:fc-green-400:hover,
.f\\:fc-green-400:focus,
.f\\:fc-green-400:focus-within {
    color: var(--green-400) !important;
}

.bg-green-500,
.h\\:bg-green-500:hover,
.f\\:bg-green-500:focus,
.f\\:bg-green-500:focus-within {
    background-color: var(--green-500) !important;
}

.bc-green-500,
.h\\:bc-green-500:hover,
.f\\:bc-green-500:focus,
.f\\:bc-green-500:focus-within {
    border-color: var(--green-500) !important;
}

.fc-green-500,
.h\\:fc-green-500:hover,
.f\\:fc-green-500:focus,
.f\\:fc-green-500:focus-within {
    color: var(--green-500) !important;
}

.bg-green-600,
.h\\:bg-green-600:hover,
.f\\:bg-green-600:focus,
.f\\:bg-green-600:focus-within {
    background-color: var(--green-600) !important;
}

.bc-green-600,
.h\\:bc-green-600:hover,
.f\\:bc-green-600:focus,
.f\\:bc-green-600:focus-within {
    border-color: var(--green-600) !important;
}

.fc-green-600,
.h\\:fc-green-600:hover,
.f\\:fc-green-600:focus,
.f\\:fc-green-600:focus-within {
    color: var(--green-600) !important;
}

.bg-red-100,
.h\\:bg-red-100:hover,
.f\\:bg-red-100:focus,
.f\\:bg-red-100:focus-within {
    background-color: var(--red-100) !important;
}

.bc-red-100,
.h\\:bc-red-100:hover,
.f\\:bc-red-100:focus,
.f\\:bc-red-100:focus-within {
    border-color: var(--red-100) !important;
}

.fc-red-100,
.h\\:fc-red-100:hover,
.f\\:fc-red-100:focus,
.f\\:fc-red-100:focus-within {
    color: var(--red-100) !important;
}

.bg-red-200,
.h\\:bg-red-200:hover,
.f\\:bg-red-200:focus,
.f\\:bg-red-200:focus-within {
    background-color: var(--red-200) !important;
}

.bc-red-200,
.h\\:bc-red-200:hover,
.f\\:bc-red-200:focus,
.f\\:bc-red-200:focus-within {
    border-color: var(--red-200) !important;
}

.fc-red-200,
.h\\:fc-red-200:hover,
.f\\:fc-red-200:focus,
.f\\:fc-red-200:focus-within {
    color: var(--red-200) !important;
}

.bg-red-300,
.h\\:bg-red-300:hover,
.f\\:bg-red-300:focus,
.f\\:bg-red-300:focus-within {
    background-color: var(--red-300) !important;
}

.bc-red-300,
.h\\:bc-red-300:hover,
.f\\:bc-red-300:focus,
.f\\:bc-red-300:focus-within {
    border-color: var(--red-300) !important;
}

.fc-red-300,
.h\\:fc-red-300:hover,
.f\\:fc-red-300:focus,
.f\\:fc-red-300:focus-within {
    color: var(--red-300) !important;
}

.bg-red-400,
.h\\:bg-red-400:hover,
.f\\:bg-red-400:focus,
.f\\:bg-red-400:focus-within {
    background-color: var(--red-400) !important;
}

.bc-red-400,
.h\\:bc-red-400:hover,
.f\\:bc-red-400:focus,
.f\\:bc-red-400:focus-within {
    border-color: var(--red-400) !important;
}

.fc-red-400,
.h\\:fc-red-400:hover,
.f\\:fc-red-400:focus,
.f\\:fc-red-400:focus-within {
    color: var(--red-400) !important;
}

.bg-red-500,
.h\\:bg-red-500:hover,
.f\\:bg-red-500:focus,
.f\\:bg-red-500:focus-within {
    background-color: var(--red-500) !important;
}

.bc-red-500,
.h\\:bc-red-500:hover,
.f\\:bc-red-500:focus,
.f\\:bc-red-500:focus-within {
    border-color: var(--red-500) !important;
}

.fc-red-500,
.h\\:fc-red-500:hover,
.f\\:fc-red-500:focus,
.f\\:fc-red-500:focus-within {
    color: var(--red-500) !important;
}

.bg-red-600,
.h\\:bg-red-600:hover,
.f\\:bg-red-600:focus,
.f\\:bg-red-600:focus-within {
    background-color: var(--red-600) !important;
}

.bc-red-600,
.h\\:bc-red-600:hover,
.f\\:bc-red-600:focus,
.f\\:bc-red-600:focus-within {
    border-color: var(--red-600) !important;
}

.fc-red-600,
.h\\:fc-red-600:hover,
.f\\:fc-red-600:focus,
.f\\:fc-red-600:focus-within {
    color: var(--red-600) !important;
}

.bg-yellow-100,
.h\\:bg-yellow-100:hover,
.f\\:bg-yellow-100:focus,
.f\\:bg-yellow-100:focus-within {
    background-color: var(--yellow-100) !important;
}

.bc-yellow-100,
.h\\:bc-yellow-100:hover,
.f\\:bc-yellow-100:focus,
.f\\:bc-yellow-100:focus-within {
    border-color: var(--yellow-100) !important;
}

.fc-yellow-100,
.h\\:fc-yellow-100:hover,
.f\\:fc-yellow-100:focus,
.f\\:fc-yellow-100:focus-within {
    color: var(--yellow-100) !important;
}

.bg-yellow-200,
.h\\:bg-yellow-200:hover,
.f\\:bg-yellow-200:focus,
.f\\:bg-yellow-200:focus-within {
    background-color: var(--yellow-200) !important;
}

.bc-yellow-200,
.h\\:bc-yellow-200:hover,
.f\\:bc-yellow-200:focus,
.f\\:bc-yellow-200:focus-within {
    border-color: var(--yellow-200) !important;
}

.fc-yellow-200,
.h\\:fc-yellow-200:hover,
.f\\:fc-yellow-200:focus,
.f\\:fc-yellow-200:focus-within {
    color: var(--yellow-200) !important;
}

.bg-yellow-300,
.h\\:bg-yellow-300:hover,
.f\\:bg-yellow-300:focus,
.f\\:bg-yellow-300:focus-within {
    background-color: var(--yellow-300) !important;
}

.bc-yellow-300,
.h\\:bc-yellow-300:hover,
.f\\:bc-yellow-300:focus,
.f\\:bc-yellow-300:focus-within {
    border-color: var(--yellow-300) !important;
}

.fc-yellow-300,
.h\\:fc-yellow-300:hover,
.f\\:fc-yellow-300:focus,
.f\\:fc-yellow-300:focus-within {
    color: var(--yellow-300) !important;
}

.bg-yellow-400,
.h\\:bg-yellow-400:hover,
.f\\:bg-yellow-400:focus,
.f\\:bg-yellow-400:focus-within {
    background-color: var(--yellow-400) !important;
}

.bc-yellow-400,
.h\\:bc-yellow-400:hover,
.f\\:bc-yellow-400:focus,
.f\\:bc-yellow-400:focus-within {
    border-color: var(--yellow-400) !important;
}

.fc-yellow-400,
.h\\:fc-yellow-400:hover,
.f\\:fc-yellow-400:focus,
.f\\:fc-yellow-400:focus-within {
    color: var(--yellow-400) !important;
}

.bg-yellow-500,
.h\\:bg-yellow-500:hover,
.f\\:bg-yellow-500:focus,
.f\\:bg-yellow-500:focus-within {
    background-color: var(--yellow-500) !important;
}

.bc-yellow-500,
.h\\:bc-yellow-500:hover,
.f\\:bc-yellow-500:focus,
.f\\:bc-yellow-500:focus-within {
    border-color: var(--yellow-500) !important;
}

.fc-yellow-500,
.h\\:fc-yellow-500:hover,
.f\\:fc-yellow-500:focus,
.f\\:fc-yellow-500:focus-within {
    color: var(--yellow-500) !important;
}

.bg-yellow-600,
.h\\:bg-yellow-600:hover,
.f\\:bg-yellow-600:focus,
.f\\:bg-yellow-600:focus-within {
    background-color: var(--yellow-600) !important;
}

.bc-yellow-600,
.h\\:bc-yellow-600:hover,
.f\\:bc-yellow-600:focus,
.f\\:bc-yellow-600:focus-within {
    border-color: var(--yellow-600) !important;
}

.fc-yellow-600,
.h\\:fc-yellow-600:hover,
.f\\:fc-yellow-600:focus,
.f\\:fc-yellow-600:focus-within {
    color: var(--yellow-600) !important;
}

.bg-purple-100,
.h\\:bg-purple-100:hover,
.f\\:bg-purple-100:focus,
.f\\:bg-purple-100:focus-within {
    background-color: var(--purple-100) !important;
}

.bc-purple-100,
.h\\:bc-purple-100:hover,
.f\\:bc-purple-100:focus,
.f\\:bc-purple-100:focus-within {
    border-color: var(--purple-100) !important;
}

.fc-purple-100,
.h\\:fc-purple-100:hover,
.f\\:fc-purple-100:focus,
.f\\:fc-purple-100:focus-within {
    color: var(--purple-100) !important;
}

.bg-purple-200,
.h\\:bg-purple-200:hover,
.f\\:bg-purple-200:focus,
.f\\:bg-purple-200:focus-within {
    background-color: var(--purple-200) !important;
}

.bc-purple-200,
.h\\:bc-purple-200:hover,
.f\\:bc-purple-200:focus,
.f\\:bc-purple-200:focus-within {
    border-color: var(--purple-200) !important;
}

.fc-purple-200,
.h\\:fc-purple-200:hover,
.f\\:fc-purple-200:focus,
.f\\:fc-purple-200:focus-within {
    color: var(--purple-200) !important;
}

.bg-purple-300,
.h\\:bg-purple-300:hover,
.f\\:bg-purple-300:focus,
.f\\:bg-purple-300:focus-within {
    background-color: var(--purple-300) !important;
}

.bc-purple-300,
.h\\:bc-purple-300:hover,
.f\\:bc-purple-300:focus,
.f\\:bc-purple-300:focus-within {
    border-color: var(--purple-300) !important;
}

.fc-purple-300,
.h\\:fc-purple-300:hover,
.f\\:fc-purple-300:focus,
.f\\:fc-purple-300:focus-within {
    color: var(--purple-300) !important;
}

.bg-purple-400,
.h\\:bg-purple-400:hover,
.f\\:bg-purple-400:focus,
.f\\:bg-purple-400:focus-within {
    background-color: var(--purple-400) !important;
}

.bc-purple-400,
.h\\:bc-purple-400:hover,
.f\\:bc-purple-400:focus,
.f\\:bc-purple-400:focus-within {
    border-color: var(--purple-400) !important;
}

.fc-purple-400,
.h\\:fc-purple-400:hover,
.f\\:fc-purple-400:focus,
.f\\:fc-purple-400:focus-within {
    color: var(--purple-400) !important;
}

.bg-purple-500,
.h\\:bg-purple-500:hover,
.f\\:bg-purple-500:focus,
.f\\:bg-purple-500:focus-within {
    background-color: var(--purple-500) !important;
}

.bc-purple-500,
.h\\:bc-purple-500:hover,
.f\\:bc-purple-500:focus,
.f\\:bc-purple-500:focus-within {
    border-color: var(--purple-500) !important;
}

.fc-purple-500,
.h\\:fc-purple-500:hover,
.f\\:fc-purple-500:focus,
.f\\:fc-purple-500:focus-within {
    color: var(--purple-500) !important;
}

.bg-purple-600,
.h\\:bg-purple-600:hover,
.f\\:bg-purple-600:focus,
.f\\:bg-purple-600:focus-within {
    background-color: var(--purple-600) !important;
}

.bc-purple-600,
.h\\:bc-purple-600:hover,
.f\\:bc-purple-600:focus,
.f\\:bc-purple-600:focus-within {
    border-color: var(--purple-600) !important;
}

.fc-purple-600,
.h\\:fc-purple-600:hover,
.f\\:fc-purple-600:focus,
.f\\:fc-purple-600:focus-within {
    color: var(--purple-600) !important;
}

.bg-gold-100,
.h\\:bg-gold-100:hover,
.f\\:bg-gold-100:focus,
.f\\:bg-gold-100:focus-within {
    background-color: var(--gold-100) !important;
}

.bc-gold-100,
.h\\:bc-gold-100:hover,
.f\\:bc-gold-100:focus,
.f\\:bc-gold-100:focus-within {
    border-color: var(--gold-100) !important;
}

.fc-gold-100,
.h\\:fc-gold-100:hover,
.f\\:fc-gold-100:focus,
.f\\:fc-gold-100:focus-within {
    color: var(--gold-100) !important;
}

.bg-gold-200,
.h\\:bg-gold-200:hover,
.f\\:bg-gold-200:focus,
.f\\:bg-gold-200:focus-within {
    background-color: var(--gold-200) !important;
}

.bc-gold-200,
.h\\:bc-gold-200:hover,
.f\\:bc-gold-200:focus,
.f\\:bc-gold-200:focus-within {
    border-color: var(--gold-200) !important;
}

.fc-gold-200,
.h\\:fc-gold-200:hover,
.f\\:fc-gold-200:focus,
.f\\:fc-gold-200:focus-within {
    color: var(--gold-200) !important;
}

.bg-gold-300,
.h\\:bg-gold-300:hover,
.f\\:bg-gold-300:focus,
.f\\:bg-gold-300:focus-within {
    background-color: var(--gold-300) !important;
}

.bc-gold-300,
.h\\:bc-gold-300:hover,
.f\\:bc-gold-300:focus,
.f\\:bc-gold-300:focus-within {
    border-color: var(--gold-300) !important;
}

.fc-gold-300,
.h\\:fc-gold-300:hover,
.f\\:fc-gold-300:focus,
.f\\:fc-gold-300:focus-within {
    color: var(--gold-300) !important;
}

.bg-gold-400,
.h\\:bg-gold-400:hover,
.f\\:bg-gold-400:focus,
.f\\:bg-gold-400:focus-within {
    background-color: var(--gold-400) !important;
}

.bc-gold-400,
.h\\:bc-gold-400:hover,
.f\\:bc-gold-400:focus,
.f\\:bc-gold-400:focus-within {
    border-color: var(--gold-400) !important;
}

.fc-gold-400,
.h\\:fc-gold-400:hover,
.f\\:fc-gold-400:focus,
.f\\:fc-gold-400:focus-within {
    color: var(--gold-400) !important;
}

.bg-silver-100,
.h\\:bg-silver-100:hover,
.f\\:bg-silver-100:focus,
.f\\:bg-silver-100:focus-within {
    background-color: var(--silver-100) !important;
}

.bc-silver-100,
.h\\:bc-silver-100:hover,
.f\\:bc-silver-100:focus,
.f\\:bc-silver-100:focus-within {
    border-color: var(--silver-100) !important;
}

.fc-silver-100,
.h\\:fc-silver-100:hover,
.f\\:fc-silver-100:focus,
.f\\:fc-silver-100:focus-within {
    color: var(--silver-100) !important;
}

.bg-silver-200,
.h\\:bg-silver-200:hover,
.f\\:bg-silver-200:focus,
.f\\:bg-silver-200:focus-within {
    background-color: var(--silver-200) !important;
}

.bc-silver-200,
.h\\:bc-silver-200:hover,
.f\\:bc-silver-200:focus,
.f\\:bc-silver-200:focus-within {
    border-color: var(--silver-200) !important;
}

.fc-silver-200,
.h\\:fc-silver-200:hover,
.f\\:fc-silver-200:focus,
.f\\:fc-silver-200:focus-within {
    color: var(--silver-200) !important;
}

.bg-silver-300,
.h\\:bg-silver-300:hover,
.f\\:bg-silver-300:focus,
.f\\:bg-silver-300:focus-within {
    background-color: var(--silver-300) !important;
}

.bc-silver-300,
.h\\:bc-silver-300:hover,
.f\\:bc-silver-300:focus,
.f\\:bc-silver-300:focus-within {
    border-color: var(--silver-300) !important;
}

.fc-silver-300,
.h\\:fc-silver-300:hover,
.f\\:fc-silver-300:focus,
.f\\:fc-silver-300:focus-within {
    color: var(--silver-300) !important;
}

.bg-silver-400,
.h\\:bg-silver-400:hover,
.f\\:bg-silver-400:focus,
.f\\:bg-silver-400:focus-within {
    background-color: var(--silver-400) !important;
}

.bc-silver-400,
.h\\:bc-silver-400:hover,
.f\\:bc-silver-400:focus,
.f\\:bc-silver-400:focus-within {
    border-color: var(--silver-400) !important;
}

.fc-silver-400,
.h\\:fc-silver-400:hover,
.f\\:fc-silver-400:focus,
.f\\:fc-silver-400:focus-within {
    color: var(--silver-400) !important;
}

.bg-bronze-100,
.h\\:bg-bronze-100:hover,
.f\\:bg-bronze-100:focus,
.f\\:bg-bronze-100:focus-within {
    background-color: var(--bronze-100) !important;
}

.bc-bronze-100,
.h\\:bc-bronze-100:hover,
.f\\:bc-bronze-100:focus,
.f\\:bc-bronze-100:focus-within {
    border-color: var(--bronze-100) !important;
}

.fc-bronze-100,
.h\\:fc-bronze-100:hover,
.f\\:fc-bronze-100:focus,
.f\\:fc-bronze-100:focus-within {
    color: var(--bronze-100) !important;
}

.bg-bronze-200,
.h\\:bg-bronze-200:hover,
.f\\:bg-bronze-200:focus,
.f\\:bg-bronze-200:focus-within {
    background-color: var(--bronze-200) !important;
}

.bc-bronze-200,
.h\\:bc-bronze-200:hover,
.f\\:bc-bronze-200:focus,
.f\\:bc-bronze-200:focus-within {
    border-color: var(--bronze-200) !important;
}

.fc-bronze-200,
.h\\:fc-bronze-200:hover,
.f\\:fc-bronze-200:focus,
.f\\:fc-bronze-200:focus-within {
    color: var(--bronze-200) !important;
}

.bg-bronze-300,
.h\\:bg-bronze-300:hover,
.f\\:bg-bronze-300:focus,
.f\\:bg-bronze-300:focus-within {
    background-color: var(--bronze-300) !important;
}

.bc-bronze-300,
.h\\:bc-bronze-300:hover,
.f\\:bc-bronze-300:focus,
.f\\:bc-bronze-300:focus-within {
    border-color: var(--bronze-300) !important;
}

.fc-bronze-300,
.h\\:fc-bronze-300:hover,
.f\\:fc-bronze-300:focus,
.f\\:fc-bronze-300:focus-within {
    color: var(--bronze-300) !important;
}

.bg-bronze-400,
.h\\:bg-bronze-400:hover,
.f\\:bg-bronze-400:focus,
.f\\:bg-bronze-400:focus-within {
    background-color: var(--bronze-400) !important;
}

.bc-bronze-400,
.h\\:bc-bronze-400:hover,
.f\\:bc-bronze-400:focus,
.f\\:bc-bronze-400:focus-within {
    border-color: var(--bronze-400) !important;
}

.fc-bronze-400,
.h\\:fc-bronze-400:hover,
.f\\:fc-bronze-400:focus,
.f\\:fc-bronze-400:focus-within {
    color: var(--bronze-400) !important;
}

.fc-light,
.h\\:fc-light:hover,
.f\\:fc-light:focus,
.f\\:fc-light:focus-within {
    color: var(--fc-light) !important;
}

.fc-medium,
.h\\:fc-medium:hover,
.f\\:fc-medium:focus,
.f\\:fc-medium:focus-within {
    color: var(--fc-medium) !important;
}

.fc-dark,
.h\\:fc-dark:hover,
.f\\:fc-dark:focus,
.f\\:fc-dark:focus-within {
    color: var(--fc-dark) !important;
}

.fc-error,
.h\\:fc-error:hover,
.f\\:fc-error:focus,
.f\\:fc-error:focus-within {
    color: var(--fc-error) !important;
}

.fc-danger,
.h\\:fc-danger:hover,
.f\\:fc-danger:focus,
.f\\:fc-danger:focus-within {
    color: var(--fc-danger) !important;
}

.fc-success,
.h\\:fc-success:hover,
.f\\:fc-success:focus,
.f\\:fc-success:focus-within {
    color: var(--fc-success) !important;
}

.fc-warning,
.h\\:fc-warning:hover,
.f\\:fc-warning:focus,
.f\\:fc-warning:focus-within {
    color: var(--fc-warning) !important;
}

.bg-error,
.h\\:bg-error:hover,
.f\\:bg-error:focus,
.f\\:bg-error:focus-within {
    background-color: var(--bg-error) !important;
}

.bg-danger,
.h\\:bg-danger:hover,
.f\\:bg-danger:focus,
.f\\:bg-danger:focus-within {
    background-color: var(--bg-danger) !important;
}

.bg-success,
.h\\:bg-success:hover,
.f\\:bg-success:focus,
.f\\:bg-success:focus-within {
    background-color: var(--bg-success) !important;
}

.bg-warning,
.h\\:bg-warning:hover,
.f\\:bg-warning:focus,
.f\\:bg-warning:focus-within {
    background-color: var(--bg-warning) !important;
}

.bc-error,
.h\\:bc-error:hover,
.f\\:bc-error:focus,
.f\\:bc-error:focus-within {
    border-color: var(--bc-error) !important;
}

.bc-danger,
.h\\:bc-danger:hover,
.f\\:bc-danger:focus,
.f\\:bc-danger:focus-within {
    border-color: var(--bc-danger) !important;
}

.bc-success,
.h\\:bc-success:hover,
.f\\:bc-success:focus,
.f\\:bc-success:focus-within {
    border-color: var(--bc-success) !important;
}

.bc-warning,
.h\\:bc-warning:hover,
.f\\:bc-warning:focus,
.f\\:bc-warning:focus-within {
    border-color: var(--bc-warning) !important;
}

.bg-transparent,
.h\\:bg-transparent:hover,
.f\\:bg-transparent:focus,
.f\\:bg-transparent:focus-within {
    background-color: transparent !important;
}

.bc-transparent,
.h\\:bc-transparent:hover,
.f\\:bc-transparent:focus,
.f\\:bc-transparent:focus-within {
    border-color: transparent !important;
}

.bg-inherit,
.h\\:bg-inherit:hover,
.f\\:bg-inherit:focus,
.f\\:bg-inherit:focus-within {
    background-color: inherit !important;
}

.bc-inherit,
.h\\:bc-inherit:hover,
.f\\:bc-inherit:focus,
.f\\:bc-inherit:focus-within {
    border-color: inherit !important;
}

.bg-theme-primary,
.h\\:bg-theme-primary:hover,
.f\\:bg-theme-primary:focus,
.f\\:bg-theme-primary:focus-within {
    background-color: var(--theme-primary) !important;
}

.bc-theme-primary,
.h\\:bc-theme-primary:hover,
.f\\:bc-theme-primary:focus,
.f\\:bc-theme-primary:focus-within {
    border-color: var(--theme-primary) !important;
}

.fc-theme-primary,
.h\\:fc-theme-primary:hover,
.f\\:fc-theme-primary:focus,
.f\\:fc-theme-primary:focus-within {
    color: var(--theme-primary) !important;
}

.bg-theme-primary-100,
.h\\:bg-theme-primary-100:hover,
.f\\:bg-theme-primary-100:focus,
.f\\:bg-theme-primary-100:focus-within {
    background-color: var(--theme-primary-100) !important;
}

.bc-theme-primary-100,
.h\\:bc-theme-primary-100:hover,
.f\\:bc-theme-primary-100:focus,
.f\\:bc-theme-primary-100:focus-within {
    border-color: var(--theme-primary-100) !important;
}

.fc-theme-primary-100,
.h\\:fc-theme-primary-100:hover,
.f\\:fc-theme-primary-100:focus,
.f\\:fc-theme-primary-100:focus-within {
    color: var(--theme-primary-100) !important;
}

.bg-theme-primary-200,
.h\\:bg-theme-primary-200:hover,
.f\\:bg-theme-primary-200:focus,
.f\\:bg-theme-primary-200:focus-within {
    background-color: var(--theme-primary-200) !important;
}

.bc-theme-primary-200,
.h\\:bc-theme-primary-200:hover,
.f\\:bc-theme-primary-200:focus,
.f\\:bc-theme-primary-200:focus-within {
    border-color: var(--theme-primary-200) !important;
}

.fc-theme-primary-200,
.h\\:fc-theme-primary-200:hover,
.f\\:fc-theme-primary-200:focus,
.f\\:fc-theme-primary-200:focus-within {
    color: var(--theme-primary-200) !important;
}

.bg-theme-primary-300,
.h\\:bg-theme-primary-300:hover,
.f\\:bg-theme-primary-300:focus,
.f\\:bg-theme-primary-300:focus-within {
    background-color: var(--theme-primary-300) !important;
}

.bc-theme-primary-300,
.h\\:bc-theme-primary-300:hover,
.f\\:bc-theme-primary-300:focus,
.f\\:bc-theme-primary-300:focus-within {
    border-color: var(--theme-primary-300) !important;
}

.fc-theme-primary-300,
.h\\:fc-theme-primary-300:hover,
.f\\:fc-theme-primary-300:focus,
.f\\:fc-theme-primary-300:focus-within {
    color: var(--theme-primary-300) !important;
}

.bg-theme-primary-400,
.h\\:bg-theme-primary-400:hover,
.f\\:bg-theme-primary-400:focus,
.f\\:bg-theme-primary-400:focus-within {
    background-color: var(--theme-primary-400) !important;
}

.bc-theme-primary-400,
.h\\:bc-theme-primary-400:hover,
.f\\:bc-theme-primary-400:focus,
.f\\:bc-theme-primary-400:focus-within {
    border-color: var(--theme-primary-400) !important;
}

.fc-theme-primary-400,
.h\\:fc-theme-primary-400:hover,
.f\\:fc-theme-primary-400:focus,
.f\\:fc-theme-primary-400:focus-within {
    color: var(--theme-primary-400) !important;
}

.bg-theme-primary-500,
.h\\:bg-theme-primary-500:hover,
.f\\:bg-theme-primary-500:focus,
.f\\:bg-theme-primary-500:focus-within {
    background-color: var(--theme-primary-500) !important;
}

.bc-theme-primary-500,
.h\\:bc-theme-primary-500:hover,
.f\\:bc-theme-primary-500:focus,
.f\\:bc-theme-primary-500:focus-within {
    border-color: var(--theme-primary-500) !important;
}

.fc-theme-primary-500,
.h\\:fc-theme-primary-500:hover,
.f\\:fc-theme-primary-500:focus,
.f\\:fc-theme-primary-500:focus-within {
    color: var(--theme-primary-500) !important;
}

.bg-theme-primary-600,
.h\\:bg-theme-primary-600:hover,
.f\\:bg-theme-primary-600:focus,
.f\\:bg-theme-primary-600:focus-within {
    background-color: var(--theme-primary-600) !important;
}

.bc-theme-primary-600,
.h\\:bc-theme-primary-600:hover,
.f\\:bc-theme-primary-600:focus,
.f\\:bc-theme-primary-600:focus-within {
    border-color: var(--theme-primary-600) !important;
}

.fc-theme-primary-600,
.h\\:fc-theme-primary-600:hover,
.f\\:fc-theme-primary-600:focus,
.f\\:fc-theme-primary-600:focus-within {
    color: var(--theme-primary-600) !important;
}

.bg-theme-secondary,
.h\\:bg-theme-secondary:hover,
.f\\:bg-theme-secondary:focus,
.f\\:bg-theme-secondary:focus-within {
    background-color: var(--theme-secondary) !important;
}

.bc-theme-secondary,
.h\\:bc-theme-secondary:hover,
.f\\:bc-theme-secondary:focus,
.f\\:bc-theme-secondary:focus-within {
    border-color: var(--theme-secondary) !important;
}

.fc-theme-secondary,
.h\\:fc-theme-secondary:hover,
.f\\:fc-theme-secondary:focus,
.f\\:fc-theme-secondary:focus-within {
    color: var(--theme-secondary) !important;
}

.bg-theme-secondary-100,
.h\\:bg-theme-secondary-100:hover,
.f\\:bg-theme-secondary-100:focus,
.f\\:bg-theme-secondary-100:focus-within {
    background-color: var(--theme-secondary-100) !important;
}

.bc-theme-secondary-100,
.h\\:bc-theme-secondary-100:hover,
.f\\:bc-theme-secondary-100:focus,
.f\\:bc-theme-secondary-100:focus-within {
    border-color: var(--theme-secondary-100) !important;
}

.fc-theme-secondary-100,
.h\\:fc-theme-secondary-100:hover,
.f\\:fc-theme-secondary-100:focus,
.f\\:fc-theme-secondary-100:focus-within {
    color: var(--theme-secondary-100) !important;
}

.bg-theme-secondary-200,
.h\\:bg-theme-secondary-200:hover,
.f\\:bg-theme-secondary-200:focus,
.f\\:bg-theme-secondary-200:focus-within {
    background-color: var(--theme-secondary-200) !important;
}

.bc-theme-secondary-200,
.h\\:bc-theme-secondary-200:hover,
.f\\:bc-theme-secondary-200:focus,
.f\\:bc-theme-secondary-200:focus-within {
    border-color: var(--theme-secondary-200) !important;
}

.fc-theme-secondary-200,
.h\\:fc-theme-secondary-200:hover,
.f\\:fc-theme-secondary-200:focus,
.f\\:fc-theme-secondary-200:focus-within {
    color: var(--theme-secondary-200) !important;
}

.bg-theme-secondary-300,
.h\\:bg-theme-secondary-300:hover,
.f\\:bg-theme-secondary-300:focus,
.f\\:bg-theme-secondary-300:focus-within {
    background-color: var(--theme-secondary-300) !important;
}

.bc-theme-secondary-300,
.h\\:bc-theme-secondary-300:hover,
.f\\:bc-theme-secondary-300:focus,
.f\\:bc-theme-secondary-300:focus-within {
    border-color: var(--theme-secondary-300) !important;
}

.fc-theme-secondary-300,
.h\\:fc-theme-secondary-300:hover,
.f\\:fc-theme-secondary-300:focus,
.f\\:fc-theme-secondary-300:focus-within {
    color: var(--theme-secondary-300) !important;
}

.bg-theme-secondary-400,
.h\\:bg-theme-secondary-400:hover,
.f\\:bg-theme-secondary-400:focus,
.f\\:bg-theme-secondary-400:focus-within {
    background-color: var(--theme-secondary-400) !important;
}

.bc-theme-secondary-400,
.h\\:bc-theme-secondary-400:hover,
.f\\:bc-theme-secondary-400:focus,
.f\\:bc-theme-secondary-400:focus-within {
    border-color: var(--theme-secondary-400) !important;
}

.fc-theme-secondary-400,
.h\\:fc-theme-secondary-400:hover,
.f\\:fc-theme-secondary-400:focus,
.f\\:fc-theme-secondary-400:focus-within {
    color: var(--theme-secondary-400) !important;
}

.bg-theme-secondary-500,
.h\\:bg-theme-secondary-500:hover,
.f\\:bg-theme-secondary-500:focus,
.f\\:bg-theme-secondary-500:focus-within {
    background-color: var(--theme-secondary-500) !important;
}

.bc-theme-secondary-500,
.h\\:bc-theme-secondary-500:hover,
.f\\:bc-theme-secondary-500:focus,
.f\\:bc-theme-secondary-500:focus-within {
    border-color: var(--theme-secondary-500) !important;
}

.fc-theme-secondary-500,
.h\\:fc-theme-secondary-500:hover,
.f\\:fc-theme-secondary-500:focus,
.f\\:fc-theme-secondary-500:focus-within {
    color: var(--theme-secondary-500) !important;
}

.bg-theme-secondary-600,
.h\\:bg-theme-secondary-600:hover,
.f\\:bg-theme-secondary-600:focus,
.f\\:bg-theme-secondary-600:focus-within {
    background-color: var(--theme-secondary-600) !important;
}

.bc-theme-secondary-600,
.h\\:bc-theme-secondary-600:hover,
.f\\:bc-theme-secondary-600:focus,
.f\\:bc-theme-secondary-600:focus-within {
    border-color: var(--theme-secondary-600) !important;
}

.fc-theme-secondary-600,
.h\\:fc-theme-secondary-600:hover,
.f\\:fc-theme-secondary-600:focus,
.f\\:fc-theme-secondary-600:focus-within {
    color: var(--theme-secondary-600) !important;
}

@media (prefers-color-scheme: dark) {
    body.theme-system  .d\\:bg-white {
        background-color: var(--white) !important;
    }

    body.theme-system  .d\\:fc-white {
        color: var(--white) !important;
    }

    body.theme-system  .d\\:bg-black-050 {
        background-color: var(--black-050) !important;
    }

    body.theme-system  .d\\:fc-black-050 {
        color: var(--black-050) !important;
    }

    body.theme-system  .d\\:bg-black-100 {
        background-color: var(--black-100) !important;
    }

    body.theme-system  .d\\:fc-black-100 {
        color: var(--black-100) !important;
    }

    body.theme-system  .d\\:bg-black-150 {
        background-color: var(--black-150) !important;
    }

    body.theme-system  .d\\:fc-black-150 {
        color: var(--black-150) !important;
    }

    body.theme-system  .d\\:bg-black-200 {
        background-color: var(--black-200) !important;
    }

    body.theme-system  .d\\:fc-black-200 {
        color: var(--black-200) !important;
    }

    body.theme-system  .d\\:bg-black-225 {
        background-color: var(--black-225) !important;
    }

    body.theme-system  .d\\:fc-black-225 {
        color: var(--black-225) !important;
    }

    body.theme-system  .d\\:bg-black-250 {
        background-color: var(--black-250) !important;
    }

    body.theme-system  .d\\:fc-black-250 {
        color: var(--black-250) !important;
    }

    body.theme-system  .d\\:bg-black-300 {
        background-color: var(--black-300) !important;
    }

    body.theme-system  .d\\:fc-black-300 {
        color: var(--black-300) !important;
    }

    body.theme-system  .d\\:bg-black-350 {
        background-color: var(--black-350) !important;
    }

    body.theme-system  .d\\:fc-black-350 {
        color: var(--black-350) !important;
    }

    body.theme-system  .d\\:bg-black-400 {
        background-color: var(--black-400) !important;
    }

    body.theme-system  .d\\:fc-black-400 {
        color: var(--black-400) !important;
    }

    body.theme-system  .d\\:bg-black-500 {
        background-color: var(--black-500) !important;
    }

    body.theme-system  .d\\:fc-black-500 {
        color: var(--black-500) !important;
    }

    body.theme-system  .d\\:bg-black-600 {
        background-color: var(--black-600) !important;
    }

    body.theme-system  .d\\:fc-black-600 {
        color: var(--black-600) !important;
    }

    body.theme-system  .d\\:bg-black {
        background-color: var(--black) !important;
    }

    body.theme-system  .d\\:fc-black {
        color: var(--black) !important;
    }

    body.theme-system  .d\\:bg-orange-100 {
        background-color: var(--orange-100) !important;
    }

    body.theme-system  .d\\:fc-orange-100 {
        color: var(--orange-100) !important;
    }

    body.theme-system  .d\\:bg-orange-200 {
        background-color: var(--orange-200) !important;
    }

    body.theme-system  .d\\:fc-orange-200 {
        color: var(--orange-200) !important;
    }

    body.theme-system  .d\\:bg-orange-300 {
        background-color: var(--orange-300) !important;
    }

    body.theme-system  .d\\:fc-orange-300 {
        color: var(--orange-300) !important;
    }

    body.theme-system  .d\\:bg-orange-400 {
        background-color: var(--orange-400) !important;
    }

    body.theme-system  .d\\:fc-orange-400 {
        color: var(--orange-400) !important;
    }

    body.theme-system  .d\\:bg-orange-500 {
        background-color: var(--orange-500) !important;
    }

    body.theme-system  .d\\:fc-orange-500 {
        color: var(--orange-500) !important;
    }

    body.theme-system  .d\\:bg-orange-600 {
        background-color: var(--orange-600) !important;
    }

    body.theme-system  .d\\:fc-orange-600 {
        color: var(--orange-600) !important;
    }

    body.theme-system  .d\\:bg-blue-100 {
        background-color: var(--blue-100) !important;
    }

    body.theme-system  .d\\:fc-blue-100 {
        color: var(--blue-100) !important;
    }

    body.theme-system  .d\\:bg-blue-200 {
        background-color: var(--blue-200) !important;
    }

    body.theme-system  .d\\:fc-blue-200 {
        color: var(--blue-200) !important;
    }

    body.theme-system  .d\\:bg-blue-300 {
        background-color: var(--blue-300) !important;
    }

    body.theme-system  .d\\:fc-blue-300 {
        color: var(--blue-300) !important;
    }

    body.theme-system  .d\\:bg-blue-400 {
        background-color: var(--blue-400) !important;
    }

    body.theme-system  .d\\:fc-blue-400 {
        color: var(--blue-400) !important;
    }

    body.theme-system  .d\\:bg-blue-500 {
        background-color: var(--blue-500) !important;
    }

    body.theme-system  .d\\:fc-blue-500 {
        color: var(--blue-500) !important;
    }

    body.theme-system  .d\\:bg-blue-600 {
        background-color: var(--blue-600) !important;
    }

    body.theme-system  .d\\:fc-blue-600 {
        color: var(--blue-600) !important;
    }

    body.theme-system  .d\\:bg-green-100 {
        background-color: var(--green-100) !important;
    }

    body.theme-system  .d\\:fc-green-100 {
        color: var(--green-100) !important;
    }

    body.theme-system  .d\\:bg-green-200 {
        background-color: var(--green-200) !important;
    }

    body.theme-system  .d\\:fc-green-200 {
        color: var(--green-200) !important;
    }

    body.theme-system  .d\\:bg-green-300 {
        background-color: var(--green-300) !important;
    }

    body.theme-system  .d\\:fc-green-300 {
        color: var(--green-300) !important;
    }

    body.theme-system  .d\\:bg-green-400 {
        background-color: var(--green-400) !important;
    }

    body.theme-system  .d\\:fc-green-400 {
        color: var(--green-400) !important;
    }

    body.theme-system  .d\\:bg-green-500 {
        background-color: var(--green-500) !important;
    }

    body.theme-system  .d\\:fc-green-500 {
        color: var(--green-500) !important;
    }

    body.theme-system  .d\\:bg-green-600 {
        background-color: var(--green-600) !important;
    }

    body.theme-system  .d\\:fc-green-600 {
        color: var(--green-600) !important;
    }

    body.theme-system  .d\\:bg-red-100 {
        background-color: var(--red-100) !important;
    }

    body.theme-system  .d\\:fc-red-100 {
        color: var(--red-100) !important;
    }

    body.theme-system  .d\\:bg-red-200 {
        background-color: var(--red-200) !important;
    }

    body.theme-system  .d\\:fc-red-200 {
        color: var(--red-200) !important;
    }

    body.theme-system  .d\\:bg-red-300 {
        background-color: var(--red-300) !important;
    }

    body.theme-system  .d\\:fc-red-300 {
        color: var(--red-300) !important;
    }

    body.theme-system  .d\\:bg-red-400 {
        background-color: var(--red-400) !important;
    }

    body.theme-system  .d\\:fc-red-400 {
        color: var(--red-400) !important;
    }

    body.theme-system  .d\\:bg-red-500 {
        background-color: var(--red-500) !important;
    }

    body.theme-system  .d\\:fc-red-500 {
        color: var(--red-500) !important;
    }

    body.theme-system  .d\\:bg-red-600 {
        background-color: var(--red-600) !important;
    }

    body.theme-system  .d\\:fc-red-600 {
        color: var(--red-600) !important;
    }

    body.theme-system  .d\\:bg-yellow-100 {
        background-color: var(--yellow-100) !important;
    }

    body.theme-system  .d\\:fc-yellow-100 {
        color: var(--yellow-100) !important;
    }

    body.theme-system  .d\\:bg-yellow-200 {
        background-color: var(--yellow-200) !important;
    }

    body.theme-system  .d\\:fc-yellow-200 {
        color: var(--yellow-200) !important;
    }

    body.theme-system  .d\\:bg-yellow-300 {
        background-color: var(--yellow-300) !important;
    }

    body.theme-system  .d\\:fc-yellow-300 {
        color: var(--yellow-300) !important;
    }

    body.theme-system  .d\\:bg-yellow-400 {
        background-color: var(--yellow-400) !important;
    }

    body.theme-system  .d\\:fc-yellow-400 {
        color: var(--yellow-400) !important;
    }

    body.theme-system  .d\\:bg-yellow-500 {
        background-color: var(--yellow-500) !important;
    }

    body.theme-system  .d\\:fc-yellow-500 {
        color: var(--yellow-500) !important;
    }

    body.theme-system  .d\\:bg-yellow-600 {
        background-color: var(--yellow-600) !important;
    }

    body.theme-system  .d\\:fc-yellow-600 {
        color: var(--yellow-600) !important;
    }

    body.theme-system  .d\\:bg-purple-100 {
        background-color: var(--purple-100) !important;
    }

    body.theme-system  .d\\:fc-purple-100 {
        color: var(--purple-100) !important;
    }

    body.theme-system  .d\\:bg-purple-200 {
        background-color: var(--purple-200) !important;
    }

    body.theme-system  .d\\:fc-purple-200 {
        color: var(--purple-200) !important;
    }

    body.theme-system  .d\\:bg-purple-300 {
        background-color: var(--purple-300) !important;
    }

    body.theme-system  .d\\:fc-purple-300 {
        color: var(--purple-300) !important;
    }

    body.theme-system  .d\\:bg-purple-400 {
        background-color: var(--purple-400) !important;
    }

    body.theme-system  .d\\:fc-purple-400 {
        color: var(--purple-400) !important;
    }

    body.theme-system  .d\\:bg-purple-500 {
        background-color: var(--purple-500) !important;
    }

    body.theme-system  .d\\:fc-purple-500 {
        color: var(--purple-500) !important;
    }

    body.theme-system  .d\\:bg-purple-600 {
        background-color: var(--purple-600) !important;
    }

    body.theme-system  .d\\:fc-purple-600 {
        color: var(--purple-600) !important;
    }

    body.theme-system  .d\\:bg-gold-100 {
        background-color: var(--gold-100) !important;
    }

    body.theme-system  .d\\:fc-gold-100 {
        color: var(--gold-100) !important;
    }

    body.theme-system  .d\\:bg-gold-200 {
        background-color: var(--gold-200) !important;
    }

    body.theme-system  .d\\:fc-gold-200 {
        color: var(--gold-200) !important;
    }

    body.theme-system  .d\\:bg-gold-300 {
        background-color: var(--gold-300) !important;
    }

    body.theme-system  .d\\:fc-gold-300 {
        color: var(--gold-300) !important;
    }

    body.theme-system  .d\\:bg-gold-400 {
        background-color: var(--gold-400) !important;
    }

    body.theme-system  .d\\:fc-gold-400 {
        color: var(--gold-400) !important;
    }

    body.theme-system  .d\\:bg-silver-100 {
        background-color: var(--silver-100) !important;
    }

    body.theme-system  .d\\:fc-silver-100 {
        color: var(--silver-100) !important;
    }

    body.theme-system  .d\\:bg-silver-200 {
        background-color: var(--silver-200) !important;
    }

    body.theme-system  .d\\:fc-silver-200 {
        color: var(--silver-200) !important;
    }

    body.theme-system  .d\\:bg-silver-300 {
        background-color: var(--silver-300) !important;
    }

    body.theme-system  .d\\:fc-silver-300 {
        color: var(--silver-300) !important;
    }

    body.theme-system  .d\\:bg-silver-400 {
        background-color: var(--silver-400) !important;
    }

    body.theme-system  .d\\:fc-silver-400 {
        color: var(--silver-400) !important;
    }

    body.theme-system  .d\\:bg-bronze-100 {
        background-color: var(--bronze-100) !important;
    }

    body.theme-system  .d\\:fc-bronze-100 {
        color: var(--bronze-100) !important;
    }

    body.theme-system  .d\\:bg-bronze-200 {
        background-color: var(--bronze-200) !important;
    }

    body.theme-system  .d\\:fc-bronze-200 {
        color: var(--bronze-200) !important;
    }

    body.theme-system  .d\\:bg-bronze-300 {
        background-color: var(--bronze-300) !important;
    }

    body.theme-system  .d\\:fc-bronze-300 {
        color: var(--bronze-300) !important;
    }

    body.theme-system  .d\\:bg-bronze-400 {
        background-color: var(--bronze-400) !important;
    }

    body.theme-system  .d\\:fc-bronze-400 {
        color: var(--bronze-400) !important;
    }

    body.theme-system  .d\\:fc-light {
        color: var(--fc-light) !important;
    }

    body.theme-system  .d\\:fc-medium {
        color: var(--fc-medium) !important;
    }

    body.theme-system  .d\\:fc-dark {
        color: var(--fc-dark) !important;
    }

    body.theme-system  .d\\:fc-error {
        color: var(--fc-error) !important;
    }

    body.theme-system  .d\\:fc-danger {
        color: var(--fc-danger) !important;
    }

    body.theme-system  .d\\:fc-success {
        color: var(--fc-success) !important;
    }

    body.theme-system  .d\\:fc-warning {
        color: var(--fc-warning) !important;
    }

    body.theme-system  .d\\:bg-error {
        background-color: var(--bg-error) !important;
    }

    body.theme-system  .d\\:bg-danger {
        background-color: var(--bg-danger) !important;
    }

    body.theme-system  .d\\:bg-success {
        background-color: var(--bg-success) !important;
    }

    body.theme-system  .d\\:bg-warning {
        background-color: var(--bg-warning) !important;
    }

    body.theme-system  .bg-transparent,
  body.theme-system  .h\\:bg-transparent:hover,
  body.theme-system  .f\\:bg-transparent:focus,
  body.theme-system  .f\\:bg-transparent:focus-within {
        background-color: transparent !important;
    }

    body.theme-system  .bc-transparent,
  body.theme-system  .h\\:bc-transparent:hover,
  body.theme-system  .f\\:bc-transparent:focus,
  body.theme-system  .f\\:bc-transparent:focus-within {
        border-color: transparent !important;
    }

    body.theme-system  .bg-inherit,
  body.theme-system  .h\\:bg-inherit:hover,
  body.theme-system  .f\\:bg-inherit:focus,
  body.theme-system  .f\\:bg-inherit:focus-within {
        background-color: inherit !important;
    }

    body.theme-system  .bc-inherit,
  body.theme-system  .h\\:bc-inherit:hover,
  body.theme-system  .f\\:bc-inherit:focus,
  body.theme-system  .f\\:bc-inherit:focus-within {
        border-color: inherit !important;
    }
}

body.theme-dark  .d\\:bg-white,
.theme-dark__forced  .d\\:bg-white,
body.theme-system .theme-dark__forced  .d\\:bg-white {
    background-color: var(--white) !important;
}

body.theme-dark  .d\\:fc-white,
.theme-dark__forced  .d\\:fc-white,
body.theme-system .theme-dark__forced  .d\\:fc-white {
    color: var(--white) !important;
}

body.theme-dark  .d\\:bg-black-050,
.theme-dark__forced  .d\\:bg-black-050,
body.theme-system .theme-dark__forced  .d\\:bg-black-050 {
    background-color: var(--black-050) !important;
}

body.theme-dark  .d\\:fc-black-050,
.theme-dark__forced  .d\\:fc-black-050,
body.theme-system .theme-dark__forced  .d\\:fc-black-050 {
    color: var(--black-050) !important;
}

body.theme-dark  .d\\:bg-black-100,
.theme-dark__forced  .d\\:bg-black-100,
body.theme-system .theme-dark__forced  .d\\:bg-black-100 {
    background-color: var(--black-100) !important;
}

body.theme-dark  .d\\:fc-black-100,
.theme-dark__forced  .d\\:fc-black-100,
body.theme-system .theme-dark__forced  .d\\:fc-black-100 {
    color: var(--black-100) !important;
}

body.theme-dark  .d\\:bg-black-150,
.theme-dark__forced  .d\\:bg-black-150,
body.theme-system .theme-dark__forced  .d\\:bg-black-150 {
    background-color: var(--black-150) !important;
}

body.theme-dark  .d\\:fc-black-150,
.theme-dark__forced  .d\\:fc-black-150,
body.theme-system .theme-dark__forced  .d\\:fc-black-150 {
    color: var(--black-150) !important;
}

body.theme-dark  .d\\:bg-black-200,
.theme-dark__forced  .d\\:bg-black-200,
body.theme-system .theme-dark__forced  .d\\:bg-black-200 {
    background-color: var(--black-200) !important;
}

body.theme-dark  .d\\:fc-black-200,
.theme-dark__forced  .d\\:fc-black-200,
body.theme-system .theme-dark__forced  .d\\:fc-black-200 {
    color: var(--black-200) !important;
}

body.theme-dark  .d\\:bg-black-225,
.theme-dark__forced  .d\\:bg-black-225,
body.theme-system .theme-dark__forced  .d\\:bg-black-225 {
    background-color: var(--black-225) !important;
}

body.theme-dark  .d\\:fc-black-225,
.theme-dark__forced  .d\\:fc-black-225,
body.theme-system .theme-dark__forced  .d\\:fc-black-225 {
    color: var(--black-225) !important;
}

body.theme-dark  .d\\:bg-black-250,
.theme-dark__forced  .d\\:bg-black-250,
body.theme-system .theme-dark__forced  .d\\:bg-black-250 {
    background-color: var(--black-250) !important;
}

body.theme-dark  .d\\:fc-black-250,
.theme-dark__forced  .d\\:fc-black-250,
body.theme-system .theme-dark__forced  .d\\:fc-black-250 {
    color: var(--black-250) !important;
}

body.theme-dark  .d\\:bg-black-300,
.theme-dark__forced  .d\\:bg-black-300,
body.theme-system .theme-dark__forced  .d\\:bg-black-300 {
    background-color: var(--black-300) !important;
}

body.theme-dark  .d\\:fc-black-300,
.theme-dark__forced  .d\\:fc-black-300,
body.theme-system .theme-dark__forced  .d\\:fc-black-300 {
    color: var(--black-300) !important;
}

body.theme-dark  .d\\:bg-black-350,
.theme-dark__forced  .d\\:bg-black-350,
body.theme-system .theme-dark__forced  .d\\:bg-black-350 {
    background-color: var(--black-350) !important;
}

body.theme-dark  .d\\:fc-black-350,
.theme-dark__forced  .d\\:fc-black-350,
body.theme-system .theme-dark__forced  .d\\:fc-black-350 {
    color: var(--black-350) !important;
}

body.theme-dark  .d\\:bg-black-400,
.theme-dark__forced  .d\\:bg-black-400,
body.theme-system .theme-dark__forced  .d\\:bg-black-400 {
    background-color: var(--black-400) !important;
}

body.theme-dark  .d\\:fc-black-400,
.theme-dark__forced  .d\\:fc-black-400,
body.theme-system .theme-dark__forced  .d\\:fc-black-400 {
    color: var(--black-400) !important;
}

body.theme-dark  .d\\:bg-black-500,
.theme-dark__forced  .d\\:bg-black-500,
body.theme-system .theme-dark__forced  .d\\:bg-black-500 {
    background-color: var(--black-500) !important;
}

body.theme-dark  .d\\:fc-black-500,
.theme-dark__forced  .d\\:fc-black-500,
body.theme-system .theme-dark__forced  .d\\:fc-black-500 {
    color: var(--black-500) !important;
}

body.theme-dark  .d\\:bg-black-600,
.theme-dark__forced  .d\\:bg-black-600,
body.theme-system .theme-dark__forced  .d\\:bg-black-600 {
    background-color: var(--black-600) !important;
}

body.theme-dark  .d\\:fc-black-600,
.theme-dark__forced  .d\\:fc-black-600,
body.theme-system .theme-dark__forced  .d\\:fc-black-600 {
    color: var(--black-600) !important;
}

body.theme-dark  .d\\:bg-black,
.theme-dark__forced  .d\\:bg-black,
body.theme-system .theme-dark__forced  .d\\:bg-black {
    background-color: var(--black) !important;
}

body.theme-dark  .d\\:fc-black,
.theme-dark__forced  .d\\:fc-black,
body.theme-system .theme-dark__forced  .d\\:fc-black {
    color: var(--black) !important;
}

body.theme-dark  .d\\:bg-orange-100,
.theme-dark__forced  .d\\:bg-orange-100,
body.theme-system .theme-dark__forced  .d\\:bg-orange-100 {
    background-color: var(--orange-100) !important;
}

body.theme-dark  .d\\:fc-orange-100,
.theme-dark__forced  .d\\:fc-orange-100,
body.theme-system .theme-dark__forced  .d\\:fc-orange-100 {
    color: var(--orange-100) !important;
}

body.theme-dark  .d\\:bg-orange-200,
.theme-dark__forced  .d\\:bg-orange-200,
body.theme-system .theme-dark__forced  .d\\:bg-orange-200 {
    background-color: var(--orange-200) !important;
}

body.theme-dark  .d\\:fc-orange-200,
.theme-dark__forced  .d\\:fc-orange-200,
body.theme-system .theme-dark__forced  .d\\:fc-orange-200 {
    color: var(--orange-200) !important;
}

body.theme-dark  .d\\:bg-orange-300,
.theme-dark__forced  .d\\:bg-orange-300,
body.theme-system .theme-dark__forced  .d\\:bg-orange-300 {
    background-color: var(--orange-300) !important;
}

body.theme-dark  .d\\:fc-orange-300,
.theme-dark__forced  .d\\:fc-orange-300,
body.theme-system .theme-dark__forced  .d\\:fc-orange-300 {
    color: var(--orange-300) !important;
}

body.theme-dark  .d\\:bg-orange-400,
.theme-dark__forced  .d\\:bg-orange-400,
body.theme-system .theme-dark__forced  .d\\:bg-orange-400 {
    background-color: var(--orange-400) !important;
}

body.theme-dark  .d\\:fc-orange-400,
.theme-dark__forced  .d\\:fc-orange-400,
body.theme-system .theme-dark__forced  .d\\:fc-orange-400 {
    color: var(--orange-400) !important;
}

body.theme-dark  .d\\:bg-orange-500,
.theme-dark__forced  .d\\:bg-orange-500,
body.theme-system .theme-dark__forced  .d\\:bg-orange-500 {
    background-color: var(--orange-500) !important;
}

body.theme-dark  .d\\:fc-orange-500,
.theme-dark__forced  .d\\:fc-orange-500,
body.theme-system .theme-dark__forced  .d\\:fc-orange-500 {
    color: var(--orange-500) !important;
}

body.theme-dark  .d\\:bg-orange-600,
.theme-dark__forced  .d\\:bg-orange-600,
body.theme-system .theme-dark__forced  .d\\:bg-orange-600 {
    background-color: var(--orange-600) !important;
}

body.theme-dark  .d\\:fc-orange-600,
.theme-dark__forced  .d\\:fc-orange-600,
body.theme-system .theme-dark__forced  .d\\:fc-orange-600 {
    color: var(--orange-600) !important;
}

body.theme-dark  .d\\:bg-blue-100,
.theme-dark__forced  .d\\:bg-blue-100,
body.theme-system .theme-dark__forced  .d\\:bg-blue-100 {
    background-color: var(--blue-100) !important;
}

body.theme-dark  .d\\:fc-blue-100,
.theme-dark__forced  .d\\:fc-blue-100,
body.theme-system .theme-dark__forced  .d\\:fc-blue-100 {
    color: var(--blue-100) !important;
}

body.theme-dark  .d\\:bg-blue-200,
.theme-dark__forced  .d\\:bg-blue-200,
body.theme-system .theme-dark__forced  .d\\:bg-blue-200 {
    background-color: var(--blue-200) !important;
}

body.theme-dark  .d\\:fc-blue-200,
.theme-dark__forced  .d\\:fc-blue-200,
body.theme-system .theme-dark__forced  .d\\:fc-blue-200 {
    color: var(--blue-200) !important;
}

body.theme-dark  .d\\:bg-blue-300,
.theme-dark__forced  .d\\:bg-blue-300,
body.theme-system .theme-dark__forced  .d\\:bg-blue-300 {
    background-color: var(--blue-300) !important;
}

body.theme-dark  .d\\:fc-blue-300,
.theme-dark__forced  .d\\:fc-blue-300,
body.theme-system .theme-dark__forced  .d\\:fc-blue-300 {
    color: var(--blue-300) !important;
}

body.theme-dark  .d\\:bg-blue-400,
.theme-dark__forced  .d\\:bg-blue-400,
body.theme-system .theme-dark__forced  .d\\:bg-blue-400 {
    background-color: var(--blue-400) !important;
}

body.theme-dark  .d\\:fc-blue-400,
.theme-dark__forced  .d\\:fc-blue-400,
body.theme-system .theme-dark__forced  .d\\:fc-blue-400 {
    color: var(--blue-400) !important;
}

body.theme-dark  .d\\:bg-blue-500,
.theme-dark__forced  .d\\:bg-blue-500,
body.theme-system .theme-dark__forced  .d\\:bg-blue-500 {
    background-color: var(--blue-500) !important;
}

body.theme-dark  .d\\:fc-blue-500,
.theme-dark__forced  .d\\:fc-blue-500,
body.theme-system .theme-dark__forced  .d\\:fc-blue-500 {
    color: var(--blue-500) !important;
}

body.theme-dark  .d\\:bg-blue-600,
.theme-dark__forced  .d\\:bg-blue-600,
body.theme-system .theme-dark__forced  .d\\:bg-blue-600 {
    background-color: var(--blue-600) !important;
}

body.theme-dark  .d\\:fc-blue-600,
.theme-dark__forced  .d\\:fc-blue-600,
body.theme-system .theme-dark__forced  .d\\:fc-blue-600 {
    color: var(--blue-600) !important;
}

body.theme-dark  .d\\:bg-green-100,
.theme-dark__forced  .d\\:bg-green-100,
body.theme-system .theme-dark__forced  .d\\:bg-green-100 {
    background-color: var(--green-100) !important;
}

body.theme-dark  .d\\:fc-green-100,
.theme-dark__forced  .d\\:fc-green-100,
body.theme-system .theme-dark__forced  .d\\:fc-green-100 {
    color: var(--green-100) !important;
}

body.theme-dark  .d\\:bg-green-200,
.theme-dark__forced  .d\\:bg-green-200,
body.theme-system .theme-dark__forced  .d\\:bg-green-200 {
    background-color: var(--green-200) !important;
}

body.theme-dark  .d\\:fc-green-200,
.theme-dark__forced  .d\\:fc-green-200,
body.theme-system .theme-dark__forced  .d\\:fc-green-200 {
    color: var(--green-200) !important;
}

body.theme-dark  .d\\:bg-green-300,
.theme-dark__forced  .d\\:bg-green-300,
body.theme-system .theme-dark__forced  .d\\:bg-green-300 {
    background-color: var(--green-300) !important;
}

body.theme-dark  .d\\:fc-green-300,
.theme-dark__forced  .d\\:fc-green-300,
body.theme-system .theme-dark__forced  .d\\:fc-green-300 {
    color: var(--green-300) !important;
}

body.theme-dark  .d\\:bg-green-400,
.theme-dark__forced  .d\\:bg-green-400,
body.theme-system .theme-dark__forced  .d\\:bg-green-400 {
    background-color: var(--green-400) !important;
}

body.theme-dark  .d\\:fc-green-400,
.theme-dark__forced  .d\\:fc-green-400,
body.theme-system .theme-dark__forced  .d\\:fc-green-400 {
    color: var(--green-400) !important;
}

body.theme-dark  .d\\:bg-green-500,
.theme-dark__forced  .d\\:bg-green-500,
body.theme-system .theme-dark__forced  .d\\:bg-green-500 {
    background-color: var(--green-500) !important;
}

body.theme-dark  .d\\:fc-green-500,
.theme-dark__forced  .d\\:fc-green-500,
body.theme-system .theme-dark__forced  .d\\:fc-green-500 {
    color: var(--green-500) !important;
}

body.theme-dark  .d\\:bg-green-600,
.theme-dark__forced  .d\\:bg-green-600,
body.theme-system .theme-dark__forced  .d\\:bg-green-600 {
    background-color: var(--green-600) !important;
}

body.theme-dark  .d\\:fc-green-600,
.theme-dark__forced  .d\\:fc-green-600,
body.theme-system .theme-dark__forced  .d\\:fc-green-600 {
    color: var(--green-600) !important;
}

body.theme-dark  .d\\:bg-red-100,
.theme-dark__forced  .d\\:bg-red-100,
body.theme-system .theme-dark__forced  .d\\:bg-red-100 {
    background-color: var(--red-100) !important;
}

body.theme-dark  .d\\:fc-red-100,
.theme-dark__forced  .d\\:fc-red-100,
body.theme-system .theme-dark__forced  .d\\:fc-red-100 {
    color: var(--red-100) !important;
}

body.theme-dark  .d\\:bg-red-200,
.theme-dark__forced  .d\\:bg-red-200,
body.theme-system .theme-dark__forced  .d\\:bg-red-200 {
    background-color: var(--red-200) !important;
}

body.theme-dark  .d\\:fc-red-200,
.theme-dark__forced  .d\\:fc-red-200,
body.theme-system .theme-dark__forced  .d\\:fc-red-200 {
    color: var(--red-200) !important;
}

body.theme-dark  .d\\:bg-red-300,
.theme-dark__forced  .d\\:bg-red-300,
body.theme-system .theme-dark__forced  .d\\:bg-red-300 {
    background-color: var(--red-300) !important;
}

body.theme-dark  .d\\:fc-red-300,
.theme-dark__forced  .d\\:fc-red-300,
body.theme-system .theme-dark__forced  .d\\:fc-red-300 {
    color: var(--red-300) !important;
}

body.theme-dark  .d\\:bg-red-400,
.theme-dark__forced  .d\\:bg-red-400,
body.theme-system .theme-dark__forced  .d\\:bg-red-400 {
    background-color: var(--red-400) !important;
}

body.theme-dark  .d\\:fc-red-400,
.theme-dark__forced  .d\\:fc-red-400,
body.theme-system .theme-dark__forced  .d\\:fc-red-400 {
    color: var(--red-400) !important;
}

body.theme-dark  .d\\:bg-red-500,
.theme-dark__forced  .d\\:bg-red-500,
body.theme-system .theme-dark__forced  .d\\:bg-red-500 {
    background-color: var(--red-500) !important;
}

body.theme-dark  .d\\:fc-red-500,
.theme-dark__forced  .d\\:fc-red-500,
body.theme-system .theme-dark__forced  .d\\:fc-red-500 {
    color: var(--red-500) !important;
}

body.theme-dark  .d\\:bg-red-600,
.theme-dark__forced  .d\\:bg-red-600,
body.theme-system .theme-dark__forced  .d\\:bg-red-600 {
    background-color: var(--red-600) !important;
}

body.theme-dark  .d\\:fc-red-600,
.theme-dark__forced  .d\\:fc-red-600,
body.theme-system .theme-dark__forced  .d\\:fc-red-600 {
    color: var(--red-600) !important;
}

body.theme-dark  .d\\:bg-yellow-100,
.theme-dark__forced  .d\\:bg-yellow-100,
body.theme-system .theme-dark__forced  .d\\:bg-yellow-100 {
    background-color: var(--yellow-100) !important;
}

body.theme-dark  .d\\:fc-yellow-100,
.theme-dark__forced  .d\\:fc-yellow-100,
body.theme-system .theme-dark__forced  .d\\:fc-yellow-100 {
    color: var(--yellow-100) !important;
}

body.theme-dark  .d\\:bg-yellow-200,
.theme-dark__forced  .d\\:bg-yellow-200,
body.theme-system .theme-dark__forced  .d\\:bg-yellow-200 {
    background-color: var(--yellow-200) !important;
}

body.theme-dark  .d\\:fc-yellow-200,
.theme-dark__forced  .d\\:fc-yellow-200,
body.theme-system .theme-dark__forced  .d\\:fc-yellow-200 {
    color: var(--yellow-200) !important;
}

body.theme-dark  .d\\:bg-yellow-300,
.theme-dark__forced  .d\\:bg-yellow-300,
body.theme-system .theme-dark__forced  .d\\:bg-yellow-300 {
    background-color: var(--yellow-300) !important;
}

body.theme-dark  .d\\:fc-yellow-300,
.theme-dark__forced  .d\\:fc-yellow-300,
body.theme-system .theme-dark__forced  .d\\:fc-yellow-300 {
    color: var(--yellow-300) !important;
}

body.theme-dark  .d\\:bg-yellow-400,
.theme-dark__forced  .d\\:bg-yellow-400,
body.theme-system .theme-dark__forced  .d\\:bg-yellow-400 {
    background-color: var(--yellow-400) !important;
}

body.theme-dark  .d\\:fc-yellow-400,
.theme-dark__forced  .d\\:fc-yellow-400,
body.theme-system .theme-dark__forced  .d\\:fc-yellow-400 {
    color: var(--yellow-400) !important;
}

body.theme-dark  .d\\:bg-yellow-500,
.theme-dark__forced  .d\\:bg-yellow-500,
body.theme-system .theme-dark__forced  .d\\:bg-yellow-500 {
    background-color: var(--yellow-500) !important;
}

body.theme-dark  .d\\:fc-yellow-500,
.theme-dark__forced  .d\\:fc-yellow-500,
body.theme-system .theme-dark__forced  .d\\:fc-yellow-500 {
    color: var(--yellow-500) !important;
}

body.theme-dark  .d\\:bg-yellow-600,
.theme-dark__forced  .d\\:bg-yellow-600,
body.theme-system .theme-dark__forced  .d\\:bg-yellow-600 {
    background-color: var(--yellow-600) !important;
}

body.theme-dark  .d\\:fc-yellow-600,
.theme-dark__forced  .d\\:fc-yellow-600,
body.theme-system .theme-dark__forced  .d\\:fc-yellow-600 {
    color: var(--yellow-600) !important;
}

body.theme-dark  .d\\:bg-purple-100,
.theme-dark__forced  .d\\:bg-purple-100,
body.theme-system .theme-dark__forced  .d\\:bg-purple-100 {
    background-color: var(--purple-100) !important;
}

body.theme-dark  .d\\:fc-purple-100,
.theme-dark__forced  .d\\:fc-purple-100,
body.theme-system .theme-dark__forced  .d\\:fc-purple-100 {
    color: var(--purple-100) !important;
}

body.theme-dark  .d\\:bg-purple-200,
.theme-dark__forced  .d\\:bg-purple-200,
body.theme-system .theme-dark__forced  .d\\:bg-purple-200 {
    background-color: var(--purple-200) !important;
}

body.theme-dark  .d\\:fc-purple-200,
.theme-dark__forced  .d\\:fc-purple-200,
body.theme-system .theme-dark__forced  .d\\:fc-purple-200 {
    color: var(--purple-200) !important;
}

body.theme-dark  .d\\:bg-purple-300,
.theme-dark__forced  .d\\:bg-purple-300,
body.theme-system .theme-dark__forced  .d\\:bg-purple-300 {
    background-color: var(--purple-300) !important;
}

body.theme-dark  .d\\:fc-purple-300,
.theme-dark__forced  .d\\:fc-purple-300,
body.theme-system .theme-dark__forced  .d\\:fc-purple-300 {
    color: var(--purple-300) !important;
}

body.theme-dark  .d\\:bg-purple-400,
.theme-dark__forced  .d\\:bg-purple-400,
body.theme-system .theme-dark__forced  .d\\:bg-purple-400 {
    background-color: var(--purple-400) !important;
}

body.theme-dark  .d\\:fc-purple-400,
.theme-dark__forced  .d\\:fc-purple-400,
body.theme-system .theme-dark__forced  .d\\:fc-purple-400 {
    color: var(--purple-400) !important;
}

body.theme-dark  .d\\:bg-purple-500,
.theme-dark__forced  .d\\:bg-purple-500,
body.theme-system .theme-dark__forced  .d\\:bg-purple-500 {
    background-color: var(--purple-500) !important;
}

body.theme-dark  .d\\:fc-purple-500,
.theme-dark__forced  .d\\:fc-purple-500,
body.theme-system .theme-dark__forced  .d\\:fc-purple-500 {
    color: var(--purple-500) !important;
}

body.theme-dark  .d\\:bg-purple-600,
.theme-dark__forced  .d\\:bg-purple-600,
body.theme-system .theme-dark__forced  .d\\:bg-purple-600 {
    background-color: var(--purple-600) !important;
}

body.theme-dark  .d\\:fc-purple-600,
.theme-dark__forced  .d\\:fc-purple-600,
body.theme-system .theme-dark__forced  .d\\:fc-purple-600 {
    color: var(--purple-600) !important;
}

body.theme-dark  .d\\:bg-gold-100,
.theme-dark__forced  .d\\:bg-gold-100,
body.theme-system .theme-dark__forced  .d\\:bg-gold-100 {
    background-color: var(--gold-100) !important;
}

body.theme-dark  .d\\:fc-gold-100,
.theme-dark__forced  .d\\:fc-gold-100,
body.theme-system .theme-dark__forced  .d\\:fc-gold-100 {
    color: var(--gold-100) !important;
}

body.theme-dark  .d\\:bg-gold-200,
.theme-dark__forced  .d\\:bg-gold-200,
body.theme-system .theme-dark__forced  .d\\:bg-gold-200 {
    background-color: var(--gold-200) !important;
}

body.theme-dark  .d\\:fc-gold-200,
.theme-dark__forced  .d\\:fc-gold-200,
body.theme-system .theme-dark__forced  .d\\:fc-gold-200 {
    color: var(--gold-200) !important;
}

body.theme-dark  .d\\:bg-gold-300,
.theme-dark__forced  .d\\:bg-gold-300,
body.theme-system .theme-dark__forced  .d\\:bg-gold-300 {
    background-color: var(--gold-300) !important;
}

body.theme-dark  .d\\:fc-gold-300,
.theme-dark__forced  .d\\:fc-gold-300,
body.theme-system .theme-dark__forced  .d\\:fc-gold-300 {
    color: var(--gold-300) !important;
}

body.theme-dark  .d\\:bg-gold-400,
.theme-dark__forced  .d\\:bg-gold-400,
body.theme-system .theme-dark__forced  .d\\:bg-gold-400 {
    background-color: var(--gold-400) !important;
}

body.theme-dark  .d\\:fc-gold-400,
.theme-dark__forced  .d\\:fc-gold-400,
body.theme-system .theme-dark__forced  .d\\:fc-gold-400 {
    color: var(--gold-400) !important;
}

body.theme-dark  .d\\:bg-silver-100,
.theme-dark__forced  .d\\:bg-silver-100,
body.theme-system .theme-dark__forced  .d\\:bg-silver-100 {
    background-color: var(--silver-100) !important;
}

body.theme-dark  .d\\:fc-silver-100,
.theme-dark__forced  .d\\:fc-silver-100,
body.theme-system .theme-dark__forced  .d\\:fc-silver-100 {
    color: var(--silver-100) !important;
}

body.theme-dark  .d\\:bg-silver-200,
.theme-dark__forced  .d\\:bg-silver-200,
body.theme-system .theme-dark__forced  .d\\:bg-silver-200 {
    background-color: var(--silver-200) !important;
}

body.theme-dark  .d\\:fc-silver-200,
.theme-dark__forced  .d\\:fc-silver-200,
body.theme-system .theme-dark__forced  .d\\:fc-silver-200 {
    color: var(--silver-200) !important;
}

body.theme-dark  .d\\:bg-silver-300,
.theme-dark__forced  .d\\:bg-silver-300,
body.theme-system .theme-dark__forced  .d\\:bg-silver-300 {
    background-color: var(--silver-300) !important;
}

body.theme-dark  .d\\:fc-silver-300,
.theme-dark__forced  .d\\:fc-silver-300,
body.theme-system .theme-dark__forced  .d\\:fc-silver-300 {
    color: var(--silver-300) !important;
}

body.theme-dark  .d\\:bg-silver-400,
.theme-dark__forced  .d\\:bg-silver-400,
body.theme-system .theme-dark__forced  .d\\:bg-silver-400 {
    background-color: var(--silver-400) !important;
}

body.theme-dark  .d\\:fc-silver-400,
.theme-dark__forced  .d\\:fc-silver-400,
body.theme-system .theme-dark__forced  .d\\:fc-silver-400 {
    color: var(--silver-400) !important;
}

body.theme-dark  .d\\:bg-bronze-100,
.theme-dark__forced  .d\\:bg-bronze-100,
body.theme-system .theme-dark__forced  .d\\:bg-bronze-100 {
    background-color: var(--bronze-100) !important;
}

body.theme-dark  .d\\:fc-bronze-100,
.theme-dark__forced  .d\\:fc-bronze-100,
body.theme-system .theme-dark__forced  .d\\:fc-bronze-100 {
    color: var(--bronze-100) !important;
}

body.theme-dark  .d\\:bg-bronze-200,
.theme-dark__forced  .d\\:bg-bronze-200,
body.theme-system .theme-dark__forced  .d\\:bg-bronze-200 {
    background-color: var(--bronze-200) !important;
}

body.theme-dark  .d\\:fc-bronze-200,
.theme-dark__forced  .d\\:fc-bronze-200,
body.theme-system .theme-dark__forced  .d\\:fc-bronze-200 {
    color: var(--bronze-200) !important;
}

body.theme-dark  .d\\:bg-bronze-300,
.theme-dark__forced  .d\\:bg-bronze-300,
body.theme-system .theme-dark__forced  .d\\:bg-bronze-300 {
    background-color: var(--bronze-300) !important;
}

body.theme-dark  .d\\:fc-bronze-300,
.theme-dark__forced  .d\\:fc-bronze-300,
body.theme-system .theme-dark__forced  .d\\:fc-bronze-300 {
    color: var(--bronze-300) !important;
}

body.theme-dark  .d\\:bg-bronze-400,
.theme-dark__forced  .d\\:bg-bronze-400,
body.theme-system .theme-dark__forced  .d\\:bg-bronze-400 {
    background-color: var(--bronze-400) !important;
}

body.theme-dark  .d\\:fc-bronze-400,
.theme-dark__forced  .d\\:fc-bronze-400,
body.theme-system .theme-dark__forced  .d\\:fc-bronze-400 {
    color: var(--bronze-400) !important;
}

body.theme-dark  .d\\:fc-light,
.theme-dark__forced  .d\\:fc-light,
body.theme-system .theme-dark__forced  .d\\:fc-light {
    color: var(--fc-light) !important;
}

body.theme-dark  .d\\:fc-medium,
.theme-dark__forced  .d\\:fc-medium,
body.theme-system .theme-dark__forced  .d\\:fc-medium {
    color: var(--fc-medium) !important;
}

body.theme-dark  .d\\:fc-dark,
.theme-dark__forced  .d\\:fc-dark,
body.theme-system .theme-dark__forced  .d\\:fc-dark {
    color: var(--fc-dark) !important;
}

body.theme-dark  .d\\:fc-error,
.theme-dark__forced  .d\\:fc-error,
body.theme-system .theme-dark__forced  .d\\:fc-error {
    color: var(--fc-error) !important;
}

body.theme-dark  .d\\:fc-danger,
.theme-dark__forced  .d\\:fc-danger,
body.theme-system .theme-dark__forced  .d\\:fc-danger {
    color: var(--fc-danger) !important;
}

body.theme-dark  .d\\:fc-success,
.theme-dark__forced  .d\\:fc-success,
body.theme-system .theme-dark__forced  .d\\:fc-success {
    color: var(--fc-success) !important;
}

body.theme-dark  .d\\:fc-warning,
.theme-dark__forced  .d\\:fc-warning,
body.theme-system .theme-dark__forced  .d\\:fc-warning {
    color: var(--fc-warning) !important;
}

body.theme-dark  .d\\:bg-error,
.theme-dark__forced  .d\\:bg-error,
body.theme-system .theme-dark__forced  .d\\:bg-error {
    background-color: var(--bg-error) !important;
}

body.theme-dark  .d\\:bg-danger,
.theme-dark__forced  .d\\:bg-danger,
body.theme-system .theme-dark__forced  .d\\:bg-danger {
    background-color: var(--bg-danger) !important;
}

body.theme-dark  .d\\:bg-success,
.theme-dark__forced  .d\\:bg-success,
body.theme-system .theme-dark__forced  .d\\:bg-success {
    background-color: var(--bg-success) !important;
}

body.theme-dark  .d\\:bg-warning,
.theme-dark__forced  .d\\:bg-warning,
body.theme-system .theme-dark__forced  .d\\:bg-warning {
    background-color: var(--bg-warning) !important;
}

body.theme-dark  .bg-transparent,
.theme-dark__forced  .bg-transparent,
body.theme-system .theme-dark__forced  .bg-transparent,
body.theme-dark  .h\\:bg-transparent:hover,
.theme-dark__forced  .h\\:bg-transparent:hover,
body.theme-system .theme-dark__forced  .h\\:bg-transparent:hover,
body.theme-dark  .f\\:bg-transparent:focus,
.theme-dark__forced  .f\\:bg-transparent:focus,
body.theme-system .theme-dark__forced  .f\\:bg-transparent:focus,
body.theme-dark  .f\\:bg-transparent:focus-within,
.theme-dark__forced  .f\\:bg-transparent:focus-within,
body.theme-system .theme-dark__forced  .f\\:bg-transparent:focus-within {
    background-color: transparent !important;
}

body.theme-dark  .bc-transparent,
.theme-dark__forced  .bc-transparent,
body.theme-system .theme-dark__forced  .bc-transparent,
body.theme-dark  .h\\:bc-transparent:hover,
.theme-dark__forced  .h\\:bc-transparent:hover,
body.theme-system .theme-dark__forced  .h\\:bc-transparent:hover,
body.theme-dark  .f\\:bc-transparent:focus,
.theme-dark__forced  .f\\:bc-transparent:focus,
body.theme-system .theme-dark__forced  .f\\:bc-transparent:focus,
body.theme-dark  .f\\:bc-transparent:focus-within,
.theme-dark__forced  .f\\:bc-transparent:focus-within,
body.theme-system .theme-dark__forced  .f\\:bc-transparent:focus-within {
    border-color: transparent !important;
}

body.theme-dark  .bg-inherit,
.theme-dark__forced  .bg-inherit,
body.theme-system .theme-dark__forced  .bg-inherit,
body.theme-dark  .h\\:bg-inherit:hover,
.theme-dark__forced  .h\\:bg-inherit:hover,
body.theme-system .theme-dark__forced  .h\\:bg-inherit:hover,
body.theme-dark  .f\\:bg-inherit:focus,
.theme-dark__forced  .f\\:bg-inherit:focus,
body.theme-system .theme-dark__forced  .f\\:bg-inherit:focus,
body.theme-dark  .f\\:bg-inherit:focus-within,
.theme-dark__forced  .f\\:bg-inherit:focus-within,
body.theme-system .theme-dark__forced  .f\\:bg-inherit:focus-within {
    background-color: inherit !important;
}

body.theme-dark  .bc-inherit,
.theme-dark__forced  .bc-inherit,
body.theme-system .theme-dark__forced  .bc-inherit,
body.theme-dark  .h\\:bc-inherit:hover,
.theme-dark__forced  .h\\:bc-inherit:hover,
body.theme-system .theme-dark__forced  .h\\:bc-inherit:hover,
body.theme-dark  .f\\:bc-inherit:focus,
.theme-dark__forced  .f\\:bc-inherit:focus,
body.theme-system .theme-dark__forced  .f\\:bc-inherit:focus,
body.theme-dark  .f\\:bc-inherit:focus-within,
.theme-dark__forced  .f\\:bc-inherit:focus-within,
body.theme-system .theme-dark__forced  .f\\:bc-inherit:focus-within {
    border-color: inherit !important;
}
"
`;
