// Vitest Snapshot v1, https://vitest.dev/guide/snapshot.html

exports[`atomic: color-new > should output all new atomic css classes for colors 1`] = `
".bc-white-new,
.h\\\\:bc-white-new:hover,
.f\\\\:bc-white-new:focus,
.f\\\\:bc-white-new:focus-within {
    border-color: var(--white-new) !important;
}

.bg-white-new,
.h\\\\:bg-white-new:hover,
.f\\\\:bg-white-new:focus,
.f\\\\:bg-white-new:focus-within {
    background-color: var(--white-new) !important;
}

.fc-white-new,
.h\\\\:fc-white-new:hover,
.f\\\\:fc-white-new:focus,
.f\\\\:fc-white-new:focus-within {
    color: var(--white-new) !important;
}

@media (prefers-color-scheme: dark) {
    body.theme-system  .d\\\\:bg-white-new {
        background-color: var(--white-new) !important;
    }

    body.theme-system  .d\\\\:fc-white-new {
        color: var(--white-new) !important;
    }
}

body.theme-dark  .d\\\\:bg-white-new,
.theme-dark__forced  .d\\\\:bg-white-new,
body.theme-system .theme-dark__forced  .d\\\\:bg-white-new {
    background-color: var(--white-new) !important;
}

body.theme-dark  .d\\\\:fc-white-new,
.theme-dark__forced  .d\\\\:fc-white-new,
body.theme-system .theme-dark__forced  .d\\\\:fc-white-new {
    color: var(--white-new) !important;
}

.bc-black-new-050,
.h\\\\:bc-black-new-050:hover,
.f\\\\:bc-black-new-050:focus,
.f\\\\:bc-black-new-050:focus-within {
    border-color: var(--black-new-050) !important;
}

.bg-black-new-050,
.h\\\\:bg-black-new-050:hover,
.f\\\\:bg-black-new-050:focus,
.f\\\\:bg-black-new-050:focus-within {
    background-color: var(--black-new-050) !important;
}

.fc-black-new-050,
.h\\\\:fc-black-new-050:hover,
.f\\\\:fc-black-new-050:focus,
.f\\\\:fc-black-new-050:focus-within {
    color: var(--black-new-050) !important;
}

@media (prefers-color-scheme: dark) {
    body.theme-system  .d\\\\:bg-black-new-050 {
        background-color: var(--black-new-050) !important;
    }

    body.theme-system  .d\\\\:fc-black-new-050 {
        color: var(--black-new-050) !important;
    }
}

body.theme-dark  .d\\\\:bg-black-new-050,
.theme-dark__forced  .d\\\\:bg-black-new-050,
body.theme-system .theme-dark__forced  .d\\\\:bg-black-new-050 {
    background-color: var(--black-new-050) !important;
}

body.theme-dark  .d\\\\:fc-black-new-050,
.theme-dark__forced  .d\\\\:fc-black-new-050,
body.theme-system .theme-dark__forced  .d\\\\:fc-black-new-050 {
    color: var(--black-new-050) !important;
}

.bc-black-new-100,
.h\\\\:bc-black-new-100:hover,
.f\\\\:bc-black-new-100:focus,
.f\\\\:bc-black-new-100:focus-within {
    border-color: var(--black-new-100) !important;
}

.bg-black-new-100,
.h\\\\:bg-black-new-100:hover,
.f\\\\:bg-black-new-100:focus,
.f\\\\:bg-black-new-100:focus-within {
    background-color: var(--black-new-100) !important;
}

.fc-black-new-100,
.h\\\\:fc-black-new-100:hover,
.f\\\\:fc-black-new-100:focus,
.f\\\\:fc-black-new-100:focus-within {
    color: var(--black-new-100) !important;
}

@media (prefers-color-scheme: dark) {
    body.theme-system  .d\\\\:bg-black-new-100 {
        background-color: var(--black-new-100) !important;
    }

    body.theme-system  .d\\\\:fc-black-new-100 {
        color: var(--black-new-100) !important;
    }
}

body.theme-dark  .d\\\\:bg-black-new-100,
.theme-dark__forced  .d\\\\:bg-black-new-100,
body.theme-system .theme-dark__forced  .d\\\\:bg-black-new-100 {
    background-color: var(--black-new-100) !important;
}

body.theme-dark  .d\\\\:fc-black-new-100,
.theme-dark__forced  .d\\\\:fc-black-new-100,
body.theme-system .theme-dark__forced  .d\\\\:fc-black-new-100 {
    color: var(--black-new-100) !important;
}

.bc-black-new-150,
.h\\\\:bc-black-new-150:hover,
.f\\\\:bc-black-new-150:focus,
.f\\\\:bc-black-new-150:focus-within {
    border-color: var(--black-new-150) !important;
}

.bg-black-new-150,
.h\\\\:bg-black-new-150:hover,
.f\\\\:bg-black-new-150:focus,
.f\\\\:bg-black-new-150:focus-within {
    background-color: var(--black-new-150) !important;
}

.fc-black-new-150,
.h\\\\:fc-black-new-150:hover,
.f\\\\:fc-black-new-150:focus,
.f\\\\:fc-black-new-150:focus-within {
    color: var(--black-new-150) !important;
}

@media (prefers-color-scheme: dark) {
    body.theme-system  .d\\\\:bg-black-new-150 {
        background-color: var(--black-new-150) !important;
    }

    body.theme-system  .d\\\\:fc-black-new-150 {
        color: var(--black-new-150) !important;
    }
}

body.theme-dark  .d\\\\:bg-black-new-150,
.theme-dark__forced  .d\\\\:bg-black-new-150,
body.theme-system .theme-dark__forced  .d\\\\:bg-black-new-150 {
    background-color: var(--black-new-150) !important;
}

body.theme-dark  .d\\\\:fc-black-new-150,
.theme-dark__forced  .d\\\\:fc-black-new-150,
body.theme-system .theme-dark__forced  .d\\\\:fc-black-new-150 {
    color: var(--black-new-150) !important;
}

.bc-black-new-200,
.h\\\\:bc-black-new-200:hover,
.f\\\\:bc-black-new-200:focus,
.f\\\\:bc-black-new-200:focus-within {
    border-color: var(--black-new-200) !important;
}

.bg-black-new-200,
.h\\\\:bg-black-new-200:hover,
.f\\\\:bg-black-new-200:focus,
.f\\\\:bg-black-new-200:focus-within {
    background-color: var(--black-new-200) !important;
}

.fc-black-new-200,
.h\\\\:fc-black-new-200:hover,
.f\\\\:fc-black-new-200:focus,
.f\\\\:fc-black-new-200:focus-within {
    color: var(--black-new-200) !important;
}

@media (prefers-color-scheme: dark) {
    body.theme-system  .d\\\\:bg-black-new-200 {
        background-color: var(--black-new-200) !important;
    }

    body.theme-system  .d\\\\:fc-black-new-200 {
        color: var(--black-new-200) !important;
    }
}

body.theme-dark  .d\\\\:bg-black-new-200,
.theme-dark__forced  .d\\\\:bg-black-new-200,
body.theme-system .theme-dark__forced  .d\\\\:bg-black-new-200 {
    background-color: var(--black-new-200) !important;
}

body.theme-dark  .d\\\\:fc-black-new-200,
.theme-dark__forced  .d\\\\:fc-black-new-200,
body.theme-system .theme-dark__forced  .d\\\\:fc-black-new-200 {
    color: var(--black-new-200) !important;
}

.bc-black-new-225,
.h\\\\:bc-black-new-225:hover,
.f\\\\:bc-black-new-225:focus,
.f\\\\:bc-black-new-225:focus-within {
    border-color: var(--black-new-225) !important;
}

.bg-black-new-225,
.h\\\\:bg-black-new-225:hover,
.f\\\\:bg-black-new-225:focus,
.f\\\\:bg-black-new-225:focus-within {
    background-color: var(--black-new-225) !important;
}

.fc-black-new-225,
.h\\\\:fc-black-new-225:hover,
.f\\\\:fc-black-new-225:focus,
.f\\\\:fc-black-new-225:focus-within {
    color: var(--black-new-225) !important;
}

@media (prefers-color-scheme: dark) {
    body.theme-system  .d\\\\:bg-black-new-225 {
        background-color: var(--black-new-225) !important;
    }

    body.theme-system  .d\\\\:fc-black-new-225 {
        color: var(--black-new-225) !important;
    }
}

body.theme-dark  .d\\\\:bg-black-new-225,
.theme-dark__forced  .d\\\\:bg-black-new-225,
body.theme-system .theme-dark__forced  .d\\\\:bg-black-new-225 {
    background-color: var(--black-new-225) !important;
}

body.theme-dark  .d\\\\:fc-black-new-225,
.theme-dark__forced  .d\\\\:fc-black-new-225,
body.theme-system .theme-dark__forced  .d\\\\:fc-black-new-225 {
    color: var(--black-new-225) !important;
}

.bc-black-new-250,
.h\\\\:bc-black-new-250:hover,
.f\\\\:bc-black-new-250:focus,
.f\\\\:bc-black-new-250:focus-within {
    border-color: var(--black-new-250) !important;
}

.bg-black-new-250,
.h\\\\:bg-black-new-250:hover,
.f\\\\:bg-black-new-250:focus,
.f\\\\:bg-black-new-250:focus-within {
    background-color: var(--black-new-250) !important;
}

.fc-black-new-250,
.h\\\\:fc-black-new-250:hover,
.f\\\\:fc-black-new-250:focus,
.f\\\\:fc-black-new-250:focus-within {
    color: var(--black-new-250) !important;
}

@media (prefers-color-scheme: dark) {
    body.theme-system  .d\\\\:bg-black-new-250 {
        background-color: var(--black-new-250) !important;
    }

    body.theme-system  .d\\\\:fc-black-new-250 {
        color: var(--black-new-250) !important;
    }
}

body.theme-dark  .d\\\\:bg-black-new-250,
.theme-dark__forced  .d\\\\:bg-black-new-250,
body.theme-system .theme-dark__forced  .d\\\\:bg-black-new-250 {
    background-color: var(--black-new-250) !important;
}

body.theme-dark  .d\\\\:fc-black-new-250,
.theme-dark__forced  .d\\\\:fc-black-new-250,
body.theme-system .theme-dark__forced  .d\\\\:fc-black-new-250 {
    color: var(--black-new-250) !important;
}

.bc-black-new-300,
.h\\\\:bc-black-new-300:hover,
.f\\\\:bc-black-new-300:focus,
.f\\\\:bc-black-new-300:focus-within {
    border-color: var(--black-new-300) !important;
}

.bg-black-new-300,
.h\\\\:bg-black-new-300:hover,
.f\\\\:bg-black-new-300:focus,
.f\\\\:bg-black-new-300:focus-within {
    background-color: var(--black-new-300) !important;
}

.fc-black-new-300,
.h\\\\:fc-black-new-300:hover,
.f\\\\:fc-black-new-300:focus,
.f\\\\:fc-black-new-300:focus-within {
    color: var(--black-new-300) !important;
}

@media (prefers-color-scheme: dark) {
    body.theme-system  .d\\\\:bg-black-new-300 {
        background-color: var(--black-new-300) !important;
    }

    body.theme-system  .d\\\\:fc-black-new-300 {
        color: var(--black-new-300) !important;
    }
}

body.theme-dark  .d\\\\:bg-black-new-300,
.theme-dark__forced  .d\\\\:bg-black-new-300,
body.theme-system .theme-dark__forced  .d\\\\:bg-black-new-300 {
    background-color: var(--black-new-300) !important;
}

body.theme-dark  .d\\\\:fc-black-new-300,
.theme-dark__forced  .d\\\\:fc-black-new-300,
body.theme-system .theme-dark__forced  .d\\\\:fc-black-new-300 {
    color: var(--black-new-300) !important;
}

.bc-black-new-350,
.h\\\\:bc-black-new-350:hover,
.f\\\\:bc-black-new-350:focus,
.f\\\\:bc-black-new-350:focus-within {
    border-color: var(--black-new-350) !important;
}

.bg-black-new-350,
.h\\\\:bg-black-new-350:hover,
.f\\\\:bg-black-new-350:focus,
.f\\\\:bg-black-new-350:focus-within {
    background-color: var(--black-new-350) !important;
}

.fc-black-new-350,
.h\\\\:fc-black-new-350:hover,
.f\\\\:fc-black-new-350:focus,
.f\\\\:fc-black-new-350:focus-within {
    color: var(--black-new-350) !important;
}

@media (prefers-color-scheme: dark) {
    body.theme-system  .d\\\\:bg-black-new-350 {
        background-color: var(--black-new-350) !important;
    }

    body.theme-system  .d\\\\:fc-black-new-350 {
        color: var(--black-new-350) !important;
    }
}

body.theme-dark  .d\\\\:bg-black-new-350,
.theme-dark__forced  .d\\\\:bg-black-new-350,
body.theme-system .theme-dark__forced  .d\\\\:bg-black-new-350 {
    background-color: var(--black-new-350) !important;
}

body.theme-dark  .d\\\\:fc-black-new-350,
.theme-dark__forced  .d\\\\:fc-black-new-350,
body.theme-system .theme-dark__forced  .d\\\\:fc-black-new-350 {
    color: var(--black-new-350) !important;
}

.bc-black-new-400,
.h\\\\:bc-black-new-400:hover,
.f\\\\:bc-black-new-400:focus,
.f\\\\:bc-black-new-400:focus-within {
    border-color: var(--black-new-400) !important;
}

.bg-black-new-400,
.h\\\\:bg-black-new-400:hover,
.f\\\\:bg-black-new-400:focus,
.f\\\\:bg-black-new-400:focus-within {
    background-color: var(--black-new-400) !important;
}

.fc-black-new-400,
.h\\\\:fc-black-new-400:hover,
.f\\\\:fc-black-new-400:focus,
.f\\\\:fc-black-new-400:focus-within {
    color: var(--black-new-400) !important;
}

@media (prefers-color-scheme: dark) {
    body.theme-system  .d\\\\:bg-black-new-400 {
        background-color: var(--black-new-400) !important;
    }

    body.theme-system  .d\\\\:fc-black-new-400 {
        color: var(--black-new-400) !important;
    }
}

body.theme-dark  .d\\\\:bg-black-new-400,
.theme-dark__forced  .d\\\\:bg-black-new-400,
body.theme-system .theme-dark__forced  .d\\\\:bg-black-new-400 {
    background-color: var(--black-new-400) !important;
}

body.theme-dark  .d\\\\:fc-black-new-400,
.theme-dark__forced  .d\\\\:fc-black-new-400,
body.theme-system .theme-dark__forced  .d\\\\:fc-black-new-400 {
    color: var(--black-new-400) !important;
}

.bc-black-new-500,
.h\\\\:bc-black-new-500:hover,
.f\\\\:bc-black-new-500:focus,
.f\\\\:bc-black-new-500:focus-within {
    border-color: var(--black-new-500) !important;
}

.bg-black-new-500,
.h\\\\:bg-black-new-500:hover,
.f\\\\:bg-black-new-500:focus,
.f\\\\:bg-black-new-500:focus-within {
    background-color: var(--black-new-500) !important;
}

.fc-black-new-500,
.h\\\\:fc-black-new-500:hover,
.f\\\\:fc-black-new-500:focus,
.f\\\\:fc-black-new-500:focus-within {
    color: var(--black-new-500) !important;
}

@media (prefers-color-scheme: dark) {
    body.theme-system  .d\\\\:bg-black-new-500 {
        background-color: var(--black-new-500) !important;
    }

    body.theme-system  .d\\\\:fc-black-new-500 {
        color: var(--black-new-500) !important;
    }
}

body.theme-dark  .d\\\\:bg-black-new-500,
.theme-dark__forced  .d\\\\:bg-black-new-500,
body.theme-system .theme-dark__forced  .d\\\\:bg-black-new-500 {
    background-color: var(--black-new-500) !important;
}

body.theme-dark  .d\\\\:fc-black-new-500,
.theme-dark__forced  .d\\\\:fc-black-new-500,
body.theme-system .theme-dark__forced  .d\\\\:fc-black-new-500 {
    color: var(--black-new-500) !important;
}

.bc-black-new-600,
.h\\\\:bc-black-new-600:hover,
.f\\\\:bc-black-new-600:focus,
.f\\\\:bc-black-new-600:focus-within {
    border-color: var(--black-new-600) !important;
}

.bg-black-new-600,
.h\\\\:bg-black-new-600:hover,
.f\\\\:bg-black-new-600:focus,
.f\\\\:bg-black-new-600:focus-within {
    background-color: var(--black-new-600) !important;
}

.fc-black-new-600,
.h\\\\:fc-black-new-600:hover,
.f\\\\:fc-black-new-600:focus,
.f\\\\:fc-black-new-600:focus-within {
    color: var(--black-new-600) !important;
}

@media (prefers-color-scheme: dark) {
    body.theme-system  .d\\\\:bg-black-new-600 {
        background-color: var(--black-new-600) !important;
    }

    body.theme-system  .d\\\\:fc-black-new-600 {
        color: var(--black-new-600) !important;
    }
}

body.theme-dark  .d\\\\:bg-black-new-600,
.theme-dark__forced  .d\\\\:bg-black-new-600,
body.theme-system .theme-dark__forced  .d\\\\:bg-black-new-600 {
    background-color: var(--black-new-600) !important;
}

body.theme-dark  .d\\\\:fc-black-new-600,
.theme-dark__forced  .d\\\\:fc-black-new-600,
body.theme-system .theme-dark__forced  .d\\\\:fc-black-new-600 {
    color: var(--black-new-600) !important;
}

.bc-black-new,
.h\\\\:bc-black-new:hover,
.f\\\\:bc-black-new:focus,
.f\\\\:bc-black-new:focus-within {
    border-color: var(--black-new) !important;
}

.bg-black-new,
.h\\\\:bg-black-new:hover,
.f\\\\:bg-black-new:focus,
.f\\\\:bg-black-new:focus-within {
    background-color: var(--black-new) !important;
}

.fc-black-new,
.h\\\\:fc-black-new:hover,
.f\\\\:fc-black-new:focus,
.f\\\\:fc-black-new:focus-within {
    color: var(--black-new) !important;
}

@media (prefers-color-scheme: dark) {
    body.theme-system  .d\\\\:bg-black-new {
        background-color: var(--black-new) !important;
    }

    body.theme-system  .d\\\\:fc-black-new {
        color: var(--black-new) !important;
    }
}

body.theme-dark  .d\\\\:bg-black-new,
.theme-dark__forced  .d\\\\:bg-black-new,
body.theme-system .theme-dark__forced  .d\\\\:bg-black-new {
    background-color: var(--black-new) !important;
}

body.theme-dark  .d\\\\:fc-black-new,
.theme-dark__forced  .d\\\\:fc-black-new,
body.theme-system .theme-dark__forced  .d\\\\:fc-black-new {
    color: var(--black-new) !important;
}

.bc-orange-new-100,
.h\\\\:bc-orange-new-100:hover,
.f\\\\:bc-orange-new-100:focus,
.f\\\\:bc-orange-new-100:focus-within {
    border-color: var(--orange-new-100) !important;
}

.bg-orange-new-100,
.h\\\\:bg-orange-new-100:hover,
.f\\\\:bg-orange-new-100:focus,
.f\\\\:bg-orange-new-100:focus-within {
    background-color: var(--orange-new-100) !important;
}

.fc-orange-new-100,
.h\\\\:fc-orange-new-100:hover,
.f\\\\:fc-orange-new-100:focus,
.f\\\\:fc-orange-new-100:focus-within {
    color: var(--orange-new-100) !important;
}

@media (prefers-color-scheme: dark) {
    body.theme-system  .d\\\\:bg-orange-new-100 {
        background-color: var(--orange-new-100) !important;
    }

    body.theme-system  .d\\\\:fc-orange-new-100 {
        color: var(--orange-new-100) !important;
    }
}

body.theme-dark  .d\\\\:bg-orange-new-100,
.theme-dark__forced  .d\\\\:bg-orange-new-100,
body.theme-system .theme-dark__forced  .d\\\\:bg-orange-new-100 {
    background-color: var(--orange-new-100) !important;
}

body.theme-dark  .d\\\\:fc-orange-new-100,
.theme-dark__forced  .d\\\\:fc-orange-new-100,
body.theme-system .theme-dark__forced  .d\\\\:fc-orange-new-100 {
    color: var(--orange-new-100) !important;
}

.bc-orange-new-200,
.h\\\\:bc-orange-new-200:hover,
.f\\\\:bc-orange-new-200:focus,
.f\\\\:bc-orange-new-200:focus-within {
    border-color: var(--orange-new-200) !important;
}

.bg-orange-new-200,
.h\\\\:bg-orange-new-200:hover,
.f\\\\:bg-orange-new-200:focus,
.f\\\\:bg-orange-new-200:focus-within {
    background-color: var(--orange-new-200) !important;
}

.fc-orange-new-200,
.h\\\\:fc-orange-new-200:hover,
.f\\\\:fc-orange-new-200:focus,
.f\\\\:fc-orange-new-200:focus-within {
    color: var(--orange-new-200) !important;
}

@media (prefers-color-scheme: dark) {
    body.theme-system  .d\\\\:bg-orange-new-200 {
        background-color: var(--orange-new-200) !important;
    }

    body.theme-system  .d\\\\:fc-orange-new-200 {
        color: var(--orange-new-200) !important;
    }
}

body.theme-dark  .d\\\\:bg-orange-new-200,
.theme-dark__forced  .d\\\\:bg-orange-new-200,
body.theme-system .theme-dark__forced  .d\\\\:bg-orange-new-200 {
    background-color: var(--orange-new-200) !important;
}

body.theme-dark  .d\\\\:fc-orange-new-200,
.theme-dark__forced  .d\\\\:fc-orange-new-200,
body.theme-system .theme-dark__forced  .d\\\\:fc-orange-new-200 {
    color: var(--orange-new-200) !important;
}

.bc-orange-new-300,
.h\\\\:bc-orange-new-300:hover,
.f\\\\:bc-orange-new-300:focus,
.f\\\\:bc-orange-new-300:focus-within {
    border-color: var(--orange-new-300) !important;
}

.bg-orange-new-300,
.h\\\\:bg-orange-new-300:hover,
.f\\\\:bg-orange-new-300:focus,
.f\\\\:bg-orange-new-300:focus-within {
    background-color: var(--orange-new-300) !important;
}

.fc-orange-new-300,
.h\\\\:fc-orange-new-300:hover,
.f\\\\:fc-orange-new-300:focus,
.f\\\\:fc-orange-new-300:focus-within {
    color: var(--orange-new-300) !important;
}

@media (prefers-color-scheme: dark) {
    body.theme-system  .d\\\\:bg-orange-new-300 {
        background-color: var(--orange-new-300) !important;
    }

    body.theme-system  .d\\\\:fc-orange-new-300 {
        color: var(--orange-new-300) !important;
    }
}

body.theme-dark  .d\\\\:bg-orange-new-300,
.theme-dark__forced  .d\\\\:bg-orange-new-300,
body.theme-system .theme-dark__forced  .d\\\\:bg-orange-new-300 {
    background-color: var(--orange-new-300) !important;
}

body.theme-dark  .d\\\\:fc-orange-new-300,
.theme-dark__forced  .d\\\\:fc-orange-new-300,
body.theme-system .theme-dark__forced  .d\\\\:fc-orange-new-300 {
    color: var(--orange-new-300) !important;
}

.bc-orange-new-400,
.h\\\\:bc-orange-new-400:hover,
.f\\\\:bc-orange-new-400:focus,
.f\\\\:bc-orange-new-400:focus-within {
    border-color: var(--orange-new-400) !important;
}

.bg-orange-new-400,
.h\\\\:bg-orange-new-400:hover,
.f\\\\:bg-orange-new-400:focus,
.f\\\\:bg-orange-new-400:focus-within {
    background-color: var(--orange-new-400) !important;
}

.fc-orange-new-400,
.h\\\\:fc-orange-new-400:hover,
.f\\\\:fc-orange-new-400:focus,
.f\\\\:fc-orange-new-400:focus-within {
    color: var(--orange-new-400) !important;
}

@media (prefers-color-scheme: dark) {
    body.theme-system  .d\\\\:bg-orange-new-400 {
        background-color: var(--orange-new-400) !important;
    }

    body.theme-system  .d\\\\:fc-orange-new-400 {
        color: var(--orange-new-400) !important;
    }
}

body.theme-dark  .d\\\\:bg-orange-new-400,
.theme-dark__forced  .d\\\\:bg-orange-new-400,
body.theme-system .theme-dark__forced  .d\\\\:bg-orange-new-400 {
    background-color: var(--orange-new-400) !important;
}

body.theme-dark  .d\\\\:fc-orange-new-400,
.theme-dark__forced  .d\\\\:fc-orange-new-400,
body.theme-system .theme-dark__forced  .d\\\\:fc-orange-new-400 {
    color: var(--orange-new-400) !important;
}

.bc-orange-new-500,
.h\\\\:bc-orange-new-500:hover,
.f\\\\:bc-orange-new-500:focus,
.f\\\\:bc-orange-new-500:focus-within {
    border-color: var(--orange-new-500) !important;
}

.bg-orange-new-500,
.h\\\\:bg-orange-new-500:hover,
.f\\\\:bg-orange-new-500:focus,
.f\\\\:bg-orange-new-500:focus-within {
    background-color: var(--orange-new-500) !important;
}

.fc-orange-new-500,
.h\\\\:fc-orange-new-500:hover,
.f\\\\:fc-orange-new-500:focus,
.f\\\\:fc-orange-new-500:focus-within {
    color: var(--orange-new-500) !important;
}

@media (prefers-color-scheme: dark) {
    body.theme-system  .d\\\\:bg-orange-new-500 {
        background-color: var(--orange-new-500) !important;
    }

    body.theme-system  .d\\\\:fc-orange-new-500 {
        color: var(--orange-new-500) !important;
    }
}

body.theme-dark  .d\\\\:bg-orange-new-500,
.theme-dark__forced  .d\\\\:bg-orange-new-500,
body.theme-system .theme-dark__forced  .d\\\\:bg-orange-new-500 {
    background-color: var(--orange-new-500) !important;
}

body.theme-dark  .d\\\\:fc-orange-new-500,
.theme-dark__forced  .d\\\\:fc-orange-new-500,
body.theme-system .theme-dark__forced  .d\\\\:fc-orange-new-500 {
    color: var(--orange-new-500) !important;
}

.bc-orange-new-600,
.h\\\\:bc-orange-new-600:hover,
.f\\\\:bc-orange-new-600:focus,
.f\\\\:bc-orange-new-600:focus-within {
    border-color: var(--orange-new-600) !important;
}

.bg-orange-new-600,
.h\\\\:bg-orange-new-600:hover,
.f\\\\:bg-orange-new-600:focus,
.f\\\\:bg-orange-new-600:focus-within {
    background-color: var(--orange-new-600) !important;
}

.fc-orange-new-600,
.h\\\\:fc-orange-new-600:hover,
.f\\\\:fc-orange-new-600:focus,
.f\\\\:fc-orange-new-600:focus-within {
    color: var(--orange-new-600) !important;
}

@media (prefers-color-scheme: dark) {
    body.theme-system  .d\\\\:bg-orange-new-600 {
        background-color: var(--orange-new-600) !important;
    }

    body.theme-system  .d\\\\:fc-orange-new-600 {
        color: var(--orange-new-600) !important;
    }
}

body.theme-dark  .d\\\\:bg-orange-new-600,
.theme-dark__forced  .d\\\\:bg-orange-new-600,
body.theme-system .theme-dark__forced  .d\\\\:bg-orange-new-600 {
    background-color: var(--orange-new-600) !important;
}

body.theme-dark  .d\\\\:fc-orange-new-600,
.theme-dark__forced  .d\\\\:fc-orange-new-600,
body.theme-system .theme-dark__forced  .d\\\\:fc-orange-new-600 {
    color: var(--orange-new-600) !important;
}

.bc-blue-new-100,
.h\\\\:bc-blue-new-100:hover,
.f\\\\:bc-blue-new-100:focus,
.f\\\\:bc-blue-new-100:focus-within {
    border-color: var(--blue-new-100) !important;
}

.bg-blue-new-100,
.h\\\\:bg-blue-new-100:hover,
.f\\\\:bg-blue-new-100:focus,
.f\\\\:bg-blue-new-100:focus-within {
    background-color: var(--blue-new-100) !important;
}

.fc-blue-new-100,
.h\\\\:fc-blue-new-100:hover,
.f\\\\:fc-blue-new-100:focus,
.f\\\\:fc-blue-new-100:focus-within {
    color: var(--blue-new-100) !important;
}

@media (prefers-color-scheme: dark) {
    body.theme-system  .d\\\\:bg-blue-new-100 {
        background-color: var(--blue-new-100) !important;
    }

    body.theme-system  .d\\\\:fc-blue-new-100 {
        color: var(--blue-new-100) !important;
    }
}

body.theme-dark  .d\\\\:bg-blue-new-100,
.theme-dark__forced  .d\\\\:bg-blue-new-100,
body.theme-system .theme-dark__forced  .d\\\\:bg-blue-new-100 {
    background-color: var(--blue-new-100) !important;
}

body.theme-dark  .d\\\\:fc-blue-new-100,
.theme-dark__forced  .d\\\\:fc-blue-new-100,
body.theme-system .theme-dark__forced  .d\\\\:fc-blue-new-100 {
    color: var(--blue-new-100) !important;
}

.bc-blue-new-200,
.h\\\\:bc-blue-new-200:hover,
.f\\\\:bc-blue-new-200:focus,
.f\\\\:bc-blue-new-200:focus-within {
    border-color: var(--blue-new-200) !important;
}

.bg-blue-new-200,
.h\\\\:bg-blue-new-200:hover,
.f\\\\:bg-blue-new-200:focus,
.f\\\\:bg-blue-new-200:focus-within {
    background-color: var(--blue-new-200) !important;
}

.fc-blue-new-200,
.h\\\\:fc-blue-new-200:hover,
.f\\\\:fc-blue-new-200:focus,
.f\\\\:fc-blue-new-200:focus-within {
    color: var(--blue-new-200) !important;
}

@media (prefers-color-scheme: dark) {
    body.theme-system  .d\\\\:bg-blue-new-200 {
        background-color: var(--blue-new-200) !important;
    }

    body.theme-system  .d\\\\:fc-blue-new-200 {
        color: var(--blue-new-200) !important;
    }
}

body.theme-dark  .d\\\\:bg-blue-new-200,
.theme-dark__forced  .d\\\\:bg-blue-new-200,
body.theme-system .theme-dark__forced  .d\\\\:bg-blue-new-200 {
    background-color: var(--blue-new-200) !important;
}

body.theme-dark  .d\\\\:fc-blue-new-200,
.theme-dark__forced  .d\\\\:fc-blue-new-200,
body.theme-system .theme-dark__forced  .d\\\\:fc-blue-new-200 {
    color: var(--blue-new-200) !important;
}

.bc-blue-new-300,
.h\\\\:bc-blue-new-300:hover,
.f\\\\:bc-blue-new-300:focus,
.f\\\\:bc-blue-new-300:focus-within {
    border-color: var(--blue-new-300) !important;
}

.bg-blue-new-300,
.h\\\\:bg-blue-new-300:hover,
.f\\\\:bg-blue-new-300:focus,
.f\\\\:bg-blue-new-300:focus-within {
    background-color: var(--blue-new-300) !important;
}

.fc-blue-new-300,
.h\\\\:fc-blue-new-300:hover,
.f\\\\:fc-blue-new-300:focus,
.f\\\\:fc-blue-new-300:focus-within {
    color: var(--blue-new-300) !important;
}

@media (prefers-color-scheme: dark) {
    body.theme-system  .d\\\\:bg-blue-new-300 {
        background-color: var(--blue-new-300) !important;
    }

    body.theme-system  .d\\\\:fc-blue-new-300 {
        color: var(--blue-new-300) !important;
    }
}

body.theme-dark  .d\\\\:bg-blue-new-300,
.theme-dark__forced  .d\\\\:bg-blue-new-300,
body.theme-system .theme-dark__forced  .d\\\\:bg-blue-new-300 {
    background-color: var(--blue-new-300) !important;
}

body.theme-dark  .d\\\\:fc-blue-new-300,
.theme-dark__forced  .d\\\\:fc-blue-new-300,
body.theme-system .theme-dark__forced  .d\\\\:fc-blue-new-300 {
    color: var(--blue-new-300) !important;
}

.bc-blue-new-400,
.h\\\\:bc-blue-new-400:hover,
.f\\\\:bc-blue-new-400:focus,
.f\\\\:bc-blue-new-400:focus-within {
    border-color: var(--blue-new-400) !important;
}

.bg-blue-new-400,
.h\\\\:bg-blue-new-400:hover,
.f\\\\:bg-blue-new-400:focus,
.f\\\\:bg-blue-new-400:focus-within {
    background-color: var(--blue-new-400) !important;
}

.fc-blue-new-400,
.h\\\\:fc-blue-new-400:hover,
.f\\\\:fc-blue-new-400:focus,
.f\\\\:fc-blue-new-400:focus-within {
    color: var(--blue-new-400) !important;
}

@media (prefers-color-scheme: dark) {
    body.theme-system  .d\\\\:bg-blue-new-400 {
        background-color: var(--blue-new-400) !important;
    }

    body.theme-system  .d\\\\:fc-blue-new-400 {
        color: var(--blue-new-400) !important;
    }
}

body.theme-dark  .d\\\\:bg-blue-new-400,
.theme-dark__forced  .d\\\\:bg-blue-new-400,
body.theme-system .theme-dark__forced  .d\\\\:bg-blue-new-400 {
    background-color: var(--blue-new-400) !important;
}

body.theme-dark  .d\\\\:fc-blue-new-400,
.theme-dark__forced  .d\\\\:fc-blue-new-400,
body.theme-system .theme-dark__forced  .d\\\\:fc-blue-new-400 {
    color: var(--blue-new-400) !important;
}

.bc-blue-new-500,
.h\\\\:bc-blue-new-500:hover,
.f\\\\:bc-blue-new-500:focus,
.f\\\\:bc-blue-new-500:focus-within {
    border-color: var(--blue-new-500) !important;
}

.bg-blue-new-500,
.h\\\\:bg-blue-new-500:hover,
.f\\\\:bg-blue-new-500:focus,
.f\\\\:bg-blue-new-500:focus-within {
    background-color: var(--blue-new-500) !important;
}

.fc-blue-new-500,
.h\\\\:fc-blue-new-500:hover,
.f\\\\:fc-blue-new-500:focus,
.f\\\\:fc-blue-new-500:focus-within {
    color: var(--blue-new-500) !important;
}

@media (prefers-color-scheme: dark) {
    body.theme-system  .d\\\\:bg-blue-new-500 {
        background-color: var(--blue-new-500) !important;
    }

    body.theme-system  .d\\\\:fc-blue-new-500 {
        color: var(--blue-new-500) !important;
    }
}

body.theme-dark  .d\\\\:bg-blue-new-500,
.theme-dark__forced  .d\\\\:bg-blue-new-500,
body.theme-system .theme-dark__forced  .d\\\\:bg-blue-new-500 {
    background-color: var(--blue-new-500) !important;
}

body.theme-dark  .d\\\\:fc-blue-new-500,
.theme-dark__forced  .d\\\\:fc-blue-new-500,
body.theme-system .theme-dark__forced  .d\\\\:fc-blue-new-500 {
    color: var(--blue-new-500) !important;
}

.bc-blue-new-600,
.h\\\\:bc-blue-new-600:hover,
.f\\\\:bc-blue-new-600:focus,
.f\\\\:bc-blue-new-600:focus-within {
    border-color: var(--blue-new-600) !important;
}

.bg-blue-new-600,
.h\\\\:bg-blue-new-600:hover,
.f\\\\:bg-blue-new-600:focus,
.f\\\\:bg-blue-new-600:focus-within {
    background-color: var(--blue-new-600) !important;
}

.fc-blue-new-600,
.h\\\\:fc-blue-new-600:hover,
.f\\\\:fc-blue-new-600:focus,
.f\\\\:fc-blue-new-600:focus-within {
    color: var(--blue-new-600) !important;
}

@media (prefers-color-scheme: dark) {
    body.theme-system  .d\\\\:bg-blue-new-600 {
        background-color: var(--blue-new-600) !important;
    }

    body.theme-system  .d\\\\:fc-blue-new-600 {
        color: var(--blue-new-600) !important;
    }
}

body.theme-dark  .d\\\\:bg-blue-new-600,
.theme-dark__forced  .d\\\\:bg-blue-new-600,
body.theme-system .theme-dark__forced  .d\\\\:bg-blue-new-600 {
    background-color: var(--blue-new-600) !important;
}

body.theme-dark  .d\\\\:fc-blue-new-600,
.theme-dark__forced  .d\\\\:fc-blue-new-600,
body.theme-system .theme-dark__forced  .d\\\\:fc-blue-new-600 {
    color: var(--blue-new-600) !important;
}

.bc-green-new-100,
.h\\\\:bc-green-new-100:hover,
.f\\\\:bc-green-new-100:focus,
.f\\\\:bc-green-new-100:focus-within {
    border-color: var(--green-new-100) !important;
}

.bg-green-new-100,
.h\\\\:bg-green-new-100:hover,
.f\\\\:bg-green-new-100:focus,
.f\\\\:bg-green-new-100:focus-within {
    background-color: var(--green-new-100) !important;
}

.fc-green-new-100,
.h\\\\:fc-green-new-100:hover,
.f\\\\:fc-green-new-100:focus,
.f\\\\:fc-green-new-100:focus-within {
    color: var(--green-new-100) !important;
}

@media (prefers-color-scheme: dark) {
    body.theme-system  .d\\\\:bg-green-new-100 {
        background-color: var(--green-new-100) !important;
    }

    body.theme-system  .d\\\\:fc-green-new-100 {
        color: var(--green-new-100) !important;
    }
}

body.theme-dark  .d\\\\:bg-green-new-100,
.theme-dark__forced  .d\\\\:bg-green-new-100,
body.theme-system .theme-dark__forced  .d\\\\:bg-green-new-100 {
    background-color: var(--green-new-100) !important;
}

body.theme-dark  .d\\\\:fc-green-new-100,
.theme-dark__forced  .d\\\\:fc-green-new-100,
body.theme-system .theme-dark__forced  .d\\\\:fc-green-new-100 {
    color: var(--green-new-100) !important;
}

.bc-green-new-200,
.h\\\\:bc-green-new-200:hover,
.f\\\\:bc-green-new-200:focus,
.f\\\\:bc-green-new-200:focus-within {
    border-color: var(--green-new-200) !important;
}

.bg-green-new-200,
.h\\\\:bg-green-new-200:hover,
.f\\\\:bg-green-new-200:focus,
.f\\\\:bg-green-new-200:focus-within {
    background-color: var(--green-new-200) !important;
}

.fc-green-new-200,
.h\\\\:fc-green-new-200:hover,
.f\\\\:fc-green-new-200:focus,
.f\\\\:fc-green-new-200:focus-within {
    color: var(--green-new-200) !important;
}

@media (prefers-color-scheme: dark) {
    body.theme-system  .d\\\\:bg-green-new-200 {
        background-color: var(--green-new-200) !important;
    }

    body.theme-system  .d\\\\:fc-green-new-200 {
        color: var(--green-new-200) !important;
    }
}

body.theme-dark  .d\\\\:bg-green-new-200,
.theme-dark__forced  .d\\\\:bg-green-new-200,
body.theme-system .theme-dark__forced  .d\\\\:bg-green-new-200 {
    background-color: var(--green-new-200) !important;
}

body.theme-dark  .d\\\\:fc-green-new-200,
.theme-dark__forced  .d\\\\:fc-green-new-200,
body.theme-system .theme-dark__forced  .d\\\\:fc-green-new-200 {
    color: var(--green-new-200) !important;
}

.bc-green-new-300,
.h\\\\:bc-green-new-300:hover,
.f\\\\:bc-green-new-300:focus,
.f\\\\:bc-green-new-300:focus-within {
    border-color: var(--green-new-300) !important;
}

.bg-green-new-300,
.h\\\\:bg-green-new-300:hover,
.f\\\\:bg-green-new-300:focus,
.f\\\\:bg-green-new-300:focus-within {
    background-color: var(--green-new-300) !important;
}

.fc-green-new-300,
.h\\\\:fc-green-new-300:hover,
.f\\\\:fc-green-new-300:focus,
.f\\\\:fc-green-new-300:focus-within {
    color: var(--green-new-300) !important;
}

@media (prefers-color-scheme: dark) {
    body.theme-system  .d\\\\:bg-green-new-300 {
        background-color: var(--green-new-300) !important;
    }

    body.theme-system  .d\\\\:fc-green-new-300 {
        color: var(--green-new-300) !important;
    }
}

body.theme-dark  .d\\\\:bg-green-new-300,
.theme-dark__forced  .d\\\\:bg-green-new-300,
body.theme-system .theme-dark__forced  .d\\\\:bg-green-new-300 {
    background-color: var(--green-new-300) !important;
}

body.theme-dark  .d\\\\:fc-green-new-300,
.theme-dark__forced  .d\\\\:fc-green-new-300,
body.theme-system .theme-dark__forced  .d\\\\:fc-green-new-300 {
    color: var(--green-new-300) !important;
}

.bc-green-new-400,
.h\\\\:bc-green-new-400:hover,
.f\\\\:bc-green-new-400:focus,
.f\\\\:bc-green-new-400:focus-within {
    border-color: var(--green-new-400) !important;
}

.bg-green-new-400,
.h\\\\:bg-green-new-400:hover,
.f\\\\:bg-green-new-400:focus,
.f\\\\:bg-green-new-400:focus-within {
    background-color: var(--green-new-400) !important;
}

.fc-green-new-400,
.h\\\\:fc-green-new-400:hover,
.f\\\\:fc-green-new-400:focus,
.f\\\\:fc-green-new-400:focus-within {
    color: var(--green-new-400) !important;
}

@media (prefers-color-scheme: dark) {
    body.theme-system  .d\\\\:bg-green-new-400 {
        background-color: var(--green-new-400) !important;
    }

    body.theme-system  .d\\\\:fc-green-new-400 {
        color: var(--green-new-400) !important;
    }
}

body.theme-dark  .d\\\\:bg-green-new-400,
.theme-dark__forced  .d\\\\:bg-green-new-400,
body.theme-system .theme-dark__forced  .d\\\\:bg-green-new-400 {
    background-color: var(--green-new-400) !important;
}

body.theme-dark  .d\\\\:fc-green-new-400,
.theme-dark__forced  .d\\\\:fc-green-new-400,
body.theme-system .theme-dark__forced  .d\\\\:fc-green-new-400 {
    color: var(--green-new-400) !important;
}

.bc-green-new-500,
.h\\\\:bc-green-new-500:hover,
.f\\\\:bc-green-new-500:focus,
.f\\\\:bc-green-new-500:focus-within {
    border-color: var(--green-new-500) !important;
}

.bg-green-new-500,
.h\\\\:bg-green-new-500:hover,
.f\\\\:bg-green-new-500:focus,
.f\\\\:bg-green-new-500:focus-within {
    background-color: var(--green-new-500) !important;
}

.fc-green-new-500,
.h\\\\:fc-green-new-500:hover,
.f\\\\:fc-green-new-500:focus,
.f\\\\:fc-green-new-500:focus-within {
    color: var(--green-new-500) !important;
}

@media (prefers-color-scheme: dark) {
    body.theme-system  .d\\\\:bg-green-new-500 {
        background-color: var(--green-new-500) !important;
    }

    body.theme-system  .d\\\\:fc-green-new-500 {
        color: var(--green-new-500) !important;
    }
}

body.theme-dark  .d\\\\:bg-green-new-500,
.theme-dark__forced  .d\\\\:bg-green-new-500,
body.theme-system .theme-dark__forced  .d\\\\:bg-green-new-500 {
    background-color: var(--green-new-500) !important;
}

body.theme-dark  .d\\\\:fc-green-new-500,
.theme-dark__forced  .d\\\\:fc-green-new-500,
body.theme-system .theme-dark__forced  .d\\\\:fc-green-new-500 {
    color: var(--green-new-500) !important;
}

.bc-green-new-600,
.h\\\\:bc-green-new-600:hover,
.f\\\\:bc-green-new-600:focus,
.f\\\\:bc-green-new-600:focus-within {
    border-color: var(--green-new-600) !important;
}

.bg-green-new-600,
.h\\\\:bg-green-new-600:hover,
.f\\\\:bg-green-new-600:focus,
.f\\\\:bg-green-new-600:focus-within {
    background-color: var(--green-new-600) !important;
}

.fc-green-new-600,
.h\\\\:fc-green-new-600:hover,
.f\\\\:fc-green-new-600:focus,
.f\\\\:fc-green-new-600:focus-within {
    color: var(--green-new-600) !important;
}

@media (prefers-color-scheme: dark) {
    body.theme-system  .d\\\\:bg-green-new-600 {
        background-color: var(--green-new-600) !important;
    }

    body.theme-system  .d\\\\:fc-green-new-600 {
        color: var(--green-new-600) !important;
    }
}

body.theme-dark  .d\\\\:bg-green-new-600,
.theme-dark__forced  .d\\\\:bg-green-new-600,
body.theme-system .theme-dark__forced  .d\\\\:bg-green-new-600 {
    background-color: var(--green-new-600) !important;
}

body.theme-dark  .d\\\\:fc-green-new-600,
.theme-dark__forced  .d\\\\:fc-green-new-600,
body.theme-system .theme-dark__forced  .d\\\\:fc-green-new-600 {
    color: var(--green-new-600) !important;
}

.bc-red-new-100,
.h\\\\:bc-red-new-100:hover,
.f\\\\:bc-red-new-100:focus,
.f\\\\:bc-red-new-100:focus-within {
    border-color: var(--red-new-100) !important;
}

.bg-red-new-100,
.h\\\\:bg-red-new-100:hover,
.f\\\\:bg-red-new-100:focus,
.f\\\\:bg-red-new-100:focus-within {
    background-color: var(--red-new-100) !important;
}

.fc-red-new-100,
.h\\\\:fc-red-new-100:hover,
.f\\\\:fc-red-new-100:focus,
.f\\\\:fc-red-new-100:focus-within {
    color: var(--red-new-100) !important;
}

@media (prefers-color-scheme: dark) {
    body.theme-system  .d\\\\:bg-red-new-100 {
        background-color: var(--red-new-100) !important;
    }

    body.theme-system  .d\\\\:fc-red-new-100 {
        color: var(--red-new-100) !important;
    }
}

body.theme-dark  .d\\\\:bg-red-new-100,
.theme-dark__forced  .d\\\\:bg-red-new-100,
body.theme-system .theme-dark__forced  .d\\\\:bg-red-new-100 {
    background-color: var(--red-new-100) !important;
}

body.theme-dark  .d\\\\:fc-red-new-100,
.theme-dark__forced  .d\\\\:fc-red-new-100,
body.theme-system .theme-dark__forced  .d\\\\:fc-red-new-100 {
    color: var(--red-new-100) !important;
}

.bc-red-new-200,
.h\\\\:bc-red-new-200:hover,
.f\\\\:bc-red-new-200:focus,
.f\\\\:bc-red-new-200:focus-within {
    border-color: var(--red-new-200) !important;
}

.bg-red-new-200,
.h\\\\:bg-red-new-200:hover,
.f\\\\:bg-red-new-200:focus,
.f\\\\:bg-red-new-200:focus-within {
    background-color: var(--red-new-200) !important;
}

.fc-red-new-200,
.h\\\\:fc-red-new-200:hover,
.f\\\\:fc-red-new-200:focus,
.f\\\\:fc-red-new-200:focus-within {
    color: var(--red-new-200) !important;
}

@media (prefers-color-scheme: dark) {
    body.theme-system  .d\\\\:bg-red-new-200 {
        background-color: var(--red-new-200) !important;
    }

    body.theme-system  .d\\\\:fc-red-new-200 {
        color: var(--red-new-200) !important;
    }
}

body.theme-dark  .d\\\\:bg-red-new-200,
.theme-dark__forced  .d\\\\:bg-red-new-200,
body.theme-system .theme-dark__forced  .d\\\\:bg-red-new-200 {
    background-color: var(--red-new-200) !important;
}

body.theme-dark  .d\\\\:fc-red-new-200,
.theme-dark__forced  .d\\\\:fc-red-new-200,
body.theme-system .theme-dark__forced  .d\\\\:fc-red-new-200 {
    color: var(--red-new-200) !important;
}

.bc-red-new-300,
.h\\\\:bc-red-new-300:hover,
.f\\\\:bc-red-new-300:focus,
.f\\\\:bc-red-new-300:focus-within {
    border-color: var(--red-new-300) !important;
}

.bg-red-new-300,
.h\\\\:bg-red-new-300:hover,
.f\\\\:bg-red-new-300:focus,
.f\\\\:bg-red-new-300:focus-within {
    background-color: var(--red-new-300) !important;
}

.fc-red-new-300,
.h\\\\:fc-red-new-300:hover,
.f\\\\:fc-red-new-300:focus,
.f\\\\:fc-red-new-300:focus-within {
    color: var(--red-new-300) !important;
}

@media (prefers-color-scheme: dark) {
    body.theme-system  .d\\\\:bg-red-new-300 {
        background-color: var(--red-new-300) !important;
    }

    body.theme-system  .d\\\\:fc-red-new-300 {
        color: var(--red-new-300) !important;
    }
}

body.theme-dark  .d\\\\:bg-red-new-300,
.theme-dark__forced  .d\\\\:bg-red-new-300,
body.theme-system .theme-dark__forced  .d\\\\:bg-red-new-300 {
    background-color: var(--red-new-300) !important;
}

body.theme-dark  .d\\\\:fc-red-new-300,
.theme-dark__forced  .d\\\\:fc-red-new-300,
body.theme-system .theme-dark__forced  .d\\\\:fc-red-new-300 {
    color: var(--red-new-300) !important;
}

.bc-red-new-400,
.h\\\\:bc-red-new-400:hover,
.f\\\\:bc-red-new-400:focus,
.f\\\\:bc-red-new-400:focus-within {
    border-color: var(--red-new-400) !important;
}

.bg-red-new-400,
.h\\\\:bg-red-new-400:hover,
.f\\\\:bg-red-new-400:focus,
.f\\\\:bg-red-new-400:focus-within {
    background-color: var(--red-new-400) !important;
}

.fc-red-new-400,
.h\\\\:fc-red-new-400:hover,
.f\\\\:fc-red-new-400:focus,
.f\\\\:fc-red-new-400:focus-within {
    color: var(--red-new-400) !important;
}

@media (prefers-color-scheme: dark) {
    body.theme-system  .d\\\\:bg-red-new-400 {
        background-color: var(--red-new-400) !important;
    }

    body.theme-system  .d\\\\:fc-red-new-400 {
        color: var(--red-new-400) !important;
    }
}

body.theme-dark  .d\\\\:bg-red-new-400,
.theme-dark__forced  .d\\\\:bg-red-new-400,
body.theme-system .theme-dark__forced  .d\\\\:bg-red-new-400 {
    background-color: var(--red-new-400) !important;
}

body.theme-dark  .d\\\\:fc-red-new-400,
.theme-dark__forced  .d\\\\:fc-red-new-400,
body.theme-system .theme-dark__forced  .d\\\\:fc-red-new-400 {
    color: var(--red-new-400) !important;
}

.bc-red-new-500,
.h\\\\:bc-red-new-500:hover,
.f\\\\:bc-red-new-500:focus,
.f\\\\:bc-red-new-500:focus-within {
    border-color: var(--red-new-500) !important;
}

.bg-red-new-500,
.h\\\\:bg-red-new-500:hover,
.f\\\\:bg-red-new-500:focus,
.f\\\\:bg-red-new-500:focus-within {
    background-color: var(--red-new-500) !important;
}

.fc-red-new-500,
.h\\\\:fc-red-new-500:hover,
.f\\\\:fc-red-new-500:focus,
.f\\\\:fc-red-new-500:focus-within {
    color: var(--red-new-500) !important;
}

@media (prefers-color-scheme: dark) {
    body.theme-system  .d\\\\:bg-red-new-500 {
        background-color: var(--red-new-500) !important;
    }

    body.theme-system  .d\\\\:fc-red-new-500 {
        color: var(--red-new-500) !important;
    }
}

body.theme-dark  .d\\\\:bg-red-new-500,
.theme-dark__forced  .d\\\\:bg-red-new-500,
body.theme-system .theme-dark__forced  .d\\\\:bg-red-new-500 {
    background-color: var(--red-new-500) !important;
}

body.theme-dark  .d\\\\:fc-red-new-500,
.theme-dark__forced  .d\\\\:fc-red-new-500,
body.theme-system .theme-dark__forced  .d\\\\:fc-red-new-500 {
    color: var(--red-new-500) !important;
}

.bc-red-new-600,
.h\\\\:bc-red-new-600:hover,
.f\\\\:bc-red-new-600:focus,
.f\\\\:bc-red-new-600:focus-within {
    border-color: var(--red-new-600) !important;
}

.bg-red-new-600,
.h\\\\:bg-red-new-600:hover,
.f\\\\:bg-red-new-600:focus,
.f\\\\:bg-red-new-600:focus-within {
    background-color: var(--red-new-600) !important;
}

.fc-red-new-600,
.h\\\\:fc-red-new-600:hover,
.f\\\\:fc-red-new-600:focus,
.f\\\\:fc-red-new-600:focus-within {
    color: var(--red-new-600) !important;
}

@media (prefers-color-scheme: dark) {
    body.theme-system  .d\\\\:bg-red-new-600 {
        background-color: var(--red-new-600) !important;
    }

    body.theme-system  .d\\\\:fc-red-new-600 {
        color: var(--red-new-600) !important;
    }
}

body.theme-dark  .d\\\\:bg-red-new-600,
.theme-dark__forced  .d\\\\:bg-red-new-600,
body.theme-system .theme-dark__forced  .d\\\\:bg-red-new-600 {
    background-color: var(--red-new-600) !important;
}

body.theme-dark  .d\\\\:fc-red-new-600,
.theme-dark__forced  .d\\\\:fc-red-new-600,
body.theme-system .theme-dark__forced  .d\\\\:fc-red-new-600 {
    color: var(--red-new-600) !important;
}

.bc-yellow-new-100,
.h\\\\:bc-yellow-new-100:hover,
.f\\\\:bc-yellow-new-100:focus,
.f\\\\:bc-yellow-new-100:focus-within {
    border-color: var(--yellow-new-100) !important;
}

.bg-yellow-new-100,
.h\\\\:bg-yellow-new-100:hover,
.f\\\\:bg-yellow-new-100:focus,
.f\\\\:bg-yellow-new-100:focus-within {
    background-color: var(--yellow-new-100) !important;
}

.fc-yellow-new-100,
.h\\\\:fc-yellow-new-100:hover,
.f\\\\:fc-yellow-new-100:focus,
.f\\\\:fc-yellow-new-100:focus-within {
    color: var(--yellow-new-100) !important;
}

@media (prefers-color-scheme: dark) {
    body.theme-system  .d\\\\:bg-yellow-new-100 {
        background-color: var(--yellow-new-100) !important;
    }

    body.theme-system  .d\\\\:fc-yellow-new-100 {
        color: var(--yellow-new-100) !important;
    }
}

body.theme-dark  .d\\\\:bg-yellow-new-100,
.theme-dark__forced  .d\\\\:bg-yellow-new-100,
body.theme-system .theme-dark__forced  .d\\\\:bg-yellow-new-100 {
    background-color: var(--yellow-new-100) !important;
}

body.theme-dark  .d\\\\:fc-yellow-new-100,
.theme-dark__forced  .d\\\\:fc-yellow-new-100,
body.theme-system .theme-dark__forced  .d\\\\:fc-yellow-new-100 {
    color: var(--yellow-new-100) !important;
}

.bc-yellow-new-200,
.h\\\\:bc-yellow-new-200:hover,
.f\\\\:bc-yellow-new-200:focus,
.f\\\\:bc-yellow-new-200:focus-within {
    border-color: var(--yellow-new-200) !important;
}

.bg-yellow-new-200,
.h\\\\:bg-yellow-new-200:hover,
.f\\\\:bg-yellow-new-200:focus,
.f\\\\:bg-yellow-new-200:focus-within {
    background-color: var(--yellow-new-200) !important;
}

.fc-yellow-new-200,
.h\\\\:fc-yellow-new-200:hover,
.f\\\\:fc-yellow-new-200:focus,
.f\\\\:fc-yellow-new-200:focus-within {
    color: var(--yellow-new-200) !important;
}

@media (prefers-color-scheme: dark) {
    body.theme-system  .d\\\\:bg-yellow-new-200 {
        background-color: var(--yellow-new-200) !important;
    }

    body.theme-system  .d\\\\:fc-yellow-new-200 {
        color: var(--yellow-new-200) !important;
    }
}

body.theme-dark  .d\\\\:bg-yellow-new-200,
.theme-dark__forced  .d\\\\:bg-yellow-new-200,
body.theme-system .theme-dark__forced  .d\\\\:bg-yellow-new-200 {
    background-color: var(--yellow-new-200) !important;
}

body.theme-dark  .d\\\\:fc-yellow-new-200,
.theme-dark__forced  .d\\\\:fc-yellow-new-200,
body.theme-system .theme-dark__forced  .d\\\\:fc-yellow-new-200 {
    color: var(--yellow-new-200) !important;
}

.bc-yellow-new-300,
.h\\\\:bc-yellow-new-300:hover,
.f\\\\:bc-yellow-new-300:focus,
.f\\\\:bc-yellow-new-300:focus-within {
    border-color: var(--yellow-new-300) !important;
}

.bg-yellow-new-300,
.h\\\\:bg-yellow-new-300:hover,
.f\\\\:bg-yellow-new-300:focus,
.f\\\\:bg-yellow-new-300:focus-within {
    background-color: var(--yellow-new-300) !important;
}

.fc-yellow-new-300,
.h\\\\:fc-yellow-new-300:hover,
.f\\\\:fc-yellow-new-300:focus,
.f\\\\:fc-yellow-new-300:focus-within {
    color: var(--yellow-new-300) !important;
}

@media (prefers-color-scheme: dark) {
    body.theme-system  .d\\\\:bg-yellow-new-300 {
        background-color: var(--yellow-new-300) !important;
    }

    body.theme-system  .d\\\\:fc-yellow-new-300 {
        color: var(--yellow-new-300) !important;
    }
}

body.theme-dark  .d\\\\:bg-yellow-new-300,
.theme-dark__forced  .d\\\\:bg-yellow-new-300,
body.theme-system .theme-dark__forced  .d\\\\:bg-yellow-new-300 {
    background-color: var(--yellow-new-300) !important;
}

body.theme-dark  .d\\\\:fc-yellow-new-300,
.theme-dark__forced  .d\\\\:fc-yellow-new-300,
body.theme-system .theme-dark__forced  .d\\\\:fc-yellow-new-300 {
    color: var(--yellow-new-300) !important;
}

.bc-yellow-new-400,
.h\\\\:bc-yellow-new-400:hover,
.f\\\\:bc-yellow-new-400:focus,
.f\\\\:bc-yellow-new-400:focus-within {
    border-color: var(--yellow-new-400) !important;
}

.bg-yellow-new-400,
.h\\\\:bg-yellow-new-400:hover,
.f\\\\:bg-yellow-new-400:focus,
.f\\\\:bg-yellow-new-400:focus-within {
    background-color: var(--yellow-new-400) !important;
}

.fc-yellow-new-400,
.h\\\\:fc-yellow-new-400:hover,
.f\\\\:fc-yellow-new-400:focus,
.f\\\\:fc-yellow-new-400:focus-within {
    color: var(--yellow-new-400) !important;
}

@media (prefers-color-scheme: dark) {
    body.theme-system  .d\\\\:bg-yellow-new-400 {
        background-color: var(--yellow-new-400) !important;
    }

    body.theme-system  .d\\\\:fc-yellow-new-400 {
        color: var(--yellow-new-400) !important;
    }
}

body.theme-dark  .d\\\\:bg-yellow-new-400,
.theme-dark__forced  .d\\\\:bg-yellow-new-400,
body.theme-system .theme-dark__forced  .d\\\\:bg-yellow-new-400 {
    background-color: var(--yellow-new-400) !important;
}

body.theme-dark  .d\\\\:fc-yellow-new-400,
.theme-dark__forced  .d\\\\:fc-yellow-new-400,
body.theme-system .theme-dark__forced  .d\\\\:fc-yellow-new-400 {
    color: var(--yellow-new-400) !important;
}

.bc-yellow-new-500,
.h\\\\:bc-yellow-new-500:hover,
.f\\\\:bc-yellow-new-500:focus,
.f\\\\:bc-yellow-new-500:focus-within {
    border-color: var(--yellow-new-500) !important;
}

.bg-yellow-new-500,
.h\\\\:bg-yellow-new-500:hover,
.f\\\\:bg-yellow-new-500:focus,
.f\\\\:bg-yellow-new-500:focus-within {
    background-color: var(--yellow-new-500) !important;
}

.fc-yellow-new-500,
.h\\\\:fc-yellow-new-500:hover,
.f\\\\:fc-yellow-new-500:focus,
.f\\\\:fc-yellow-new-500:focus-within {
    color: var(--yellow-new-500) !important;
}

@media (prefers-color-scheme: dark) {
    body.theme-system  .d\\\\:bg-yellow-new-500 {
        background-color: var(--yellow-new-500) !important;
    }

    body.theme-system  .d\\\\:fc-yellow-new-500 {
        color: var(--yellow-new-500) !important;
    }
}

body.theme-dark  .d\\\\:bg-yellow-new-500,
.theme-dark__forced  .d\\\\:bg-yellow-new-500,
body.theme-system .theme-dark__forced  .d\\\\:bg-yellow-new-500 {
    background-color: var(--yellow-new-500) !important;
}

body.theme-dark  .d\\\\:fc-yellow-new-500,
.theme-dark__forced  .d\\\\:fc-yellow-new-500,
body.theme-system .theme-dark__forced  .d\\\\:fc-yellow-new-500 {
    color: var(--yellow-new-500) !important;
}

.bc-yellow-new-600,
.h\\\\:bc-yellow-new-600:hover,
.f\\\\:bc-yellow-new-600:focus,
.f\\\\:bc-yellow-new-600:focus-within {
    border-color: var(--yellow-new-600) !important;
}

.bg-yellow-new-600,
.h\\\\:bg-yellow-new-600:hover,
.f\\\\:bg-yellow-new-600:focus,
.f\\\\:bg-yellow-new-600:focus-within {
    background-color: var(--yellow-new-600) !important;
}

.fc-yellow-new-600,
.h\\\\:fc-yellow-new-600:hover,
.f\\\\:fc-yellow-new-600:focus,
.f\\\\:fc-yellow-new-600:focus-within {
    color: var(--yellow-new-600) !important;
}

@media (prefers-color-scheme: dark) {
    body.theme-system  .d\\\\:bg-yellow-new-600 {
        background-color: var(--yellow-new-600) !important;
    }

    body.theme-system  .d\\\\:fc-yellow-new-600 {
        color: var(--yellow-new-600) !important;
    }
}

body.theme-dark  .d\\\\:bg-yellow-new-600,
.theme-dark__forced  .d\\\\:bg-yellow-new-600,
body.theme-system .theme-dark__forced  .d\\\\:bg-yellow-new-600 {
    background-color: var(--yellow-new-600) !important;
}

body.theme-dark  .d\\\\:fc-yellow-new-600,
.theme-dark__forced  .d\\\\:fc-yellow-new-600,
body.theme-system .theme-dark__forced  .d\\\\:fc-yellow-new-600 {
    color: var(--yellow-new-600) !important;
}

.bc-gold-new-100,
.h\\\\:bc-gold-new-100:hover,
.f\\\\:bc-gold-new-100:focus,
.f\\\\:bc-gold-new-100:focus-within {
    border-color: var(--gold-new-100) !important;
}

.bg-gold-new-100,
.h\\\\:bg-gold-new-100:hover,
.f\\\\:bg-gold-new-100:focus,
.f\\\\:bg-gold-new-100:focus-within {
    background-color: var(--gold-new-100) !important;
}

.fc-gold-new-100,
.h\\\\:fc-gold-new-100:hover,
.f\\\\:fc-gold-new-100:focus,
.f\\\\:fc-gold-new-100:focus-within {
    color: var(--gold-new-100) !important;
}

@media (prefers-color-scheme: dark) {
    body.theme-system  .d\\\\:bg-gold-new-100 {
        background-color: var(--gold-new-100) !important;
    }

    body.theme-system  .d\\\\:fc-gold-new-100 {
        color: var(--gold-new-100) !important;
    }
}

body.theme-dark  .d\\\\:bg-gold-new-100,
.theme-dark__forced  .d\\\\:bg-gold-new-100,
body.theme-system .theme-dark__forced  .d\\\\:bg-gold-new-100 {
    background-color: var(--gold-new-100) !important;
}

body.theme-dark  .d\\\\:fc-gold-new-100,
.theme-dark__forced  .d\\\\:fc-gold-new-100,
body.theme-system .theme-dark__forced  .d\\\\:fc-gold-new-100 {
    color: var(--gold-new-100) !important;
}

.bc-gold-new-200,
.h\\\\:bc-gold-new-200:hover,
.f\\\\:bc-gold-new-200:focus,
.f\\\\:bc-gold-new-200:focus-within {
    border-color: var(--gold-new-200) !important;
}

.bg-gold-new-200,
.h\\\\:bg-gold-new-200:hover,
.f\\\\:bg-gold-new-200:focus,
.f\\\\:bg-gold-new-200:focus-within {
    background-color: var(--gold-new-200) !important;
}

.fc-gold-new-200,
.h\\\\:fc-gold-new-200:hover,
.f\\\\:fc-gold-new-200:focus,
.f\\\\:fc-gold-new-200:focus-within {
    color: var(--gold-new-200) !important;
}

@media (prefers-color-scheme: dark) {
    body.theme-system  .d\\\\:bg-gold-new-200 {
        background-color: var(--gold-new-200) !important;
    }

    body.theme-system  .d\\\\:fc-gold-new-200 {
        color: var(--gold-new-200) !important;
    }
}

body.theme-dark  .d\\\\:bg-gold-new-200,
.theme-dark__forced  .d\\\\:bg-gold-new-200,
body.theme-system .theme-dark__forced  .d\\\\:bg-gold-new-200 {
    background-color: var(--gold-new-200) !important;
}

body.theme-dark  .d\\\\:fc-gold-new-200,
.theme-dark__forced  .d\\\\:fc-gold-new-200,
body.theme-system .theme-dark__forced  .d\\\\:fc-gold-new-200 {
    color: var(--gold-new-200) !important;
}

.bc-gold-new-300,
.h\\\\:bc-gold-new-300:hover,
.f\\\\:bc-gold-new-300:focus,
.f\\\\:bc-gold-new-300:focus-within {
    border-color: var(--gold-new-300) !important;
}

.bg-gold-new-300,
.h\\\\:bg-gold-new-300:hover,
.f\\\\:bg-gold-new-300:focus,
.f\\\\:bg-gold-new-300:focus-within {
    background-color: var(--gold-new-300) !important;
}

.fc-gold-new-300,
.h\\\\:fc-gold-new-300:hover,
.f\\\\:fc-gold-new-300:focus,
.f\\\\:fc-gold-new-300:focus-within {
    color: var(--gold-new-300) !important;
}

@media (prefers-color-scheme: dark) {
    body.theme-system  .d\\\\:bg-gold-new-300 {
        background-color: var(--gold-new-300) !important;
    }

    body.theme-system  .d\\\\:fc-gold-new-300 {
        color: var(--gold-new-300) !important;
    }
}

body.theme-dark  .d\\\\:bg-gold-new-300,
.theme-dark__forced  .d\\\\:bg-gold-new-300,
body.theme-system .theme-dark__forced  .d\\\\:bg-gold-new-300 {
    background-color: var(--gold-new-300) !important;
}

body.theme-dark  .d\\\\:fc-gold-new-300,
.theme-dark__forced  .d\\\\:fc-gold-new-300,
body.theme-system .theme-dark__forced  .d\\\\:fc-gold-new-300 {
    color: var(--gold-new-300) !important;
}

.bc-gold-new-400,
.h\\\\:bc-gold-new-400:hover,
.f\\\\:bc-gold-new-400:focus,
.f\\\\:bc-gold-new-400:focus-within {
    border-color: var(--gold-new-400) !important;
}

.bg-gold-new-400,
.h\\\\:bg-gold-new-400:hover,
.f\\\\:bg-gold-new-400:focus,
.f\\\\:bg-gold-new-400:focus-within {
    background-color: var(--gold-new-400) !important;
}

.fc-gold-new-400,
.h\\\\:fc-gold-new-400:hover,
.f\\\\:fc-gold-new-400:focus,
.f\\\\:fc-gold-new-400:focus-within {
    color: var(--gold-new-400) !important;
}

@media (prefers-color-scheme: dark) {
    body.theme-system  .d\\\\:bg-gold-new-400 {
        background-color: var(--gold-new-400) !important;
    }

    body.theme-system  .d\\\\:fc-gold-new-400 {
        color: var(--gold-new-400) !important;
    }
}

body.theme-dark  .d\\\\:bg-gold-new-400,
.theme-dark__forced  .d\\\\:bg-gold-new-400,
body.theme-system .theme-dark__forced  .d\\\\:bg-gold-new-400 {
    background-color: var(--gold-new-400) !important;
}

body.theme-dark  .d\\\\:fc-gold-new-400,
.theme-dark__forced  .d\\\\:fc-gold-new-400,
body.theme-system .theme-dark__forced  .d\\\\:fc-gold-new-400 {
    color: var(--gold-new-400) !important;
}

.bc-silver-new-100,
.h\\\\:bc-silver-new-100:hover,
.f\\\\:bc-silver-new-100:focus,
.f\\\\:bc-silver-new-100:focus-within {
    border-color: var(--silver-new-100) !important;
}

.bg-silver-new-100,
.h\\\\:bg-silver-new-100:hover,
.f\\\\:bg-silver-new-100:focus,
.f\\\\:bg-silver-new-100:focus-within {
    background-color: var(--silver-new-100) !important;
}

.fc-silver-new-100,
.h\\\\:fc-silver-new-100:hover,
.f\\\\:fc-silver-new-100:focus,
.f\\\\:fc-silver-new-100:focus-within {
    color: var(--silver-new-100) !important;
}

@media (prefers-color-scheme: dark) {
    body.theme-system  .d\\\\:bg-silver-new-100 {
        background-color: var(--silver-new-100) !important;
    }

    body.theme-system  .d\\\\:fc-silver-new-100 {
        color: var(--silver-new-100) !important;
    }
}

body.theme-dark  .d\\\\:bg-silver-new-100,
.theme-dark__forced  .d\\\\:bg-silver-new-100,
body.theme-system .theme-dark__forced  .d\\\\:bg-silver-new-100 {
    background-color: var(--silver-new-100) !important;
}

body.theme-dark  .d\\\\:fc-silver-new-100,
.theme-dark__forced  .d\\\\:fc-silver-new-100,
body.theme-system .theme-dark__forced  .d\\\\:fc-silver-new-100 {
    color: var(--silver-new-100) !important;
}

.bc-silver-new-200,
.h\\\\:bc-silver-new-200:hover,
.f\\\\:bc-silver-new-200:focus,
.f\\\\:bc-silver-new-200:focus-within {
    border-color: var(--silver-new-200) !important;
}

.bg-silver-new-200,
.h\\\\:bg-silver-new-200:hover,
.f\\\\:bg-silver-new-200:focus,
.f\\\\:bg-silver-new-200:focus-within {
    background-color: var(--silver-new-200) !important;
}

.fc-silver-new-200,
.h\\\\:fc-silver-new-200:hover,
.f\\\\:fc-silver-new-200:focus,
.f\\\\:fc-silver-new-200:focus-within {
    color: var(--silver-new-200) !important;
}

@media (prefers-color-scheme: dark) {
    body.theme-system  .d\\\\:bg-silver-new-200 {
        background-color: var(--silver-new-200) !important;
    }

    body.theme-system  .d\\\\:fc-silver-new-200 {
        color: var(--silver-new-200) !important;
    }
}

body.theme-dark  .d\\\\:bg-silver-new-200,
.theme-dark__forced  .d\\\\:bg-silver-new-200,
body.theme-system .theme-dark__forced  .d\\\\:bg-silver-new-200 {
    background-color: var(--silver-new-200) !important;
}

body.theme-dark  .d\\\\:fc-silver-new-200,
.theme-dark__forced  .d\\\\:fc-silver-new-200,
body.theme-system .theme-dark__forced  .d\\\\:fc-silver-new-200 {
    color: var(--silver-new-200) !important;
}

.bc-silver-new-300,
.h\\\\:bc-silver-new-300:hover,
.f\\\\:bc-silver-new-300:focus,
.f\\\\:bc-silver-new-300:focus-within {
    border-color: var(--silver-new-300) !important;
}

.bg-silver-new-300,
.h\\\\:bg-silver-new-300:hover,
.f\\\\:bg-silver-new-300:focus,
.f\\\\:bg-silver-new-300:focus-within {
    background-color: var(--silver-new-300) !important;
}

.fc-silver-new-300,
.h\\\\:fc-silver-new-300:hover,
.f\\\\:fc-silver-new-300:focus,
.f\\\\:fc-silver-new-300:focus-within {
    color: var(--silver-new-300) !important;
}

@media (prefers-color-scheme: dark) {
    body.theme-system  .d\\\\:bg-silver-new-300 {
        background-color: var(--silver-new-300) !important;
    }

    body.theme-system  .d\\\\:fc-silver-new-300 {
        color: var(--silver-new-300) !important;
    }
}

body.theme-dark  .d\\\\:bg-silver-new-300,
.theme-dark__forced  .d\\\\:bg-silver-new-300,
body.theme-system .theme-dark__forced  .d\\\\:bg-silver-new-300 {
    background-color: var(--silver-new-300) !important;
}

body.theme-dark  .d\\\\:fc-silver-new-300,
.theme-dark__forced  .d\\\\:fc-silver-new-300,
body.theme-system .theme-dark__forced  .d\\\\:fc-silver-new-300 {
    color: var(--silver-new-300) !important;
}

.bc-silver-new-400,
.h\\\\:bc-silver-new-400:hover,
.f\\\\:bc-silver-new-400:focus,
.f\\\\:bc-silver-new-400:focus-within {
    border-color: var(--silver-new-400) !important;
}

.bg-silver-new-400,
.h\\\\:bg-silver-new-400:hover,
.f\\\\:bg-silver-new-400:focus,
.f\\\\:bg-silver-new-400:focus-within {
    background-color: var(--silver-new-400) !important;
}

.fc-silver-new-400,
.h\\\\:fc-silver-new-400:hover,
.f\\\\:fc-silver-new-400:focus,
.f\\\\:fc-silver-new-400:focus-within {
    color: var(--silver-new-400) !important;
}

@media (prefers-color-scheme: dark) {
    body.theme-system  .d\\\\:bg-silver-new-400 {
        background-color: var(--silver-new-400) !important;
    }

    body.theme-system  .d\\\\:fc-silver-new-400 {
        color: var(--silver-new-400) !important;
    }
}

body.theme-dark  .d\\\\:bg-silver-new-400,
.theme-dark__forced  .d\\\\:bg-silver-new-400,
body.theme-system .theme-dark__forced  .d\\\\:bg-silver-new-400 {
    background-color: var(--silver-new-400) !important;
}

body.theme-dark  .d\\\\:fc-silver-new-400,
.theme-dark__forced  .d\\\\:fc-silver-new-400,
body.theme-system .theme-dark__forced  .d\\\\:fc-silver-new-400 {
    color: var(--silver-new-400) !important;
}

.bc-bronze-new-100,
.h\\\\:bc-bronze-new-100:hover,
.f\\\\:bc-bronze-new-100:focus,
.f\\\\:bc-bronze-new-100:focus-within {
    border-color: var(--bronze-new-100) !important;
}

.bg-bronze-new-100,
.h\\\\:bg-bronze-new-100:hover,
.f\\\\:bg-bronze-new-100:focus,
.f\\\\:bg-bronze-new-100:focus-within {
    background-color: var(--bronze-new-100) !important;
}

.fc-bronze-new-100,
.h\\\\:fc-bronze-new-100:hover,
.f\\\\:fc-bronze-new-100:focus,
.f\\\\:fc-bronze-new-100:focus-within {
    color: var(--bronze-new-100) !important;
}

@media (prefers-color-scheme: dark) {
    body.theme-system  .d\\\\:bg-bronze-new-100 {
        background-color: var(--bronze-new-100) !important;
    }

    body.theme-system  .d\\\\:fc-bronze-new-100 {
        color: var(--bronze-new-100) !important;
    }
}

body.theme-dark  .d\\\\:bg-bronze-new-100,
.theme-dark__forced  .d\\\\:bg-bronze-new-100,
body.theme-system .theme-dark__forced  .d\\\\:bg-bronze-new-100 {
    background-color: var(--bronze-new-100) !important;
}

body.theme-dark  .d\\\\:fc-bronze-new-100,
.theme-dark__forced  .d\\\\:fc-bronze-new-100,
body.theme-system .theme-dark__forced  .d\\\\:fc-bronze-new-100 {
    color: var(--bronze-new-100) !important;
}

.bc-bronze-new-200,
.h\\\\:bc-bronze-new-200:hover,
.f\\\\:bc-bronze-new-200:focus,
.f\\\\:bc-bronze-new-200:focus-within {
    border-color: var(--bronze-new-200) !important;
}

.bg-bronze-new-200,
.h\\\\:bg-bronze-new-200:hover,
.f\\\\:bg-bronze-new-200:focus,
.f\\\\:bg-bronze-new-200:focus-within {
    background-color: var(--bronze-new-200) !important;
}

.fc-bronze-new-200,
.h\\\\:fc-bronze-new-200:hover,
.f\\\\:fc-bronze-new-200:focus,
.f\\\\:fc-bronze-new-200:focus-within {
    color: var(--bronze-new-200) !important;
}

@media (prefers-color-scheme: dark) {
    body.theme-system  .d\\\\:bg-bronze-new-200 {
        background-color: var(--bronze-new-200) !important;
    }

    body.theme-system  .d\\\\:fc-bronze-new-200 {
        color: var(--bronze-new-200) !important;
    }
}

body.theme-dark  .d\\\\:bg-bronze-new-200,
.theme-dark__forced  .d\\\\:bg-bronze-new-200,
body.theme-system .theme-dark__forced  .d\\\\:bg-bronze-new-200 {
    background-color: var(--bronze-new-200) !important;
}

body.theme-dark  .d\\\\:fc-bronze-new-200,
.theme-dark__forced  .d\\\\:fc-bronze-new-200,
body.theme-system .theme-dark__forced  .d\\\\:fc-bronze-new-200 {
    color: var(--bronze-new-200) !important;
}

.bc-bronze-new-300,
.h\\\\:bc-bronze-new-300:hover,
.f\\\\:bc-bronze-new-300:focus,
.f\\\\:bc-bronze-new-300:focus-within {
    border-color: var(--bronze-new-300) !important;
}

.bg-bronze-new-300,
.h\\\\:bg-bronze-new-300:hover,
.f\\\\:bg-bronze-new-300:focus,
.f\\\\:bg-bronze-new-300:focus-within {
    background-color: var(--bronze-new-300) !important;
}

.fc-bronze-new-300,
.h\\\\:fc-bronze-new-300:hover,
.f\\\\:fc-bronze-new-300:focus,
.f\\\\:fc-bronze-new-300:focus-within {
    color: var(--bronze-new-300) !important;
}

@media (prefers-color-scheme: dark) {
    body.theme-system  .d\\\\:bg-bronze-new-300 {
        background-color: var(--bronze-new-300) !important;
    }

    body.theme-system  .d\\\\:fc-bronze-new-300 {
        color: var(--bronze-new-300) !important;
    }
}

body.theme-dark  .d\\\\:bg-bronze-new-300,
.theme-dark__forced  .d\\\\:bg-bronze-new-300,
body.theme-system .theme-dark__forced  .d\\\\:bg-bronze-new-300 {
    background-color: var(--bronze-new-300) !important;
}

body.theme-dark  .d\\\\:fc-bronze-new-300,
.theme-dark__forced  .d\\\\:fc-bronze-new-300,
body.theme-system .theme-dark__forced  .d\\\\:fc-bronze-new-300 {
    color: var(--bronze-new-300) !important;
}

.bc-bronze-new-400,
.h\\\\:bc-bronze-new-400:hover,
.f\\\\:bc-bronze-new-400:focus,
.f\\\\:bc-bronze-new-400:focus-within {
    border-color: var(--bronze-new-400) !important;
}

.bg-bronze-new-400,
.h\\\\:bg-bronze-new-400:hover,
.f\\\\:bg-bronze-new-400:focus,
.f\\\\:bg-bronze-new-400:focus-within {
    background-color: var(--bronze-new-400) !important;
}

.fc-bronze-new-400,
.h\\\\:fc-bronze-new-400:hover,
.f\\\\:fc-bronze-new-400:focus,
.f\\\\:fc-bronze-new-400:focus-within {
    color: var(--bronze-new-400) !important;
}

@media (prefers-color-scheme: dark) {
    body.theme-system  .d\\\\:bg-bronze-new-400 {
        background-color: var(--bronze-new-400) !important;
    }

    body.theme-system  .d\\\\:fc-bronze-new-400 {
        color: var(--bronze-new-400) !important;
    }
}

body.theme-dark  .d\\\\:bg-bronze-new-400,
.theme-dark__forced  .d\\\\:bg-bronze-new-400,
body.theme-system .theme-dark__forced  .d\\\\:bg-bronze-new-400 {
    background-color: var(--bronze-new-400) !important;
}

body.theme-dark  .d\\\\:fc-bronze-new-400,
.theme-dark__forced  .d\\\\:fc-bronze-new-400,
body.theme-system .theme-dark__forced  .d\\\\:fc-bronze-new-400 {
    color: var(--bronze-new-400) !important;
}

.bc-theme-primary-new,
.h\\\\:bc-theme-primary-new:hover,
.f\\\\:bc-theme-primary-new:focus,
.f\\\\:bc-theme-primary-new:focus-within {
    border-color: var(--theme-primary-new) !important;
}

.bg-theme-primary-new,
.h\\\\:bg-theme-primary-new:hover,
.f\\\\:bg-theme-primary-new:focus,
.f\\\\:bg-theme-primary-new:focus-within {
    background-color: var(--theme-primary-new) !important;
}

.fc-theme-primary-new,
.h\\\\:fc-theme-primary-new:hover,
.f\\\\:fc-theme-primary-new:focus,
.f\\\\:fc-theme-primary-new:focus-within {
    color: var(--theme-primary-new) !important;
}

@media (prefers-color-scheme: dark) {
    body.theme-system  .d\\\\:bg-theme-primary-new {
        background-color: var(--theme-primary-new) !important;
    }

    body.theme-system  .d\\\\:fc-theme-primary-new {
        color: var(--theme-primary-new) !important;
    }
}

body.theme-dark  .d\\\\:bg-theme-primary-new,
.theme-dark__forced  .d\\\\:bg-theme-primary-new,
body.theme-system .theme-dark__forced  .d\\\\:bg-theme-primary-new {
    background-color: var(--theme-primary-new) !important;
}

body.theme-dark  .d\\\\:fc-theme-primary-new,
.theme-dark__forced  .d\\\\:fc-theme-primary-new,
body.theme-system .theme-dark__forced  .d\\\\:fc-theme-primary-new {
    color: var(--theme-primary-new) !important;
}

.bc-theme-primary-new-100,
.h\\\\:bc-theme-primary-new-100:hover,
.f\\\\:bc-theme-primary-new-100:focus,
.f\\\\:bc-theme-primary-new-100:focus-within {
    border-color: var(--theme-primary-new-100) !important;
}

.bg-theme-primary-new-100,
.h\\\\:bg-theme-primary-new-100:hover,
.f\\\\:bg-theme-primary-new-100:focus,
.f\\\\:bg-theme-primary-new-100:focus-within {
    background-color: var(--theme-primary-new-100) !important;
}

.fc-theme-primary-new-100,
.h\\\\:fc-theme-primary-new-100:hover,
.f\\\\:fc-theme-primary-new-100:focus,
.f\\\\:fc-theme-primary-new-100:focus-within {
    color: var(--theme-primary-new-100) !important;
}

@media (prefers-color-scheme: dark) {
    body.theme-system  .d\\\\:bg-theme-primary-new-100 {
        background-color: var(--theme-primary-new-100) !important;
    }

    body.theme-system  .d\\\\:fc-theme-primary-new-100 {
        color: var(--theme-primary-new-100) !important;
    }
}

body.theme-dark  .d\\\\:bg-theme-primary-new-100,
.theme-dark__forced  .d\\\\:bg-theme-primary-new-100,
body.theme-system .theme-dark__forced  .d\\\\:bg-theme-primary-new-100 {
    background-color: var(--theme-primary-new-100) !important;
}

body.theme-dark  .d\\\\:fc-theme-primary-new-100,
.theme-dark__forced  .d\\\\:fc-theme-primary-new-100,
body.theme-system .theme-dark__forced  .d\\\\:fc-theme-primary-new-100 {
    color: var(--theme-primary-new-100) !important;
}

.bc-theme-primary-new-200,
.h\\\\:bc-theme-primary-new-200:hover,
.f\\\\:bc-theme-primary-new-200:focus,
.f\\\\:bc-theme-primary-new-200:focus-within {
    border-color: var(--theme-primary-new-200) !important;
}

.bg-theme-primary-new-200,
.h\\\\:bg-theme-primary-new-200:hover,
.f\\\\:bg-theme-primary-new-200:focus,
.f\\\\:bg-theme-primary-new-200:focus-within {
    background-color: var(--theme-primary-new-200) !important;
}

.fc-theme-primary-new-200,
.h\\\\:fc-theme-primary-new-200:hover,
.f\\\\:fc-theme-primary-new-200:focus,
.f\\\\:fc-theme-primary-new-200:focus-within {
    color: var(--theme-primary-new-200) !important;
}

@media (prefers-color-scheme: dark) {
    body.theme-system  .d\\\\:bg-theme-primary-new-200 {
        background-color: var(--theme-primary-new-200) !important;
    }

    body.theme-system  .d\\\\:fc-theme-primary-new-200 {
        color: var(--theme-primary-new-200) !important;
    }
}

body.theme-dark  .d\\\\:bg-theme-primary-new-200,
.theme-dark__forced  .d\\\\:bg-theme-primary-new-200,
body.theme-system .theme-dark__forced  .d\\\\:bg-theme-primary-new-200 {
    background-color: var(--theme-primary-new-200) !important;
}

body.theme-dark  .d\\\\:fc-theme-primary-new-200,
.theme-dark__forced  .d\\\\:fc-theme-primary-new-200,
body.theme-system .theme-dark__forced  .d\\\\:fc-theme-primary-new-200 {
    color: var(--theme-primary-new-200) !important;
}

.bc-theme-primary-new-300,
.h\\\\:bc-theme-primary-new-300:hover,
.f\\\\:bc-theme-primary-new-300:focus,
.f\\\\:bc-theme-primary-new-300:focus-within {
    border-color: var(--theme-primary-new-300) !important;
}

.bg-theme-primary-new-300,
.h\\\\:bg-theme-primary-new-300:hover,
.f\\\\:bg-theme-primary-new-300:focus,
.f\\\\:bg-theme-primary-new-300:focus-within {
    background-color: var(--theme-primary-new-300) !important;
}

.fc-theme-primary-new-300,
.h\\\\:fc-theme-primary-new-300:hover,
.f\\\\:fc-theme-primary-new-300:focus,
.f\\\\:fc-theme-primary-new-300:focus-within {
    color: var(--theme-primary-new-300) !important;
}

@media (prefers-color-scheme: dark) {
    body.theme-system  .d\\\\:bg-theme-primary-new-300 {
        background-color: var(--theme-primary-new-300) !important;
    }

    body.theme-system  .d\\\\:fc-theme-primary-new-300 {
        color: var(--theme-primary-new-300) !important;
    }
}

body.theme-dark  .d\\\\:bg-theme-primary-new-300,
.theme-dark__forced  .d\\\\:bg-theme-primary-new-300,
body.theme-system .theme-dark__forced  .d\\\\:bg-theme-primary-new-300 {
    background-color: var(--theme-primary-new-300) !important;
}

body.theme-dark  .d\\\\:fc-theme-primary-new-300,
.theme-dark__forced  .d\\\\:fc-theme-primary-new-300,
body.theme-system .theme-dark__forced  .d\\\\:fc-theme-primary-new-300 {
    color: var(--theme-primary-new-300) !important;
}

.bc-theme-primary-new-400,
.h\\\\:bc-theme-primary-new-400:hover,
.f\\\\:bc-theme-primary-new-400:focus,
.f\\\\:bc-theme-primary-new-400:focus-within {
    border-color: var(--theme-primary-new-400) !important;
}

.bg-theme-primary-new-400,
.h\\\\:bg-theme-primary-new-400:hover,
.f\\\\:bg-theme-primary-new-400:focus,
.f\\\\:bg-theme-primary-new-400:focus-within {
    background-color: var(--theme-primary-new-400) !important;
}

.fc-theme-primary-new-400,
.h\\\\:fc-theme-primary-new-400:hover,
.f\\\\:fc-theme-primary-new-400:focus,
.f\\\\:fc-theme-primary-new-400:focus-within {
    color: var(--theme-primary-new-400) !important;
}

@media (prefers-color-scheme: dark) {
    body.theme-system  .d\\\\:bg-theme-primary-new-400 {
        background-color: var(--theme-primary-new-400) !important;
    }

    body.theme-system  .d\\\\:fc-theme-primary-new-400 {
        color: var(--theme-primary-new-400) !important;
    }
}

body.theme-dark  .d\\\\:bg-theme-primary-new-400,
.theme-dark__forced  .d\\\\:bg-theme-primary-new-400,
body.theme-system .theme-dark__forced  .d\\\\:bg-theme-primary-new-400 {
    background-color: var(--theme-primary-new-400) !important;
}

body.theme-dark  .d\\\\:fc-theme-primary-new-400,
.theme-dark__forced  .d\\\\:fc-theme-primary-new-400,
body.theme-system .theme-dark__forced  .d\\\\:fc-theme-primary-new-400 {
    color: var(--theme-primary-new-400) !important;
}

.bc-theme-primary-new-500,
.h\\\\:bc-theme-primary-new-500:hover,
.f\\\\:bc-theme-primary-new-500:focus,
.f\\\\:bc-theme-primary-new-500:focus-within {
    border-color: var(--theme-primary-new-500) !important;
}

.bg-theme-primary-new-500,
.h\\\\:bg-theme-primary-new-500:hover,
.f\\\\:bg-theme-primary-new-500:focus,
.f\\\\:bg-theme-primary-new-500:focus-within {
    background-color: var(--theme-primary-new-500) !important;
}

.fc-theme-primary-new-500,
.h\\\\:fc-theme-primary-new-500:hover,
.f\\\\:fc-theme-primary-new-500:focus,
.f\\\\:fc-theme-primary-new-500:focus-within {
    color: var(--theme-primary-new-500) !important;
}

@media (prefers-color-scheme: dark) {
    body.theme-system  .d\\\\:bg-theme-primary-new-500 {
        background-color: var(--theme-primary-new-500) !important;
    }

    body.theme-system  .d\\\\:fc-theme-primary-new-500 {
        color: var(--theme-primary-new-500) !important;
    }
}

body.theme-dark  .d\\\\:bg-theme-primary-new-500,
.theme-dark__forced  .d\\\\:bg-theme-primary-new-500,
body.theme-system .theme-dark__forced  .d\\\\:bg-theme-primary-new-500 {
    background-color: var(--theme-primary-new-500) !important;
}

body.theme-dark  .d\\\\:fc-theme-primary-new-500,
.theme-dark__forced  .d\\\\:fc-theme-primary-new-500,
body.theme-system .theme-dark__forced  .d\\\\:fc-theme-primary-new-500 {
    color: var(--theme-primary-new-500) !important;
}

.bc-theme-primary-new-600,
.h\\\\:bc-theme-primary-new-600:hover,
.f\\\\:bc-theme-primary-new-600:focus,
.f\\\\:bc-theme-primary-new-600:focus-within {
    border-color: var(--theme-primary-new-600) !important;
}

.bg-theme-primary-new-600,
.h\\\\:bg-theme-primary-new-600:hover,
.f\\\\:bg-theme-primary-new-600:focus,
.f\\\\:bg-theme-primary-new-600:focus-within {
    background-color: var(--theme-primary-new-600) !important;
}

.fc-theme-primary-new-600,
.h\\\\:fc-theme-primary-new-600:hover,
.f\\\\:fc-theme-primary-new-600:focus,
.f\\\\:fc-theme-primary-new-600:focus-within {
    color: var(--theme-primary-new-600) !important;
}

@media (prefers-color-scheme: dark) {
    body.theme-system  .d\\\\:bg-theme-primary-new-600 {
        background-color: var(--theme-primary-new-600) !important;
    }

    body.theme-system  .d\\\\:fc-theme-primary-new-600 {
        color: var(--theme-primary-new-600) !important;
    }
}

body.theme-dark  .d\\\\:bg-theme-primary-new-600,
.theme-dark__forced  .d\\\\:bg-theme-primary-new-600,
body.theme-system .theme-dark__forced  .d\\\\:bg-theme-primary-new-600 {
    background-color: var(--theme-primary-new-600) !important;
}

body.theme-dark  .d\\\\:fc-theme-primary-new-600,
.theme-dark__forced  .d\\\\:fc-theme-primary-new-600,
body.theme-system .theme-dark__forced  .d\\\\:fc-theme-primary-new-600 {
    color: var(--theme-primary-new-600) !important;
}

.bc-theme-secondary-new,
.h\\\\:bc-theme-secondary-new:hover,
.f\\\\:bc-theme-secondary-new:focus,
.f\\\\:bc-theme-secondary-new:focus-within {
    border-color: var(--theme-secondary-new) !important;
}

.bg-theme-secondary-new,
.h\\\\:bg-theme-secondary-new:hover,
.f\\\\:bg-theme-secondary-new:focus,
.f\\\\:bg-theme-secondary-new:focus-within {
    background-color: var(--theme-secondary-new) !important;
}

.fc-theme-secondary-new,
.h\\\\:fc-theme-secondary-new:hover,
.f\\\\:fc-theme-secondary-new:focus,
.f\\\\:fc-theme-secondary-new:focus-within {
    color: var(--theme-secondary-new) !important;
}

@media (prefers-color-scheme: dark) {
    body.theme-system  .d\\\\:bg-theme-secondary-new {
        background-color: var(--theme-secondary-new) !important;
    }

    body.theme-system  .d\\\\:fc-theme-secondary-new {
        color: var(--theme-secondary-new) !important;
    }
}

body.theme-dark  .d\\\\:bg-theme-secondary-new,
.theme-dark__forced  .d\\\\:bg-theme-secondary-new,
body.theme-system .theme-dark__forced  .d\\\\:bg-theme-secondary-new {
    background-color: var(--theme-secondary-new) !important;
}

body.theme-dark  .d\\\\:fc-theme-secondary-new,
.theme-dark__forced  .d\\\\:fc-theme-secondary-new,
body.theme-system .theme-dark__forced  .d\\\\:fc-theme-secondary-new {
    color: var(--theme-secondary-new) !important;
}

.bc-theme-secondary-new-100,
.h\\\\:bc-theme-secondary-new-100:hover,
.f\\\\:bc-theme-secondary-new-100:focus,
.f\\\\:bc-theme-secondary-new-100:focus-within {
    border-color: var(--theme-secondary-new-100) !important;
}

.bg-theme-secondary-new-100,
.h\\\\:bg-theme-secondary-new-100:hover,
.f\\\\:bg-theme-secondary-new-100:focus,
.f\\\\:bg-theme-secondary-new-100:focus-within {
    background-color: var(--theme-secondary-new-100) !important;
}

.fc-theme-secondary-new-100,
.h\\\\:fc-theme-secondary-new-100:hover,
.f\\\\:fc-theme-secondary-new-100:focus,
.f\\\\:fc-theme-secondary-new-100:focus-within {
    color: var(--theme-secondary-new-100) !important;
}

@media (prefers-color-scheme: dark) {
    body.theme-system  .d\\\\:bg-theme-secondary-new-100 {
        background-color: var(--theme-secondary-new-100) !important;
    }

    body.theme-system  .d\\\\:fc-theme-secondary-new-100 {
        color: var(--theme-secondary-new-100) !important;
    }
}

body.theme-dark  .d\\\\:bg-theme-secondary-new-100,
.theme-dark__forced  .d\\\\:bg-theme-secondary-new-100,
body.theme-system .theme-dark__forced  .d\\\\:bg-theme-secondary-new-100 {
    background-color: var(--theme-secondary-new-100) !important;
}

body.theme-dark  .d\\\\:fc-theme-secondary-new-100,
.theme-dark__forced  .d\\\\:fc-theme-secondary-new-100,
body.theme-system .theme-dark__forced  .d\\\\:fc-theme-secondary-new-100 {
    color: var(--theme-secondary-new-100) !important;
}

.bc-theme-secondary-new-200,
.h\\\\:bc-theme-secondary-new-200:hover,
.f\\\\:bc-theme-secondary-new-200:focus,
.f\\\\:bc-theme-secondary-new-200:focus-within {
    border-color: var(--theme-secondary-new-200) !important;
}

.bg-theme-secondary-new-200,
.h\\\\:bg-theme-secondary-new-200:hover,
.f\\\\:bg-theme-secondary-new-200:focus,
.f\\\\:bg-theme-secondary-new-200:focus-within {
    background-color: var(--theme-secondary-new-200) !important;
}

.fc-theme-secondary-new-200,
.h\\\\:fc-theme-secondary-new-200:hover,
.f\\\\:fc-theme-secondary-new-200:focus,
.f\\\\:fc-theme-secondary-new-200:focus-within {
    color: var(--theme-secondary-new-200) !important;
}

@media (prefers-color-scheme: dark) {
    body.theme-system  .d\\\\:bg-theme-secondary-new-200 {
        background-color: var(--theme-secondary-new-200) !important;
    }

    body.theme-system  .d\\\\:fc-theme-secondary-new-200 {
        color: var(--theme-secondary-new-200) !important;
    }
}

body.theme-dark  .d\\\\:bg-theme-secondary-new-200,
.theme-dark__forced  .d\\\\:bg-theme-secondary-new-200,
body.theme-system .theme-dark__forced  .d\\\\:bg-theme-secondary-new-200 {
    background-color: var(--theme-secondary-new-200) !important;
}

body.theme-dark  .d\\\\:fc-theme-secondary-new-200,
.theme-dark__forced  .d\\\\:fc-theme-secondary-new-200,
body.theme-system .theme-dark__forced  .d\\\\:fc-theme-secondary-new-200 {
    color: var(--theme-secondary-new-200) !important;
}

.bc-theme-secondary-new-300,
.h\\\\:bc-theme-secondary-new-300:hover,
.f\\\\:bc-theme-secondary-new-300:focus,
.f\\\\:bc-theme-secondary-new-300:focus-within {
    border-color: var(--theme-secondary-new-300) !important;
}

.bg-theme-secondary-new-300,
.h\\\\:bg-theme-secondary-new-300:hover,
.f\\\\:bg-theme-secondary-new-300:focus,
.f\\\\:bg-theme-secondary-new-300:focus-within {
    background-color: var(--theme-secondary-new-300) !important;
}

.fc-theme-secondary-new-300,
.h\\\\:fc-theme-secondary-new-300:hover,
.f\\\\:fc-theme-secondary-new-300:focus,
.f\\\\:fc-theme-secondary-new-300:focus-within {
    color: var(--theme-secondary-new-300) !important;
}

@media (prefers-color-scheme: dark) {
    body.theme-system  .d\\\\:bg-theme-secondary-new-300 {
        background-color: var(--theme-secondary-new-300) !important;
    }

    body.theme-system  .d\\\\:fc-theme-secondary-new-300 {
        color: var(--theme-secondary-new-300) !important;
    }
}

body.theme-dark  .d\\\\:bg-theme-secondary-new-300,
.theme-dark__forced  .d\\\\:bg-theme-secondary-new-300,
body.theme-system .theme-dark__forced  .d\\\\:bg-theme-secondary-new-300 {
    background-color: var(--theme-secondary-new-300) !important;
}

body.theme-dark  .d\\\\:fc-theme-secondary-new-300,
.theme-dark__forced  .d\\\\:fc-theme-secondary-new-300,
body.theme-system .theme-dark__forced  .d\\\\:fc-theme-secondary-new-300 {
    color: var(--theme-secondary-new-300) !important;
}

.bc-theme-secondary-new-400,
.h\\\\:bc-theme-secondary-new-400:hover,
.f\\\\:bc-theme-secondary-new-400:focus,
.f\\\\:bc-theme-secondary-new-400:focus-within {
    border-color: var(--theme-secondary-new-400) !important;
}

.bg-theme-secondary-new-400,
.h\\\\:bg-theme-secondary-new-400:hover,
.f\\\\:bg-theme-secondary-new-400:focus,
.f\\\\:bg-theme-secondary-new-400:focus-within {
    background-color: var(--theme-secondary-new-400) !important;
}

.fc-theme-secondary-new-400,
.h\\\\:fc-theme-secondary-new-400:hover,
.f\\\\:fc-theme-secondary-new-400:focus,
.f\\\\:fc-theme-secondary-new-400:focus-within {
    color: var(--theme-secondary-new-400) !important;
}

@media (prefers-color-scheme: dark) {
    body.theme-system  .d\\\\:bg-theme-secondary-new-400 {
        background-color: var(--theme-secondary-new-400) !important;
    }

    body.theme-system  .d\\\\:fc-theme-secondary-new-400 {
        color: var(--theme-secondary-new-400) !important;
    }
}

body.theme-dark  .d\\\\:bg-theme-secondary-new-400,
.theme-dark__forced  .d\\\\:bg-theme-secondary-new-400,
body.theme-system .theme-dark__forced  .d\\\\:bg-theme-secondary-new-400 {
    background-color: var(--theme-secondary-new-400) !important;
}

body.theme-dark  .d\\\\:fc-theme-secondary-new-400,
.theme-dark__forced  .d\\\\:fc-theme-secondary-new-400,
body.theme-system .theme-dark__forced  .d\\\\:fc-theme-secondary-new-400 {
    color: var(--theme-secondary-new-400) !important;
}

.bc-theme-secondary-new-500,
.h\\\\:bc-theme-secondary-new-500:hover,
.f\\\\:bc-theme-secondary-new-500:focus,
.f\\\\:bc-theme-secondary-new-500:focus-within {
    border-color: var(--theme-secondary-new-500) !important;
}

.bg-theme-secondary-new-500,
.h\\\\:bg-theme-secondary-new-500:hover,
.f\\\\:bg-theme-secondary-new-500:focus,
.f\\\\:bg-theme-secondary-new-500:focus-within {
    background-color: var(--theme-secondary-new-500) !important;
}

.fc-theme-secondary-new-500,
.h\\\\:fc-theme-secondary-new-500:hover,
.f\\\\:fc-theme-secondary-new-500:focus,
.f\\\\:fc-theme-secondary-new-500:focus-within {
    color: var(--theme-secondary-new-500) !important;
}

@media (prefers-color-scheme: dark) {
    body.theme-system  .d\\\\:bg-theme-secondary-new-500 {
        background-color: var(--theme-secondary-new-500) !important;
    }

    body.theme-system  .d\\\\:fc-theme-secondary-new-500 {
        color: var(--theme-secondary-new-500) !important;
    }
}

body.theme-dark  .d\\\\:bg-theme-secondary-new-500,
.theme-dark__forced  .d\\\\:bg-theme-secondary-new-500,
body.theme-system .theme-dark__forced  .d\\\\:bg-theme-secondary-new-500 {
    background-color: var(--theme-secondary-new-500) !important;
}

body.theme-dark  .d\\\\:fc-theme-secondary-new-500,
.theme-dark__forced  .d\\\\:fc-theme-secondary-new-500,
body.theme-system .theme-dark__forced  .d\\\\:fc-theme-secondary-new-500 {
    color: var(--theme-secondary-new-500) !important;
}

.bc-theme-secondary-new-600,
.h\\\\:bc-theme-secondary-new-600:hover,
.f\\\\:bc-theme-secondary-new-600:focus,
.f\\\\:bc-theme-secondary-new-600:focus-within {
    border-color: var(--theme-secondary-new-600) !important;
}

.bg-theme-secondary-new-600,
.h\\\\:bg-theme-secondary-new-600:hover,
.f\\\\:bg-theme-secondary-new-600:focus,
.f\\\\:bg-theme-secondary-new-600:focus-within {
    background-color: var(--theme-secondary-new-600) !important;
}

.fc-theme-secondary-new-600,
.h\\\\:fc-theme-secondary-new-600:hover,
.f\\\\:fc-theme-secondary-new-600:focus,
.f\\\\:fc-theme-secondary-new-600:focus-within {
    color: var(--theme-secondary-new-600) !important;
}

@media (prefers-color-scheme: dark) {
    body.theme-system  .d\\\\:bg-theme-secondary-new-600 {
        background-color: var(--theme-secondary-new-600) !important;
    }

    body.theme-system  .d\\\\:fc-theme-secondary-new-600 {
        color: var(--theme-secondary-new-600) !important;
    }
}

body.theme-dark  .d\\\\:bg-theme-secondary-new-600,
.theme-dark__forced  .d\\\\:bg-theme-secondary-new-600,
body.theme-system .theme-dark__forced  .d\\\\:bg-theme-secondary-new-600 {
    background-color: var(--theme-secondary-new-600) !important;
}

body.theme-dark  .d\\\\:fc-theme-secondary-new-600,
.theme-dark__forced  .d\\\\:fc-theme-secondary-new-600,
body.theme-system .theme-dark__forced  .d\\\\:fc-theme-secondary-new-600 {
    color: var(--theme-secondary-new-600) !important;
}

.bg-new-error {
    background-color: var(--bg-new-error) !important;
}

.bg-new-danger {
    background-color: var(--bg-new-danger) !important;
}

.bg-new-success {
    background-color: var(--bg-new-success) !important;
}

.bg-new-warning {
    background-color: var(--bg-new-warning) !important;
}

.fc-new-light {
    color: var(--fc-new-light) !important;
}

.fc-new-medium {
    color: var(--fc-new-medium) !important;
}

.fc-new-dark {
    color: var(--fc-new-dark) !important;
}

.fc-new-error {
    color: var(--fc-new-error) !important;
}

.fc-new-danger {
    color: var(--fc-new-danger) !important;
}

.fc-new-success {
    color: var(--fc-new-success) !important;
}

.fc-new-warning {
    color: var(--fc-new-warning) !important;
}
"
`;
